Jan 11 18:02:27 willLaptopUbuntu kernel: [179320.607709] cfg80211: Calling CRDA to update world regulatory domain
Jan 11 18:02:27 willLaptopUbuntu kernel: [179320.666661] cfg80211: World regulatory domain updated:
Jan 11 18:02:27 willLaptopUbuntu kernel: [179320.666664] cfg80211:   (start_freq - end_freq @ bandwidth), (max_antenna_gain, max_eirp)
Jan 11 18:02:27 willLaptopUbuntu kernel: [179320.666666] cfg80211:   (2402000 KHz - 2472000 KHz @ 40000 KHz), (300 mBi, 2000 mBm)
Jan 11 18:02:27 willLaptopUbuntu kernel: [179320.666667] cfg80211:   (2457000 KHz - 2482000 KHz @ 40000 KHz), (300 mBi, 2000 mBm)
Jan 11 18:02:27 willLaptopUbuntu kernel: [179320.666668] cfg80211:   (2474000 KHz - 2494000 KHz @ 20000 KHz), (300 mBi, 2000 mBm)
Jan 11 18:02:27 willLaptopUbuntu kernel: [179320.666670] cfg80211:   (5170000 KHz - 5250000 KHz @ 40000 KHz), (300 mBi, 2000 mBm)
Jan 11 18:02:27 willLaptopUbuntu kernel: [179320.666671] cfg80211:   (5735000 KHz - 5835000 KHz @ 40000 KHz), (300 mBi, 2000 mBm)
Jan 11 18:02:28 willLaptopUbuntu kernel: [179321.690237] wlan0: authenticate with c4:04:15:41:4c:80
Jan 11 18:02:28 willLaptopUbuntu kernel: [179321.713156] wlan0: send auth to c4:04:15:41:4c:80 (try 1/3)
Jan 11 18:02:28 willLaptopUbuntu kernel: [179321.852165] wlan0: send auth to c4:04:15:41:4c:80 (try 2/3)
Jan 11 18:02:28 willLaptopUbuntu kernel: [179321.965912] wlan0: send auth to c4:04:15:41:4c:80 (try 3/3)
Jan 11 18:02:28 willLaptopUbuntu kernel: [179322.115450] wlan0: authentication with c4:04:15:41:4c:80 timed out
Jan 11 18:02:42 willLaptopUbuntu kernel: [179336.033435] IPv6: ADDRCONF(NETDEV_UP): wlan0: link is not ready
Jan 11 18:04:26 willLaptopUbuntu kernel: [179439.854123] wlan0: authenticate with c4:04:15:41:4c:80
Jan 11 18:04:26 willLaptopUbuntu kernel: [179439.871700] wlan0: send auth to c4:04:15:41:4c:80 (try 1/3)
Jan 11 18:04:26 willLaptopUbuntu kernel: [179439.874538] wlan0: authenticated
Jan 11 18:04:26 willLaptopUbuntu kernel: [179439.877501] wlan0: associate with c4:04:15:41:4c:80 (try 1/3)
Jan 11 18:04:26 willLaptopUbuntu kernel: [179439.881428] wlan0: RX AssocResp from c4:04:15:41:4c:80 (capab=0x411 status=0 aid=3)
Jan 11 18:04:26 willLaptopUbuntu kernel: [179439.881579] wlan0: associated
Jan 11 18:04:26 willLaptopUbuntu kernel: [179439.881706] IPv6: ADDRCONF(NETDEV_CHANGE): wlan0: link becomes ready
Jan 12 03:31:59 willLaptopUbuntu kernel: [213521.704290] cfg80211: Calling CRDA to update world regulatory domain
Jan 12 03:31:59 willLaptopUbuntu kernel: [213521.709878] cfg80211: World regulatory domain updated:
Jan 12 03:31:59 willLaptopUbuntu kernel: [213521.709882] cfg80211:   (start_freq - end_freq @ bandwidth), (max_antenna_gain, max_eirp)
Jan 12 03:31:59 willLaptopUbuntu kernel: [213521.709883] cfg80211:   (2402000 KHz - 2472000 KHz @ 40000 KHz), (300 mBi, 2000 mBm)
Jan 12 03:31:59 willLaptopUbuntu kernel: [213521.709885] cfg80211:   (2457000 KHz - 2482000 KHz @ 40000 KHz), (300 mBi, 2000 mBm)
Jan 12 03:31:59 willLaptopUbuntu kernel: [213521.709886] cfg80211:   (2474000 KHz - 2494000 KHz @ 20000 KHz), (300 mBi, 2000 mBm)
Jan 12 03:31:59 willLaptopUbuntu kernel: [213521.709887] cfg80211:   (5170000 KHz - 5250000 KHz @ 40000 KHz), (300 mBi, 2000 mBm)
Jan 12 03:31:59 willLaptopUbuntu kernel: [213521.709888] cfg80211:   (5735000 KHz - 5835000 KHz @ 40000 KHz), (300 mBi, 2000 mBm)
Jan 12 03:32:12 willLaptopUbuntu kernel: [213534.677417] wlan0: authenticate with c4:04:15:41:4c:80
Jan 12 03:32:12 willLaptopUbuntu kernel: [213534.698412] wlan0: send auth to c4:04:15:41:4c:80 (try 1/3)
Jan 12 03:32:12 willLaptopUbuntu kernel: [213534.700372] wlan0: authenticated
Jan 12 03:32:12 willLaptopUbuntu kernel: [213534.703165] wlan0: associate with c4:04:15:41:4c:80 (try 1/3)
Jan 12 03:32:12 willLaptopUbuntu kernel: [213534.707072] wlan0: RX AssocResp from c4:04:15:41:4c:80 (capab=0x411 status=0 aid=3)
Jan 12 03:32:12 willLaptopUbuntu kernel: [213534.707195] wlan0: associated
Jan 12 07:35:04 willLaptopUbuntu kernel: [228119.020942] type=1400 audit(1452602104.068:83): apparmor="STATUS" operation="profile_replace" profile="unconfined" name="/usr/lib/cups/backend/cups-pdf" pid=19670 comm="apparmor_parser"
Jan 12 07:35:04 willLaptopUbuntu kernel: [228119.020951] type=1400 audit(1452602104.068:84): apparmor="STATUS" operation="profile_replace" profile="unconfined" name="/usr/sbin/cupsd" pid=19670 comm="apparmor_parser"
Jan 12 07:35:04 willLaptopUbuntu kernel: [228119.021520] type=1400 audit(1452602104.068:85): apparmor="STATUS" operation="profile_replace" profile="unconfined" name="/usr/sbin/cupsd" pid=19670 comm="apparmor_parser"
Jan 12 15:03:06 willLaptopUbuntu kernel: [    0.000000] Initializing cgroup subsys cpuset
Jan 12 15:03:06 willLaptopUbuntu kernel: [    0.000000] Initializing cgroup subsys cpu
Jan 12 15:03:06 willLaptopUbuntu kernel: [    0.000000] Initializing cgroup subsys cpuacct
Jan 12 15:03:06 willLaptopUbuntu kernel: [    0.000000] Linux version 3.13.0-73-generic (buildd@lgw01-13) (gcc version 4.8.2 (Ubuntu 4.8.2-19ubuntu1) ) #116-Ubuntu SMP Fri Dec 4 15:31:30 UTC 2015 (Ubuntu 3.13.0-73.116-generic 3.13.11-ckt30)
Jan 12 15:03:06 willLaptopUbuntu kernel: [    0.000000] Command line: BOOT_IMAGE=/boot/vmlinuz-3.13.0-73-generic root=UUID=034061ad-a500-47e6-b5d8-6b60c3e88c54 ro quiet splash vt.handoff=7
Jan 12 15:03:06 willLaptopUbuntu kernel: [    0.000000] KERNEL supported cpus:
Jan 12 15:03:06 willLaptopUbuntu kernel: [    0.000000]   Intel GenuineIntel
Jan 12 15:03:06 willLaptopUbuntu kernel: [    0.000000]   AMD AuthenticAMD
Jan 12 15:03:06 willLaptopUbuntu kernel: [    0.000000]   Centaur CentaurHauls
Jan 12 15:03:06 willLaptopUbuntu kernel: [    0.000000] e820: BIOS-provided physical RAM map:
Jan 12 15:03:06 willLaptopUbuntu kernel: [    0.000000] BIOS-e820: [mem 0x0000000000000000-0x000000000009e7ff] usable
Jan 12 15:03:06 willLaptopUbuntu kernel: [    0.000000] BIOS-e820: [mem 0x000000000009e800-0x000000000009ffff] reserved
Jan 12 15:03:06 willLaptopUbuntu kernel: [    0.000000] BIOS-e820: [mem 0x00000000000e0000-0x00000000000fffff] reserved
Jan 12 15:03:06 willLaptopUbuntu kernel: [    0.000000] BIOS-e820: [mem 0x0000000000100000-0x000000001fffffff] usable
Jan 12 15:03:06 willLaptopUbuntu kernel: [    0.000000] BIOS-e820: [mem 0x0000000020000000-0x00000000201fffff] reserved
Jan 12 15:03:06 willLaptopUbuntu kernel: [    0.000000] BIOS-e820: [mem 0x0000000020200000-0x000000003fffffff] usable
Jan 12 15:03:06 willLaptopUbuntu kernel: [    0.000000] BIOS-e820: [mem 0x0000000040000000-0x00000000401fffff] reserved
Jan 12 15:03:06 willLaptopUbuntu kernel: [    0.000000] BIOS-e820: [mem 0x0000000040200000-0x00000000b2d20fff] usable
Jan 12 15:03:06 willLaptopUbuntu kernel: [    0.000000] BIOS-e820: [mem 0x00000000b2d21000-0x00000000b2d8dfff] reserved
Jan 12 15:03:06 willLaptopUbuntu kernel: [    0.000000] BIOS-e820: [mem 0x00000000b2d8e000-0x00000000b2d94fff] usable
Jan 12 15:03:06 willLaptopUbuntu kernel: [    0.000000] BIOS-e820: [mem 0x00000000b2d95000-0x00000000b2d95fff] reserved
Jan 12 15:03:06 willLaptopUbuntu kernel: [    0.000000] BIOS-e820: [mem 0x00000000b2d96000-0x00000000b2d96fff] usable
Jan 12 15:03:06 willLaptopUbuntu kernel: [    0.000000] BIOS-e820: [mem 0x00000000b2d97000-0x00000000b2db7fff] reserved
Jan 12 15:03:06 willLaptopUbuntu kernel: [    0.000000] BIOS-e820: [mem 0x00000000b2db8000-0x00000000b2dc5fff] usable
Jan 12 15:03:06 willLaptopUbuntu kernel: [    0.000000] BIOS-e820: [mem 0x00000000b2dc6000-0x00000000b2de7fff] reserved
Jan 12 15:03:06 willLaptopUbuntu kernel: [    0.000000] BIOS-e820: [mem 0x00000000b2de8000-0x00000000b2f35fff] usable
Jan 12 15:03:06 willLaptopUbuntu kernel: [    0.000000] BIOS-e820: [mem 0x00000000b2f36000-0x00000000b2fe7fff] ACPI NVS
Jan 12 15:03:06 willLaptopUbuntu kernel: [    0.000000] BIOS-e820: [mem 0x00000000b2fe8000-0x00000000b2ffcfff] usable
Jan 12 15:03:06 willLaptopUbuntu kernel: [    0.000000] BIOS-e820: [mem 0x00000000b2ffd000-0x00000000b2ffffff] ACPI data
Jan 12 15:03:06 willLaptopUbuntu kernel: [    0.000000] BIOS-e820: [mem 0x00000000b3000000-0x00000000bfffffff] reserved
Jan 12 15:03:06 willLaptopUbuntu kernel: [    0.000000] BIOS-e820: [mem 0x00000000e0000000-0x00000000e3ffffff] reserved
Jan 12 15:03:06 willLaptopUbuntu kernel: [    0.000000] BIOS-e820: [mem 0x00000000fec00000-0x00000000fec00fff] reserved
Jan 12 15:03:06 willLaptopUbuntu kernel: [    0.000000] BIOS-e820: [mem 0x00000000fed10000-0x00000000fed13fff] reserved
Jan 12 15:03:06 willLaptopUbuntu kernel: [    0.000000] BIOS-e820: [mem 0x00000000fed18000-0x00000000fed19fff] reserved
Jan 12 15:03:06 willLaptopUbuntu kernel: [    0.000000] BIOS-e820: [mem 0x00000000fed1c000-0x00000000fed1ffff] reserved
Jan 12 15:03:06 willLaptopUbuntu kernel: [    0.000000] BIOS-e820: [mem 0x00000000fee00000-0x00000000fee00fff] reserved
Jan 12 15:03:06 willLaptopUbuntu kernel: [    0.000000] BIOS-e820: [mem 0x00000000ff980000-0x00000000ffbfffff] reserved
Jan 12 15:03:06 willLaptopUbuntu kernel: [    0.000000] BIOS-e820: [mem 0x00000000ffd80000-0x00000000ffffffff] reserved
Jan 12 15:03:06 willLaptopUbuntu kernel: [    0.000000] BIOS-e820: [mem 0x0000000100000000-0x000000013f7fffff] usable
Jan 12 15:03:06 willLaptopUbuntu kernel: [    0.000000] NX (Execute Disable) protection: active
Jan 12 15:03:06 willLaptopUbuntu kernel: [    0.000000] SMBIOS 2.6 present.
Jan 12 15:03:06 willLaptopUbuntu kernel: [    0.000000] DMI: ASUSTeK Computer Inc. K53E/K53E, BIOS K53E.214 08/18/2011
Jan 12 15:03:06 willLaptopUbuntu kernel: [    0.000000] e820: update [mem 0x00000000-0x00000fff] usable ==> reserved
Jan 12 15:03:06 willLaptopUbuntu kernel: [    0.000000] e820: remove [mem 0x000a0000-0x000fffff] usable
Jan 12 15:03:06 willLaptopUbuntu kernel: [    0.000000] No AGP bridge found
Jan 12 15:03:06 willLaptopUbuntu kernel: [    0.000000] e820: last_pfn = 0x13f800 max_arch_pfn = 0x400000000
Jan 12 15:03:06 willLaptopUbuntu kernel: [    0.000000] MTRR default type: uncachable
Jan 12 15:03:06 willLaptopUbuntu kernel: [    0.000000] MTRR fixed ranges enabled:
Jan 12 15:03:06 willLaptopUbuntu kernel: [    0.000000]   00000-9FFFF write-back
Jan 12 15:03:06 willLaptopUbuntu kernel: [    0.000000]   A0000-BFFFF uncachable
Jan 12 15:03:06 willLaptopUbuntu kernel: [    0.000000]   C0000-CFFFF write-protect
Jan 12 15:03:06 willLaptopUbuntu kernel: [    0.000000]   D0000-E7FFF uncachable
Jan 12 15:03:06 willLaptopUbuntu kernel: [    0.000000]   E8000-FFFFF write-protect
Jan 12 15:03:06 willLaptopUbuntu kernel: [    0.000000] MTRR variable ranges enabled:
Jan 12 15:03:06 willLaptopUbuntu kernel: [    0.000000]   0 base 000000000 mask F80000000 write-back
Jan 12 15:03:06 willLaptopUbuntu kernel: [    0.000000]   1 base 080000000 mask FC0000000 write-back
Jan 12 15:03:06 willLaptopUbuntu kernel: [    0.000000]   2 base 0B8000000 mask FF8000000 uncachable
Jan 12 15:03:06 willLaptopUbuntu kernel: [    0.000000]   3 base 0B4000000 mask FFC000000 uncachable
Jan 12 15:03:06 willLaptopUbuntu kernel: [    0.000000]   4 base 0B3000000 mask FFF000000 uncachable
Jan 12 15:03:06 willLaptopUbuntu kernel: [    0.000000]   5 base 100000000 mask FC0000000 write-back
Jan 12 15:03:06 willLaptopUbuntu kernel: [    0.000000]   6 base 13F800000 mask FFF800000 uncachable
Jan 12 15:03:06 willLaptopUbuntu kernel: [    0.000000]   7 base 0FFC00000 mask FFFC00000 write-protect
Jan 12 15:03:06 willLaptopUbuntu kernel: [    0.000000]   8 disabled
Jan 12 15:03:06 willLaptopUbuntu kernel: [    0.000000]   9 disabled
Jan 12 15:03:06 willLaptopUbuntu kernel: [    0.000000] x86 PAT enabled: cpu 0, old 0x7040600070406, new 0x7010600070106
Jan 12 15:03:06 willLaptopUbuntu kernel: [    0.000000] e820: last_pfn = 0xb2ffd max_arch_pfn = 0x400000000
Jan 12 15:03:06 willLaptopUbuntu kernel: [    0.000000] found SMP MP-table at [mem 0x000fcbe0-0x000fcbef] mapped at [ffff8800000fcbe0]
Jan 12 15:03:06 willLaptopUbuntu kernel: [    0.000000] Scanning 1 areas for low memory corruption
Jan 12 15:03:06 willLaptopUbuntu kernel: [    0.000000] Base memory trampoline at [ffff880000098000] 98000 size 24576
Jan 12 15:03:06 willLaptopUbuntu kernel: [    0.000000] reserving inaccessible SNB gfx pages
Jan 12 15:03:06 willLaptopUbuntu kernel: [    0.000000] init_memory_mapping: [mem 0x00000000-0x000fffff]
Jan 12 15:03:06 willLaptopUbuntu kernel: [    0.000000]  [mem 0x00000000-0x000fffff] page 4k
Jan 12 15:03:06 willLaptopUbuntu kernel: [    0.000000] BRK [0x01fe2000, 0x01fe2fff] PGTABLE
Jan 12 15:03:06 willLaptopUbuntu kernel: [    0.000000] BRK [0x01fe3000, 0x01fe3fff] PGTABLE
Jan 12 15:03:06 willLaptopUbuntu kernel: [    0.000000] BRK [0x01fe4000, 0x01fe4fff] PGTABLE
Jan 12 15:03:06 willLaptopUbuntu kernel: [    0.000000] init_memory_mapping: [mem 0x13f600000-0x13f7fffff]
Jan 12 15:03:06 willLaptopUbuntu kernel: [    0.000000]  [mem 0x13f600000-0x13f7fffff] page 2M
Jan 12 15:03:06 willLaptopUbuntu kernel: [    0.000000] BRK [0x01fe5000, 0x01fe5fff] PGTABLE
Jan 12 15:03:06 willLaptopUbuntu kernel: [    0.000000] init_memory_mapping: [mem 0x13c000000-0x13f5fffff]
Jan 12 15:03:06 willLaptopUbuntu kernel: [    0.000000]  [mem 0x13c000000-0x13f5fffff] page 2M
Jan 12 15:03:06 willLaptopUbuntu kernel: [    0.000000] init_memory_mapping: [mem 0x100000000-0x13bffffff]
Jan 12 15:03:06 willLaptopUbuntu kernel: [    0.000000]  [mem 0x100000000-0x13bffffff] page 2M
Jan 12 15:03:06 willLaptopUbuntu kernel: [    0.000000] init_memory_mapping: [mem 0x00100000-0x1fffffff]
Jan 12 15:03:06 willLaptopUbuntu kernel: [    0.000000]  [mem 0x00100000-0x001fffff] page 4k
Jan 12 15:03:06 willLaptopUbuntu kernel: [    0.000000]  [mem 0x00200000-0x1fffffff] page 2M
Jan 12 15:03:06 willLaptopUbuntu kernel: [    0.000000] init_memory_mapping: [mem 0x20200000-0x3fffffff]
Jan 12 15:03:06 willLaptopUbuntu kernel: [    0.000000]  [mem 0x20200000-0x3fffffff] page 2M
Jan 12 15:03:06 willLaptopUbuntu kernel: [    0.000000] init_memory_mapping: [mem 0x40200000-0xb2d20fff]
Jan 12 15:03:06 willLaptopUbuntu kernel: [    0.000000]  [mem 0x40200000-0xb2bfffff] page 2M
Jan 12 15:03:06 willLaptopUbuntu kernel: [    0.000000]  [mem 0xb2c00000-0xb2d20fff] page 4k
Jan 12 15:03:06 willLaptopUbuntu kernel: [    0.000000] BRK [0x01fe6000, 0x01fe6fff] PGTABLE
Jan 12 15:03:06 willLaptopUbuntu kernel: [    0.000000] BRK [0x01fe7000, 0x01fe7fff] PGTABLE
Jan 12 15:03:06 willLaptopUbuntu kernel: [    0.000000] init_memory_mapping: [mem 0xb2d8e000-0xb2d94fff]
Jan 12 15:03:06 willLaptopUbuntu kernel: [    0.000000]  [mem 0xb2d8e000-0xb2d94fff] page 4k
Jan 12 15:03:06 willLaptopUbuntu kernel: [    0.000000] init_memory_mapping: [mem 0xb2d96000-0xb2d96fff]
Jan 12 15:03:06 willLaptopUbuntu kernel: [    0.000000]  [mem 0xb2d96000-0xb2d96fff] page 4k
Jan 12 15:03:06 willLaptopUbuntu kernel: [    0.000000] init_memory_mapping: [mem 0xb2db8000-0xb2dc5fff]
Jan 12 15:03:06 willLaptopUbuntu kernel: [    0.000000]  [mem 0xb2db8000-0xb2dc5fff] page 4k
Jan 12 15:03:06 willLaptopUbuntu kernel: [    0.000000] init_memory_mapping: [mem 0xb2de8000-0xb2f35fff]
Jan 12 15:03:06 willLaptopUbuntu kernel: [    0.000000]  [mem 0xb2de8000-0xb2f35fff] page 4k
Jan 12 15:03:06 willLaptopUbuntu kernel: [    0.000000] init_memory_mapping: [mem 0xb2fe8000-0xb2ffcfff]
Jan 12 15:03:06 willLaptopUbuntu kernel: [    0.000000]  [mem 0xb2fe8000-0xb2ffcfff] page 4k
Jan 12 15:03:06 willLaptopUbuntu kernel: [    0.000000] RAMDISK: [mem 0x35b52000-0x36da0fff]
Jan 12 15:03:06 willLaptopUbuntu kernel: [    0.000000] ACPI: RSDP 00000000000f0430 000024 (v02 _ASUS_)
Jan 12 15:03:06 willLaptopUbuntu kernel: [    0.000000] ACPI: XSDT 00000000b2ffee18 000074 (v01 _ASUS_ Notebook 06222004 MSFT 00010013)
Jan 12 15:03:06 willLaptopUbuntu kernel: [    0.000000] ACPI: FACP 00000000b2f9ad98 0000F4 (v04 _ASUS_ Notebook 06222004 MSFT 00010013)
Jan 12 15:03:06 willLaptopUbuntu kernel: [    0.000000] ACPI Warning: 32/64 FACS address mismatch in FADT - two FACS tables! (20131115/tbfadt-395)
Jan 12 15:03:06 willLaptopUbuntu kernel: [    0.000000] ACPI BIOS Warning (bug): 32/64X FACS address mismatch in FADT - 0xB2FE4E40/0x00000000B2FE4D40, using 32 (20131115/tbfadt-522)
Jan 12 15:03:06 willLaptopUbuntu kernel: [    0.000000] ACPI: DSDT 00000000b2f88018 0113EA (v01 _ASUS_ Notebook 00000000 INTL 20091112)
Jan 12 15:03:06 willLaptopUbuntu kernel: [    0.000000] ACPI: FACS 00000000b2fe4e40 000040
Jan 12 15:03:06 willLaptopUbuntu kernel: [    0.000000] ACPI: APIC 00000000b2ffdf18 0000CC (v02 _ASUS_ Notebook 06222004 MSFT 00010013)
Jan 12 15:03:06 willLaptopUbuntu kernel: [    0.000000] ACPI: DBGP 00000000b2ffff18 000034 (v01 _ASUS_ Notebook 06222004 MSFT 00010013)
Jan 12 15:03:06 willLaptopUbuntu kernel: [    0.000000] ACPI: ECDT 00000000b2fe4b18 0000C1 (v01 _ASUS_ Notebook 06222004 AMI. 00000003)
Jan 12 15:03:06 willLaptopUbuntu kernel: [    0.000000] ACPI: SLIC 00000000b2f9be18 000176 (v01 _ASUS_ Notebook 06222004 ASUS 00000001)
Jan 12 15:03:06 willLaptopUbuntu kernel: [    0.000000] ACPI: HPET 00000000b2fe5d18 000038 (v01 _ASUS_ Notebook 06222004 AMI. 00000003)
Jan 12 15:03:06 willLaptopUbuntu kernel: [    0.000000] ACPI: MCFG 00000000b2fe5c98 00003C (v01 _ASUS_ Notebook 06222004 MSFT 00000097)
Jan 12 15:03:06 willLaptopUbuntu kernel: [    0.000000] ACPI: SSDT 00000000b2f87018 00080B (v01  PmRef  Cpu0Ist 00003000 INTL 20091112)
Jan 12 15:03:06 willLaptopUbuntu kernel: [    0.000000] ACPI: SSDT 00000000b2f86018 000996 (v01  PmRef    CpuPm 00003000 INTL 20091112)
Jan 12 15:03:06 willLaptopUbuntu kernel: [    0.000000] ACPI: ASF! 00000000b2fe4a18 0000A0 (v32 INTEL       HCG 00000001 TFSM 000F4240)
Jan 12 15:03:06 willLaptopUbuntu kernel: [    0.000000] ACPI: Local APIC address 0xfee00000
Jan 12 15:03:06 willLaptopUbuntu kernel: [    0.000000] No NUMA configuration found
Jan 12 15:03:06 willLaptopUbuntu kernel: [    0.000000] Faking a node at [mem 0x0000000000000000-0x000000013f7fffff]
Jan 12 15:03:06 willLaptopUbuntu kernel: [    0.000000] Initmem setup node 0 [mem 0x00000000-0x13f7fffff]
Jan 12 15:03:06 willLaptopUbuntu kernel: [    0.000000]   NODE_DATA [mem 0x13f7f9000-0x13f7fdfff]
Jan 12 15:03:06 willLaptopUbuntu kernel: [    0.000000]  [ffffea0000000000-ffffea0004ffffff] PMD -> [ffff88013b000000-ffff88013edfffff] on node 0
Jan 12 15:03:06 willLaptopUbuntu kernel: [    0.000000] Zone ranges:
Jan 12 15:03:06 willLaptopUbuntu kernel: [    0.000000]   DMA      [mem 0x00001000-0x00ffffff]
Jan 12 15:03:06 willLaptopUbuntu kernel: [    0.000000]   DMA32    [mem 0x01000000-0xffffffff]
Jan 12 15:03:06 willLaptopUbuntu kernel: [    0.000000]   Normal   [mem 0x100000000-0x13f7fffff]
Jan 12 15:03:06 willLaptopUbuntu kernel: [    0.000000] Movable zone start for each node
Jan 12 15:03:06 willLaptopUbuntu kernel: [    0.000000] Early memory node ranges
Jan 12 15:03:06 willLaptopUbuntu kernel: [    0.000000]   node   0: [mem 0x00001000-0x0009dfff]
Jan 12 15:03:06 willLaptopUbuntu kernel: [    0.000000]   node   0: [mem 0x00100000-0x1fffffff]
Jan 12 15:03:06 willLaptopUbuntu kernel: [    0.000000]   node   0: [mem 0x20200000-0x3fffffff]
Jan 12 15:03:06 willLaptopUbuntu kernel: [    0.000000]   node   0: [mem 0x40200000-0xb2d20fff]
Jan 12 15:03:06 willLaptopUbuntu kernel: [    0.000000]   node   0: [mem 0xb2d8e000-0xb2d94fff]
Jan 12 15:03:06 willLaptopUbuntu kernel: [    0.000000]   node   0: [mem 0xb2d96000-0xb2d96fff]
Jan 12 15:03:06 willLaptopUbuntu kernel: [    0.000000]   node   0: [mem 0xb2db8000-0xb2dc5fff]
Jan 12 15:03:06 willLaptopUbuntu kernel: [    0.000000]   node   0: [mem 0xb2de8000-0xb2f35fff]
Jan 12 15:03:06 willLaptopUbuntu kernel: [    0.000000]   node   0: [mem 0xb2fe8000-0xb2ffcfff]
Jan 12 15:03:06 willLaptopUbuntu kernel: [    0.000000]   node   0: [mem 0x100000000-0x13f7fffff]
Jan 12 15:03:06 willLaptopUbuntu kernel: [    0.000000] On node 0 totalpages: 991799
Jan 12 15:03:06 willLaptopUbuntu kernel: [    0.000000]   DMA zone: 64 pages used for memmap
Jan 12 15:03:06 willLaptopUbuntu kernel: [    0.000000]   DMA zone: 157 pages reserved
Jan 12 15:03:06 willLaptopUbuntu kernel: [    0.000000]   DMA zone: 3997 pages, LIFO batch:0
Jan 12 15:03:06 willLaptopUbuntu kernel: [    0.000000]   DMA32 zone: 11371 pages used for memmap
Jan 12 15:03:06 willLaptopUbuntu kernel: [    0.000000]   DMA32 zone: 727706 pages, LIFO batch:31
Jan 12 15:03:06 willLaptopUbuntu kernel: [    0.000000]   Normal zone: 4064 pages used for memmap
Jan 12 15:03:06 willLaptopUbuntu kernel: [    0.000000]   Normal zone: 260096 pages, LIFO batch:31
Jan 12 15:03:06 willLaptopUbuntu kernel: [    0.000000] ACPI: PM-Timer IO Port: 0x408
Jan 12 15:03:06 willLaptopUbuntu kernel: [    0.000000] ACPI: Local APIC address 0xfee00000
Jan 12 15:03:06 willLaptopUbuntu kernel: [    0.000000] ACPI: LAPIC (acpi_id[0x01] lapic_id[0x00] enabled)
Jan 12 15:03:06 willLaptopUbuntu kernel: [    0.000000] ACPI: LAPIC (acpi_id[0x02] lapic_id[0x02] enabled)
Jan 12 15:03:06 willLaptopUbuntu kernel: [    0.000000] ACPI: LAPIC (acpi_id[0x03] lapic_id[0x01] enabled)
Jan 12 15:03:06 willLaptopUbuntu kernel: [    0.000000] ACPI: LAPIC (acpi_id[0x04] lapic_id[0x03] enabled)
Jan 12 15:03:06 willLaptopUbuntu kernel: [    0.000000] ACPI: LAPIC (acpi_id[0x05] lapic_id[0x04] disabled)
Jan 12 15:03:06 willLaptopUbuntu kernel: [    0.000000] ACPI: LAPIC (acpi_id[0x06] lapic_id[0x05] disabled)
Jan 12 15:03:06 willLaptopUbuntu kernel: [    0.000000] ACPI: LAPIC (acpi_id[0x07] lapic_id[0x06] disabled)
Jan 12 15:03:06 willLaptopUbuntu kernel: [    0.000000] ACPI: LAPIC (acpi_id[0x08] lapic_id[0x07] disabled)
Jan 12 15:03:06 willLaptopUbuntu kernel: [    0.000000] ACPI: LAPIC (acpi_id[0x09] lapic_id[0x08] disabled)
Jan 12 15:03:06 willLaptopUbuntu kernel: [    0.000000] ACPI: LAPIC (acpi_id[0x0a] lapic_id[0x09] disabled)
Jan 12 15:03:06 willLaptopUbuntu kernel: [    0.000000] ACPI: LAPIC (acpi_id[0x0b] lapic_id[0x0a] disabled)
Jan 12 15:03:06 willLaptopUbuntu kernel: [    0.000000] ACPI: LAPIC (acpi_id[0x0c] lapic_id[0x0b] disabled)
Jan 12 15:03:06 willLaptopUbuntu kernel: [    0.000000] ACPI: LAPIC (acpi_id[0x0d] lapic_id[0x0c] disabled)
Jan 12 15:03:06 willLaptopUbuntu kernel: [    0.000000] ACPI: LAPIC (acpi_id[0x0e] lapic_id[0x0d] disabled)
Jan 12 15:03:06 willLaptopUbuntu kernel: [    0.000000] ACPI: LAPIC (acpi_id[0x0f] lapic_id[0x0e] disabled)
Jan 12 15:03:06 willLaptopUbuntu kernel: [    0.000000] ACPI: LAPIC (acpi_id[0x10] lapic_id[0x0f] disabled)
Jan 12 15:03:06 willLaptopUbuntu kernel: [    0.000000] ACPI: IOAPIC (id[0x02] address[0xfec00000] gsi_base[0])
Jan 12 15:03:06 willLaptopUbuntu kernel: [    0.000000] IOAPIC[0]: apic_id 2, version 32, address 0xfec00000, GSI 0-23
Jan 12 15:03:06 willLaptopUbuntu kernel: [    0.000000] ACPI: INT_SRC_OVR (bus 0 bus_irq 0 global_irq 2 dfl dfl)
Jan 12 15:03:06 willLaptopUbuntu kernel: [    0.000000] ACPI: INT_SRC_OVR (bus 0 bus_irq 9 global_irq 9 high level)
Jan 12 15:03:06 willLaptopUbuntu kernel: [    0.000000] ACPI: IRQ0 used by override.
Jan 12 15:03:06 willLaptopUbuntu kernel: [    0.000000] ACPI: IRQ2 used by override.
Jan 12 15:03:06 willLaptopUbuntu kernel: [    0.000000] ACPI: IRQ9 used by override.
Jan 12 15:03:06 willLaptopUbuntu kernel: [    0.000000] Using ACPI (MADT) for SMP configuration information
Jan 12 15:03:06 willLaptopUbuntu kernel: [    0.000000] ACPI: HPET id: 0x8086a701 base: 0xfed00000
Jan 12 15:03:06 willLaptopUbuntu kernel: [    0.000000] smpboot: Allowing 16 CPUs, 12 hotplug CPUs
Jan 12 15:03:06 willLaptopUbuntu kernel: [    0.000000] nr_irqs_gsi: 40
Jan 12 15:03:06 willLaptopUbuntu kernel: [    0.000000] PM: Registered nosave memory: [mem 0x0009e000-0x0009efff]
Jan 12 15:03:06 willLaptopUbuntu kernel: [    0.000000] PM: Registered nosave memory: [mem 0x0009f000-0x0009ffff]
Jan 12 15:03:06 willLaptopUbuntu kernel: [    0.000000] PM: Registered nosave memory: [mem 0x000a0000-0x000dffff]
Jan 12 15:03:06 willLaptopUbuntu kernel: [    0.000000] PM: Registered nosave memory: [mem 0x000e0000-0x000fffff]
Jan 12 15:03:06 willLaptopUbuntu kernel: [    0.000000] PM: Registered nosave memory: [mem 0x20000000-0x201fffff]
Jan 12 15:03:06 willLaptopUbuntu kernel: [    0.000000] PM: Registered nosave memory: [mem 0x40000000-0x401fffff]
Jan 12 15:03:06 willLaptopUbuntu kernel: [    0.000000] PM: Registered nosave memory: [mem 0xb2d21000-0xb2d8dfff]
Jan 12 15:03:06 willLaptopUbuntu kernel: [    0.000000] PM: Registered nosave memory: [mem 0xb2d95000-0xb2d95fff]
Jan 12 15:03:06 willLaptopUbuntu kernel: [    0.000000] PM: Registered nosave memory: [mem 0xb2d97000-0xb2db7fff]
Jan 12 15:03:06 willLaptopUbuntu kernel: [    0.000000] PM: Registered nosave memory: [mem 0xb2dc6000-0xb2de7fff]
Jan 12 15:03:06 willLaptopUbuntu kernel: [    0.000000] PM: Registered nosave memory: [mem 0xb2f36000-0xb2fe7fff]
Jan 12 15:03:06 willLaptopUbuntu kernel: [    0.000000] PM: Registered nosave memory: [mem 0xb2ffd000-0xb2ffffff]
Jan 12 15:03:06 willLaptopUbuntu kernel: [    0.000000] PM: Registered nosave memory: [mem 0xb3000000-0xbfffffff]
Jan 12 15:03:06 willLaptopUbuntu kernel: [    0.000000] PM: Registered nosave memory: [mem 0xc0000000-0xdfffffff]
Jan 12 15:03:06 willLaptopUbuntu kernel: [    0.000000] PM: Registered nosave memory: [mem 0xe0000000-0xe3ffffff]
Jan 12 15:03:06 willLaptopUbuntu kernel: [    0.000000] PM: Registered nosave memory: [mem 0xe4000000-0xfebfffff]
Jan 12 15:03:06 willLaptopUbuntu kernel: [    0.000000] PM: Registered nosave memory: [mem 0xfec00000-0xfec00fff]
Jan 12 15:03:06 willLaptopUbuntu kernel: [    0.000000] PM: Registered nosave memory: [mem 0xfec01000-0xfed0ffff]
Jan 12 15:03:06 willLaptopUbuntu kernel: [    0.000000] PM: Registered nosave memory: [mem 0xfed10000-0xfed13fff]
Jan 12 15:03:06 willLaptopUbuntu kernel: [    0.000000] PM: Registered nosave memory: [mem 0xfed14000-0xfed17fff]
Jan 12 15:03:06 willLaptopUbuntu kernel: [    0.000000] PM: Registered nosave memory: [mem 0xfed18000-0xfed19fff]
Jan 12 15:03:06 willLaptopUbuntu kernel: [    0.000000] PM: Registered nosave memory: [mem 0xfed1a000-0xfed1bfff]
Jan 12 15:03:06 willLaptopUbuntu kernel: [    0.000000] PM: Registered nosave memory: [mem 0xfed1c000-0xfed1ffff]
Jan 12 15:03:06 willLaptopUbuntu kernel: [    0.000000] PM: Registered nosave memory: [mem 0xfed20000-0xfedfffff]
Jan 12 15:03:06 willLaptopUbuntu kernel: [    0.000000] PM: Registered nosave memory: [mem 0xfee00000-0xfee00fff]
Jan 12 15:03:06 willLaptopUbuntu kernel: [    0.000000] PM: Registered nosave memory: [mem 0xfee01000-0xff97ffff]
Jan 12 15:03:06 willLaptopUbuntu kernel: [    0.000000] PM: Registered nosave memory: [mem 0xff980000-0xffbfffff]
Jan 12 15:03:06 willLaptopUbuntu kernel: [    0.000000] PM: Registered nosave memory: [mem 0xffc00000-0xffd7ffff]
Jan 12 15:03:06 willLaptopUbuntu kernel: [    0.000000] PM: Registered nosave memory: [mem 0xffd80000-0xffffffff]
Jan 12 15:03:06 willLaptopUbuntu kernel: [    0.000000] e820: [mem 0xc0000000-0xdfffffff] available for PCI devices
Jan 12 15:03:06 willLaptopUbuntu kernel: [    0.000000] Booting paravirtualized kernel on bare hardware
Jan 12 15:03:06 willLaptopUbuntu kernel: [    0.000000] setup_percpu: NR_CPUS:256 nr_cpumask_bits:256 nr_cpu_ids:16 nr_node_ids:1
Jan 12 15:03:06 willLaptopUbuntu kernel: [    0.000000] PERCPU: Embedded 27 pages/cpu @ffff88013f400000 s81536 r8192 d20864 u131072
Jan 12 15:03:06 willLaptopUbuntu kernel: [    0.000000] pcpu-alloc: s81536 r8192 d20864 u131072 alloc=1*2097152
Jan 12 15:03:06 willLaptopUbuntu kernel: [    0.000000] pcpu-alloc: [0] 00 01 02 03 04 05 06 07 08 09 10 11 12 13 14 15 
Jan 12 15:03:06 willLaptopUbuntu kernel: [    0.000000] Built 1 zonelists in Node order, mobility grouping on.  Total pages: 976143
Jan 12 15:03:06 willLaptopUbuntu kernel: [    0.000000] Policy zone: Normal
Jan 12 15:03:06 willLaptopUbuntu kernel: [    0.000000] Kernel command line: BOOT_IMAGE=/boot/vmlinuz-3.13.0-73-generic root=UUID=034061ad-a500-47e6-b5d8-6b60c3e88c54 ro quiet splash vt.handoff=7
Jan 12 15:03:06 willLaptopUbuntu kernel: [    0.000000] PID hash table entries: 4096 (order: 3, 32768 bytes)
Jan 12 15:03:06 willLaptopUbuntu kernel: [    0.000000] xsave: enabled xstate_bv 0x7, cntxt size 0x340
Jan 12 15:03:06 willLaptopUbuntu kernel: [    0.000000] Checking aperture...
Jan 12 15:03:06 willLaptopUbuntu kernel: [    0.000000] No AGP bridge found
Jan 12 15:03:06 willLaptopUbuntu kernel: [    0.000000] Calgary: detecting Calgary via BIOS EBDA area
Jan 12 15:03:06 willLaptopUbuntu kernel: [    0.000000] Calgary: Unable to locate Rio Grande table in EBDA - bailing!
Jan 12 15:03:06 willLaptopUbuntu kernel: [    0.000000] Memory: 3799980K/3967196K available (7399K kernel code, 1146K rwdata, 3416K rodata, 1336K init, 1448K bss, 167216K reserved)
Jan 12 15:03:06 willLaptopUbuntu kernel: [    0.000000] SLUB: HWalign=64, Order=0-3, MinObjects=0, CPUs=16, Nodes=1
Jan 12 15:03:06 willLaptopUbuntu kernel: [    0.000000] Hierarchical RCU implementation.
Jan 12 15:03:06 willLaptopUbuntu kernel: [    0.000000] 	RCU dyntick-idle grace-period acceleration is enabled.
Jan 12 15:03:06 willLaptopUbuntu kernel: [    0.000000] 	RCU restricting CPUs from NR_CPUS=256 to nr_cpu_ids=16.
Jan 12 15:03:06 willLaptopUbuntu kernel: [    0.000000] 	Offload RCU callbacks from all CPUs
Jan 12 15:03:06 willLaptopUbuntu kernel: [    0.000000] 	Offload RCU callbacks from CPUs: 0-15.
Jan 12 15:03:06 willLaptopUbuntu kernel: [    0.000000] NR_IRQS:16640 nr_irqs:808 16
Jan 12 15:03:06 willLaptopUbuntu kernel: [    0.000000] Console: colour dummy device 80x25
Jan 12 15:03:06 willLaptopUbuntu kernel: [    0.000000] console [tty0] enabled
Jan 12 15:03:06 willLaptopUbuntu kernel: [    0.000000] allocated 16252928 bytes of page_cgroup
Jan 12 15:03:06 willLaptopUbuntu kernel: [    0.000000] please try 'cgroup_disable=memory' option if you don't want memory cgroups
Jan 12 15:03:06 willLaptopUbuntu kernel: [    0.000000] hpet clockevent registered
Jan 12 15:03:06 willLaptopUbuntu kernel: [    0.000000] tsc: Fast TSC calibration using PIT
Jan 12 15:03:06 willLaptopUbuntu kernel: [    0.004000] tsc: Detected 2394.578 MHz processor
Jan 12 15:03:06 willLaptopUbuntu kernel: [    0.000003] Calibrating delay loop (skipped), value calculated using timer frequency.. 4789.15 BogoMIPS (lpj=9578312)
Jan 12 15:03:06 willLaptopUbuntu kernel: [    0.000006] pid_max: default: 32768 minimum: 301
Jan 12 15:03:06 willLaptopUbuntu kernel: [    0.000035] Security Framework initialized
Jan 12 15:03:06 willLaptopUbuntu kernel: [    0.000054] AppArmor: AppArmor initialized
Jan 12 15:03:06 willLaptopUbuntu kernel: [    0.000056] Yama: becoming mindful.
Jan 12 15:03:06 willLaptopUbuntu kernel: [    0.000361] Dentry cache hash table entries: 524288 (order: 10, 4194304 bytes)
Jan 12 15:03:06 willLaptopUbuntu kernel: [    0.001386] Inode-cache hash table entries: 262144 (order: 9, 2097152 bytes)
Jan 12 15:03:06 willLaptopUbuntu kernel: [    0.001835] Mount-cache hash table entries: 8192 (order: 4, 65536 bytes)
Jan 12 15:03:06 willLaptopUbuntu kernel: [    0.001842] Mountpoint-cache hash table entries: 8192 (order: 4, 65536 bytes)
Jan 12 15:03:06 willLaptopUbuntu kernel: [    0.002052] Initializing cgroup subsys memory
Jan 12 15:03:06 willLaptopUbuntu kernel: [    0.002059] Initializing cgroup subsys devices
Jan 12 15:03:06 willLaptopUbuntu kernel: [    0.002061] Initializing cgroup subsys freezer
Jan 12 15:03:06 willLaptopUbuntu kernel: [    0.002063] Initializing cgroup subsys blkio
Jan 12 15:03:06 willLaptopUbuntu kernel: [    0.002064] Initializing cgroup subsys perf_event
Jan 12 15:03:06 willLaptopUbuntu kernel: [    0.002066] Initializing cgroup subsys hugetlb
Jan 12 15:03:06 willLaptopUbuntu kernel: [    0.002088] CPU: Physical Processor ID: 0
Jan 12 15:03:06 willLaptopUbuntu kernel: [    0.002089] CPU: Processor Core ID: 0
Jan 12 15:03:06 willLaptopUbuntu kernel: [    0.002094] ENERGY_PERF_BIAS: Set to 'normal', was 'performance'
Jan 12 15:03:06 willLaptopUbuntu kernel: [    0.002094] ENERGY_PERF_BIAS: View and update with x86_energy_perf_policy(8)
Jan 12 15:03:06 willLaptopUbuntu kernel: [    0.002096] mce: CPU supports 7 MCE banks
Jan 12 15:03:06 willLaptopUbuntu kernel: [    0.002108] CPU0: Thermal monitoring enabled (TM1)
Jan 12 15:03:06 willLaptopUbuntu kernel: [    0.002114] process: using mwait in idle threads
Jan 12 15:03:06 willLaptopUbuntu kernel: [    0.002118] Last level iTLB entries: 4KB 512, 2MB 0, 4MB 0
Jan 12 15:03:06 willLaptopUbuntu kernel: [    0.002118] Last level dTLB entries: 4KB 512, 2MB 32, 4MB 32
Jan 12 15:03:06 willLaptopUbuntu kernel: [    0.002118] tlb_flushall_shift: 5
Jan 12 15:03:06 willLaptopUbuntu kernel: [    0.002244] Freeing SMP alternatives memory: 32K (ffffffff81e6e000 - ffffffff81e76000)
Jan 12 15:03:06 willLaptopUbuntu kernel: [    0.003734] ACPI: Core revision 20131115
Jan 12 15:03:06 willLaptopUbuntu kernel: [    0.011050] ACPI: All ACPI Tables successfully acquired
Jan 12 15:03:06 willLaptopUbuntu kernel: [    0.257411] ftrace: allocating 28598 entries in 112 pages
Jan 12 15:03:06 willLaptopUbuntu kernel: [    0.271908] Switched APIC routing to physical flat.
Jan 12 15:03:06 willLaptopUbuntu kernel: [    0.272328] ..TIMER: vector=0x30 apic1=0 pin1=2 apic2=-1 pin2=-1
Jan 12 15:03:06 willLaptopUbuntu kernel: [    0.312045] smpboot: CPU0: Intel(R) Core(TM) i5-2430M CPU @ 2.40GHz (fam: 06, model: 2a, stepping: 07)
Jan 12 15:03:06 willLaptopUbuntu kernel: [    0.312054] TSC deadline timer enabled
Jan 12 15:03:06 willLaptopUbuntu kernel: [    0.312065] Performance Events: PEBS fmt1+, 16-deep LBR, SandyBridge events, full-width counters, Intel PMU driver.
Jan 12 15:03:06 willLaptopUbuntu kernel: [    0.312072] perf_event_intel: PEBS disabled due to CPU errata, please upgrade microcode
Jan 12 15:03:06 willLaptopUbuntu kernel: [    0.312074] ... version:                3
Jan 12 15:03:06 willLaptopUbuntu kernel: [    0.312075] ... bit width:              48
Jan 12 15:03:06 willLaptopUbuntu kernel: [    0.312076] ... generic registers:      4
Jan 12 15:03:06 willLaptopUbuntu kernel: [    0.312077] ... value mask:             0000ffffffffffff
Jan 12 15:03:06 willLaptopUbuntu kernel: [    0.312078] ... max period:             0000ffffffffffff
Jan 12 15:03:06 willLaptopUbuntu kernel: [    0.312079] ... fixed-purpose events:   3
Jan 12 15:03:06 willLaptopUbuntu kernel: [    0.312080] ... event mask:             000000070000000f
Jan 12 15:03:06 willLaptopUbuntu kernel: [    0.313881] x86: Booting SMP configuration:
Jan 12 15:03:06 willLaptopUbuntu kernel: [    0.327066] NMI watchdog: enabled on all CPUs, permanently consumes one hw-PMU counter.
Jan 12 15:03:06 willLaptopUbuntu kernel: [    0.313883] .... node  #0, CPUs:        #1  #2  #3
Jan 12 15:03:06 willLaptopUbuntu kernel: [    0.353569] x86: Booted up 1 node, 4 CPUs
Jan 12 15:03:06 willLaptopUbuntu kernel: [    0.353573] smpboot: Total of 4 processors activated (19156.62 BogoMIPS)
Jan 12 15:03:06 willLaptopUbuntu kernel: [    0.356843] devtmpfs: initialized
Jan 12 15:03:06 willLaptopUbuntu kernel: [    0.360010] EVM: security.selinux
Jan 12 15:03:06 willLaptopUbuntu kernel: [    0.360011] EVM: security.SMACK64
Jan 12 15:03:06 willLaptopUbuntu kernel: [    0.360012] EVM: security.ima
Jan 12 15:03:06 willLaptopUbuntu kernel: [    0.360013] EVM: security.capability
Jan 12 15:03:06 willLaptopUbuntu kernel: [    0.360055] PM: Registering ACPI NVS region [mem 0xb2f36000-0xb2fe7fff] (729088 bytes)
Jan 12 15:03:06 willLaptopUbuntu kernel: [    0.360861] pinctrl core: initialized pinctrl subsystem
Jan 12 15:03:06 willLaptopUbuntu kernel: [    0.360916] regulator-dummy: no parameters
Jan 12 15:03:06 willLaptopUbuntu kernel: [    0.360946] RTC time: 15:02:39, date: 01/12/16
Jan 12 15:03:06 willLaptopUbuntu kernel: [    0.360981] NET: Registered protocol family 16
Jan 12 15:03:06 willLaptopUbuntu kernel: [    0.361076] cpuidle: using governor ladder
Jan 12 15:03:06 willLaptopUbuntu kernel: [    0.361078] cpuidle: using governor menu
Jan 12 15:03:06 willLaptopUbuntu kernel: [    0.361111] ACPI FADT declares the system doesn't support PCIe ASPM, so disable it
Jan 12 15:03:06 willLaptopUbuntu kernel: [    0.361112] ACPI: bus type PCI registered
Jan 12 15:03:06 willLaptopUbuntu kernel: [    0.361114] acpiphp: ACPI Hot Plug PCI Controller Driver version: 0.5
Jan 12 15:03:06 willLaptopUbuntu kernel: [    0.361173] PCI: MMCONFIG for domain 0000 [bus 00-3f] at [mem 0xe0000000-0xe3ffffff] (base 0xe0000000)
Jan 12 15:03:06 willLaptopUbuntu kernel: [    0.361175] PCI: MMCONFIG at [mem 0xe0000000-0xe3ffffff] reserved in E820
Jan 12 15:03:06 willLaptopUbuntu kernel: [    0.368852] PCI: Using configuration type 1 for base access
Jan 12 15:03:06 willLaptopUbuntu kernel: [    0.368990] mtrr: your CPUs had inconsistent variable MTRR settings
Jan 12 15:03:06 willLaptopUbuntu kernel: [    0.368991] mtrr: probably your BIOS does not setup all CPUs.
Jan 12 15:03:06 willLaptopUbuntu kernel: [    0.368992] mtrr: corrected configuration.
Jan 12 15:03:06 willLaptopUbuntu kernel: [    0.369719] bio: create slab <bio-0> at 0
Jan 12 15:03:06 willLaptopUbuntu kernel: [    0.369859] ACPI: Added _OSI(Module Device)
Jan 12 15:03:06 willLaptopUbuntu kernel: [    0.369861] ACPI: Added _OSI(Processor Device)
Jan 12 15:03:06 willLaptopUbuntu kernel: [    0.369862] ACPI: Added _OSI(3.0 _SCP Extensions)
Jan 12 15:03:06 willLaptopUbuntu kernel: [    0.369863] ACPI: Added _OSI(Processor Aggregator Device)
Jan 12 15:03:06 willLaptopUbuntu kernel: [    0.371812] ACPI : EC: EC description table is found, configuring boot EC
Jan 12 15:03:06 willLaptopUbuntu kernel: [    0.373937] ACPI: Executed 1 blocks of module-level executable AML code
Jan 12 15:03:06 willLaptopUbuntu kernel: [    0.377652] [Firmware Bug]: ACPI: BIOS _OSI(Linux) query ignored
Jan 12 15:03:06 willLaptopUbuntu kernel: [    0.382042] ACPI: SSDT 00000000b2dca798 00073F (v01  PmRef  Cpu0Cst 00003001 INTL 20091112)
Jan 12 15:03:06 willLaptopUbuntu kernel: [    0.382517] ACPI: Dynamic OEM Table Load:
Jan 12 15:03:06 willLaptopUbuntu kernel: [    0.382519] ACPI: SSDT           (null) 00073F (v01  PmRef  Cpu0Cst 00003001 INTL 20091112)
Jan 12 15:03:06 willLaptopUbuntu kernel: [    0.385886] ACPI: SSDT 00000000b2dcba98 000303 (v01  PmRef    ApIst 00003000 INTL 20091112)
Jan 12 15:03:06 willLaptopUbuntu kernel: [    0.386386] ACPI: Dynamic OEM Table Load:
Jan 12 15:03:06 willLaptopUbuntu kernel: [    0.386387] ACPI: SSDT           (null) 000303 (v01  PmRef    ApIst 00003000 INTL 20091112)
Jan 12 15:03:06 willLaptopUbuntu kernel: [    0.389773] ACPI: SSDT 00000000b2dc9d98 000119 (v01  PmRef    ApCst 00003000 INTL 20091112)
Jan 12 15:03:06 willLaptopUbuntu kernel: [    0.390241] ACPI: Dynamic OEM Table Load:
Jan 12 15:03:06 willLaptopUbuntu kernel: [    0.390242] ACPI: SSDT           (null) 000119 (v01  PmRef    ApCst 00003000 INTL 20091112)
Jan 12 15:03:06 willLaptopUbuntu kernel: [    0.394189] ACPI: Interpreter enabled
Jan 12 15:03:06 willLaptopUbuntu kernel: [    0.394196] ACPI Exception: AE_NOT_FOUND, While evaluating Sleep State [\_S1_] (20131115/hwxface-580)
Jan 12 15:03:06 willLaptopUbuntu kernel: [    0.394200] ACPI Exception: AE_NOT_FOUND, While evaluating Sleep State [\_S2_] (20131115/hwxface-580)
Jan 12 15:03:06 willLaptopUbuntu kernel: [    0.394214] ACPI: (supports S0 S3 S4 S5)
Jan 12 15:03:06 willLaptopUbuntu kernel: [    0.394215] ACPI: Using IOAPIC for interrupt routing
Jan 12 15:03:06 willLaptopUbuntu kernel: [    0.394240] PCI: Using host bridge windows from ACPI; if necessary, use "pci=nocrs" and report a bug
Jan 12 15:03:06 willLaptopUbuntu kernel: [    0.394392] ACPI: No dock devices found.
Jan 12 15:03:06 willLaptopUbuntu kernel: [    0.400962] ACPI: PCI Root Bridge [PCI0] (domain 0000 [bus 00-3e])
Jan 12 15:03:06 willLaptopUbuntu kernel: [    0.400967] acpi PNP0A08:00: _OSC: OS supports [ExtendedConfig ASPM ClockPM Segments MSI]
Jan 12 15:03:06 willLaptopUbuntu kernel: [    0.401374] acpi PNP0A08:00: _OSC: OS now controls [PCIeHotplug PME AER PCIeCapability]
Jan 12 15:03:06 willLaptopUbuntu kernel: [    0.401376] acpi PNP0A08:00: FADT indicates ASPM is unsupported, using BIOS configuration
Jan 12 15:03:06 willLaptopUbuntu kernel: [    0.401946] PCI host bridge to bus 0000:00
Jan 12 15:03:06 willLaptopUbuntu kernel: [    0.401949] pci_bus 0000:00: root bus resource [bus 00-3e]
Jan 12 15:03:06 willLaptopUbuntu kernel: [    0.401951] pci_bus 0000:00: root bus resource [io  0x0000-0x0cf7]
Jan 12 15:03:06 willLaptopUbuntu kernel: [    0.401952] pci_bus 0000:00: root bus resource [io  0x0d00-0xffff]
Jan 12 15:03:06 willLaptopUbuntu kernel: [    0.401954] pci_bus 0000:00: root bus resource [mem 0x000a0000-0x000bffff]
Jan 12 15:03:06 willLaptopUbuntu kernel: [    0.401956] pci_bus 0000:00: root bus resource [mem 0x000d0000-0x000d3fff]
Jan 12 15:03:06 willLaptopUbuntu kernel: [    0.401957] pci_bus 0000:00: root bus resource [mem 0x000d4000-0x000d7fff]
Jan 12 15:03:06 willLaptopUbuntu kernel: [    0.401959] pci_bus 0000:00: root bus resource [mem 0x000d8000-0x000dbfff]
Jan 12 15:03:06 willLaptopUbuntu kernel: [    0.401960] pci_bus 0000:00: root bus resource [mem 0x000dc000-0x000dffff]
Jan 12 15:03:06 willLaptopUbuntu kernel: [    0.401962] pci_bus 0000:00: root bus resource [mem 0x000e0000-0x000e3fff]
Jan 12 15:03:06 willLaptopUbuntu kernel: [    0.401963] pci_bus 0000:00: root bus resource [mem 0x000e4000-0x000e7fff]
Jan 12 15:03:06 willLaptopUbuntu kernel: [    0.401965] pci_bus 0000:00: root bus resource [mem 0xc0000000-0xfeafffff]
Jan 12 15:03:06 willLaptopUbuntu kernel: [    0.401967] pci_bus 0000:00: root bus resource [mem 0xfed40000-0xfed44fff]
Jan 12 15:03:06 willLaptopUbuntu kernel: [    0.401974] pci 0000:00:00.0: [8086:0104] type 00 class 0x060000
Jan 12 15:03:06 willLaptopUbuntu kernel: [    0.402062] pci 0000:00:02.0: [8086:0116] type 00 class 0x030000
Jan 12 15:03:06 willLaptopUbuntu kernel: [    0.402073] pci 0000:00:02.0: reg 0x10: [mem 0xddc00000-0xddffffff 64bit]
Jan 12 15:03:06 willLaptopUbuntu kernel: [    0.402079] pci 0000:00:02.0: reg 0x18: [mem 0xc0000000-0xcfffffff 64bit pref]
Jan 12 15:03:06 willLaptopUbuntu kernel: [    0.402084] pci 0000:00:02.0: reg 0x20: [io  0xe000-0xe03f]
Jan 12 15:03:06 willLaptopUbuntu kernel: [    0.402190] pci 0000:00:16.0: [8086:1c3a] type 00 class 0x078000
Jan 12 15:03:06 willLaptopUbuntu kernel: [    0.402214] pci 0000:00:16.0: reg 0x10: [mem 0xdfe0b000-0xdfe0b00f 64bit]
Jan 12 15:03:06 willLaptopUbuntu kernel: [    0.402292] pci 0000:00:16.0: PME# supported from D0 D3hot D3cold
Jan 12 15:03:06 willLaptopUbuntu kernel: [    0.402380] pci 0000:00:1a.0: [8086:1c2d] type 00 class 0x0c0320
Jan 12 15:03:06 willLaptopUbuntu kernel: [    0.402403] pci 0000:00:1a.0: reg 0x10: [mem 0xdfe08000-0xdfe083ff]
Jan 12 15:03:06 willLaptopUbuntu kernel: [    0.402494] pci 0000:00:1a.0: PME# supported from D0 D3hot D3cold
Jan 12 15:03:06 willLaptopUbuntu kernel: [    0.402546] pci 0000:00:1a.0: System wakeup disabled by ACPI
Jan 12 15:03:06 willLaptopUbuntu kernel: [    0.402581] pci 0000:00:1b.0: [8086:1c20] type 00 class 0x040300
Jan 12 15:03:06 willLaptopUbuntu kernel: [    0.402598] pci 0000:00:1b.0: reg 0x10: [mem 0xdfe00000-0xdfe03fff 64bit]
Jan 12 15:03:06 willLaptopUbuntu kernel: [    0.402667] pci 0000:00:1b.0: PME# supported from D0 D3hot D3cold
Jan 12 15:03:06 willLaptopUbuntu kernel: [    0.402718] pci 0000:00:1b.0: System wakeup disabled by ACPI
Jan 12 15:03:06 willLaptopUbuntu kernel: [    0.402748] pci 0000:00:1c.0: [8086:1c10] type 01 class 0x060400
Jan 12 15:03:06 willLaptopUbuntu kernel: [    0.402827] pci 0000:00:1c.0: PME# supported from D0 D3hot D3cold
Jan 12 15:03:06 willLaptopUbuntu kernel: [    0.402879] pci 0000:00:1c.0: System wakeup disabled by ACPI
Jan 12 15:03:06 willLaptopUbuntu kernel: [    0.402908] pci 0000:00:1c.1: [8086:1c12] type 01 class 0x060400
Jan 12 15:03:06 willLaptopUbuntu kernel: [    0.402987] pci 0000:00:1c.1: PME# supported from D0 D3hot D3cold
Jan 12 15:03:06 willLaptopUbuntu kernel: [    0.403040] pci 0000:00:1c.1: System wakeup disabled by ACPI
Jan 12 15:03:06 willLaptopUbuntu kernel: [    0.403070] pci 0000:00:1c.5: [8086:1c1a] type 01 class 0x060400
Jan 12 15:03:06 willLaptopUbuntu kernel: [    0.403149] pci 0000:00:1c.5: PME# supported from D0 D3hot D3cold
Jan 12 15:03:06 willLaptopUbuntu kernel: [    0.403202] pci 0000:00:1c.5: System wakeup disabled by ACPI
Jan 12 15:03:06 willLaptopUbuntu kernel: [    0.403237] pci 0000:00:1d.0: [8086:1c26] type 00 class 0x0c0320
Jan 12 15:03:06 willLaptopUbuntu kernel: [    0.403259] pci 0000:00:1d.0: reg 0x10: [mem 0xdfe07000-0xdfe073ff]
Jan 12 15:03:06 willLaptopUbuntu kernel: [    0.403350] pci 0000:00:1d.0: PME# supported from D0 D3hot D3cold
Jan 12 15:03:06 willLaptopUbuntu kernel: [    0.403401] pci 0000:00:1d.0: System wakeup disabled by ACPI
Jan 12 15:03:06 willLaptopUbuntu kernel: [    0.403430] pci 0000:00:1f.0: [8086:1c49] type 00 class 0x060100
Jan 12 15:03:06 willLaptopUbuntu kernel: [    0.403605] pci 0000:00:1f.2: [8086:1c03] type 00 class 0x010601
Jan 12 15:03:06 willLaptopUbuntu kernel: [    0.403623] pci 0000:00:1f.2: reg 0x10: [io  0xe0b0-0xe0b7]
Jan 12 15:03:06 willLaptopUbuntu kernel: [    0.403632] pci 0000:00:1f.2: reg 0x14: [io  0xe0a0-0xe0a3]
Jan 12 15:03:06 willLaptopUbuntu kernel: [    0.403640] pci 0000:00:1f.2: reg 0x18: [io  0xe090-0xe097]
Jan 12 15:03:06 willLaptopUbuntu kernel: [    0.403648] pci 0000:00:1f.2: reg 0x1c: [io  0xe080-0xe083]
Jan 12 15:03:06 willLaptopUbuntu kernel: [    0.403656] pci 0000:00:1f.2: reg 0x20: [io  0xe060-0xe07f]
Jan 12 15:03:06 willLaptopUbuntu kernel: [    0.403665] pci 0000:00:1f.2: reg 0x24: [mem 0xdfe06000-0xdfe067ff]
Jan 12 15:03:06 willLaptopUbuntu kernel: [    0.403711] pci 0000:00:1f.2: PME# supported from D3hot
Jan 12 15:03:06 willLaptopUbuntu kernel: [    0.403783] pci 0000:00:1f.3: [8086:1c22] type 00 class 0x0c0500
Jan 12 15:03:06 willLaptopUbuntu kernel: [    0.403800] pci 0000:00:1f.3: reg 0x10: [mem 0xdfe05000-0xdfe050ff 64bit]
Jan 12 15:03:06 willLaptopUbuntu kernel: [    0.403821] pci 0000:00:1f.3: reg 0x20: [io  0xe040-0xe05f]
Jan 12 15:03:06 willLaptopUbuntu kernel: [    0.403952] pci 0000:00:1c.0: PCI bridge to [bus 01]
Jan 12 15:03:06 willLaptopUbuntu kernel: [    0.403956] pci 0000:00:1c.0:   bridge window [io  0xd000-0xdfff]
Jan 12 15:03:06 willLaptopUbuntu kernel: [    0.403961] pci 0000:00:1c.0:   bridge window [mem 0xdf400000-0xdfdfffff]
Jan 12 15:03:06 willLaptopUbuntu kernel: [    0.403967] pci 0000:00:1c.0:   bridge window [mem 0xd1600000-0xd1ffffff 64bit pref]
Jan 12 15:03:06 willLaptopUbuntu kernel: [    0.404059] pci 0000:02:00.0: [168c:002b] type 00 class 0x028000
Jan 12 15:03:06 willLaptopUbuntu kernel: [    0.404088] pci 0000:02:00.0: reg 0x10: [mem 0xdea00000-0xdea0ffff 64bit]
Jan 12 15:03:06 willLaptopUbuntu kernel: [    0.404218] pci 0000:02:00.0: supports D1
Jan 12 15:03:06 willLaptopUbuntu kernel: [    0.404220] pci 0000:02:00.0: PME# supported from D0 D1 D3hot D3cold
Jan 12 15:03:06 willLaptopUbuntu kernel: [    0.404254] pci 0000:02:00.0: System wakeup disabled by ACPI
Jan 12 15:03:06 willLaptopUbuntu kernel: [    0.412447] pci 0000:00:1c.1: PCI bridge to [bus 02]
Jan 12 15:03:06 willLaptopUbuntu kernel: [    0.412457] pci 0000:00:1c.1:   bridge window [io  0xc000-0xcfff]
Jan 12 15:03:06 willLaptopUbuntu kernel: [    0.412467] pci 0000:00:1c.1:   bridge window [mem 0xdea00000-0xdf3fffff]
Jan 12 15:03:06 willLaptopUbuntu kernel: [    0.412481] pci 0000:00:1c.1:   bridge window [mem 0xd0b00000-0xd14fffff 64bit pref]
Jan 12 15:03:06 willLaptopUbuntu kernel: [    0.412616] pci 0000:03:00.0: [1969:1083] type 00 class 0x020000
Jan 12 15:03:06 willLaptopUbuntu kernel: [    0.412646] pci 0000:03:00.0: reg 0x10: [mem 0xde000000-0xde03ffff 64bit]
Jan 12 15:03:06 willLaptopUbuntu kernel: [    0.412662] pci 0000:03:00.0: reg 0x18: [io  0xb000-0xb07f]
Jan 12 15:03:06 willLaptopUbuntu kernel: [    0.412791] pci 0000:03:00.0: PME# supported from D0 D1 D2 D3hot D3cold
Jan 12 15:03:06 willLaptopUbuntu kernel: [    0.412825] pci 0000:03:00.0: System wakeup disabled by ACPI
Jan 12 15:03:06 willLaptopUbuntu kernel: [    0.420461] pci 0000:00:1c.5: PCI bridge to [bus 03]
Jan 12 15:03:06 willLaptopUbuntu kernel: [    0.420471] pci 0000:00:1c.5:   bridge window [io  0xb000-0xbfff]
Jan 12 15:03:06 willLaptopUbuntu kernel: [    0.420481] pci 0000:00:1c.5:   bridge window [mem 0xde000000-0xde9fffff]
Jan 12 15:03:06 willLaptopUbuntu kernel: [    0.420495] pci 0000:00:1c.5:   bridge window [mem 0xd0000000-0xd09fffff 64bit pref]
Jan 12 15:03:06 willLaptopUbuntu kernel: [    0.421076] ACPI: PCI Interrupt Link [LNKA] (IRQs 3 4 5 6 7 10 *11 12)
Jan 12 15:03:06 willLaptopUbuntu kernel: [    0.421126] ACPI: PCI Interrupt Link [LNKB] (IRQs 3 4 *5 6 7 10 12)
Jan 12 15:03:06 willLaptopUbuntu kernel: [    0.421174] ACPI: PCI Interrupt Link [LNKC] (IRQs *3 4 5 6 7 10 12)
Jan 12 15:03:06 willLaptopUbuntu kernel: [    0.421220] ACPI: PCI Interrupt Link [LNKD] (IRQs 3 4 5 6 7 *10 12)
Jan 12 15:03:06 willLaptopUbuntu kernel: [    0.421267] ACPI: PCI Interrupt Link [LNKE] (IRQs 3 4 5 6 7 10 12) *0, disabled.
Jan 12 15:03:06 willLaptopUbuntu kernel: [    0.421313] ACPI: PCI Interrupt Link [LNKF] (IRQs 3 4 5 6 7 10 12) *0, disabled.
Jan 12 15:03:06 willLaptopUbuntu kernel: [    0.421363] ACPI: PCI Interrupt Link [LNKG] (IRQs 3 4 *5 6 7 10 12)
Jan 12 15:03:06 willLaptopUbuntu kernel: [    0.421409] ACPI: PCI Interrupt Link [LNKH] (IRQs 3 4 *5 6 7 10 12)
Jan 12 15:03:06 willLaptopUbuntu kernel: [    0.421715] ACPI: Enabled 4 GPEs in block 00 to 3F
Jan 12 15:03:06 willLaptopUbuntu kernel: [    0.421721] ACPI: \_SB_.PCI0: notify handler is installed
Jan 12 15:03:06 willLaptopUbuntu kernel: [    0.421778] Found 1 acpi root devices
Jan 12 15:03:06 willLaptopUbuntu kernel: [    0.421841] ACPI : EC: GPE = 0x1b, I/O: command/status = 0x66, data = 0x62
Jan 12 15:03:06 willLaptopUbuntu kernel: [    0.421932] vgaarb: setting as boot device: PCI:0000:00:02.0
Jan 12 15:03:06 willLaptopUbuntu kernel: [    0.421934] vgaarb: device added: PCI:0000:00:02.0,decodes=io+mem,owns=io+mem,locks=none
Jan 12 15:03:06 willLaptopUbuntu kernel: [    0.421937] vgaarb: loaded
Jan 12 15:03:06 willLaptopUbuntu kernel: [    0.421938] vgaarb: bridge control possible 0000:00:02.0
Jan 12 15:03:06 willLaptopUbuntu kernel: [    0.422086] SCSI subsystem initialized
Jan 12 15:03:06 willLaptopUbuntu kernel: [    0.422144] libata version 3.00 loaded.
Jan 12 15:03:06 willLaptopUbuntu kernel: [    0.422176] ACPI: bus type USB registered
Jan 12 15:03:06 willLaptopUbuntu kernel: [    0.422191] usbcore: registered new interface driver usbfs
Jan 12 15:03:06 willLaptopUbuntu kernel: [    0.422198] usbcore: registered new interface driver hub
Jan 12 15:03:06 willLaptopUbuntu kernel: [    0.422222] usbcore: registered new device driver usb
Jan 12 15:03:06 willLaptopUbuntu kernel: [    0.422317] PCI: Using ACPI for IRQ routing
Jan 12 15:03:06 willLaptopUbuntu kernel: [    0.423849] PCI: pci_cache_line_size set to 64 bytes
Jan 12 15:03:06 willLaptopUbuntu kernel: [    0.423896] e820: reserve RAM buffer [mem 0x0009e800-0x0009ffff]
Jan 12 15:03:06 willLaptopUbuntu kernel: [    0.423898] e820: reserve RAM buffer [mem 0xb2d21000-0xb3ffffff]
Jan 12 15:03:06 willLaptopUbuntu kernel: [    0.423900] e820: reserve RAM buffer [mem 0xb2d95000-0xb3ffffff]
Jan 12 15:03:06 willLaptopUbuntu kernel: [    0.423902] e820: reserve RAM buffer [mem 0xb2d97000-0xb3ffffff]
Jan 12 15:03:06 willLaptopUbuntu kernel: [    0.423903] e820: reserve RAM buffer [mem 0xb2dc6000-0xb3ffffff]
Jan 12 15:03:06 willLaptopUbuntu kernel: [    0.423905] e820: reserve RAM buffer [mem 0xb2f36000-0xb3ffffff]
Jan 12 15:03:06 willLaptopUbuntu kernel: [    0.423906] e820: reserve RAM buffer [mem 0xb2ffd000-0xb3ffffff]
Jan 12 15:03:06 willLaptopUbuntu kernel: [    0.423908] e820: reserve RAM buffer [mem 0x13f800000-0x13fffffff]
Jan 12 15:03:06 willLaptopUbuntu kernel: [    0.423990] NetLabel: Initializing
Jan 12 15:03:06 willLaptopUbuntu kernel: [    0.423992] NetLabel:  domain hash size = 128
Jan 12 15:03:06 willLaptopUbuntu kernel: [    0.423993] NetLabel:  protocols = UNLABELED CIPSOv4
Jan 12 15:03:06 willLaptopUbuntu kernel: [    0.424005] NetLabel:  unlabeled traffic allowed by default
Jan 12 15:03:06 willLaptopUbuntu kernel: [    0.424061] hpet0: at MMIO 0xfed00000, IRQs 2, 8, 0, 0, 0, 0, 0, 0
Jan 12 15:03:06 willLaptopUbuntu kernel: [    0.424067] hpet0: 8 comparators, 64-bit 14.318180 MHz counter
Jan 12 15:03:06 willLaptopUbuntu kernel: [    0.426102] Switched to clocksource hpet
Jan 12 15:03:06 willLaptopUbuntu kernel: [    0.430427] AppArmor: AppArmor Filesystem Enabled
Jan 12 15:03:06 willLaptopUbuntu kernel: [    0.430451] pnp: PnP ACPI init
Jan 12 15:03:06 willLaptopUbuntu kernel: [    0.430465] ACPI: bus type PNP registered
Jan 12 15:03:06 willLaptopUbuntu kernel: [    0.430518] pnp 00:00: [dma 4]
Jan 12 15:03:06 willLaptopUbuntu kernel: [    0.430540] pnp 00:00: Plug and Play ACPI device, IDs PNP0200 (active)
Jan 12 15:03:06 willLaptopUbuntu kernel: [    0.430560] pnp 00:01: Plug and Play ACPI device, IDs INT0800 (active)
Jan 12 15:03:06 willLaptopUbuntu kernel: [    0.430666] pnp 00:02: Plug and Play ACPI device, IDs PNP0103 (active)
Jan 12 15:03:06 willLaptopUbuntu kernel: [    0.430701] pnp 00:03: Plug and Play ACPI device, IDs PNP0c04 (active)
Jan 12 15:03:06 willLaptopUbuntu kernel: [    0.430743] system 00:04: [io  0x0680-0x069f] has been reserved
Jan 12 15:03:06 willLaptopUbuntu kernel: [    0.430745] system 00:04: [io  0x1000-0x100f] has been reserved
Jan 12 15:03:06 willLaptopUbuntu kernel: [    0.430747] system 00:04: [io  0xffff] has been reserved
Jan 12 15:03:06 willLaptopUbuntu kernel: [    0.430748] system 00:04: [io  0xffff] has been reserved
Jan 12 15:03:06 willLaptopUbuntu kernel: [    0.430751] system 00:04: [io  0x0400-0x0453] could not be reserved
Jan 12 15:03:06 willLaptopUbuntu kernel: [    0.430752] system 00:04: [io  0x0458-0x047f] has been reserved
Jan 12 15:03:06 willLaptopUbuntu kernel: [    0.430754] system 00:04: [io  0x0500-0x057f] has been reserved
Jan 12 15:03:06 willLaptopUbuntu kernel: [    0.430756] system 00:04: [io  0x164e-0x164f] has been reserved
Jan 12 15:03:06 willLaptopUbuntu kernel: [    0.430759] system 00:04: Plug and Play ACPI device, IDs PNP0c02 (active)
Jan 12 15:03:06 willLaptopUbuntu kernel: [    0.430781] pnp 00:05: Plug and Play ACPI device, IDs PNP0b00 (active)
Jan 12 15:03:06 willLaptopUbuntu kernel: [    0.430814] system 00:06: [io  0x0454-0x0457] has been reserved
Jan 12 15:03:06 willLaptopUbuntu kernel: [    0.430816] system 00:06: Plug and Play ACPI device, IDs INT3f0d PNP0c02 (active)
Jan 12 15:03:06 willLaptopUbuntu kernel: [    0.430843] system 00:07: [io  0x0240-0x0259] has been reserved
Jan 12 15:03:06 willLaptopUbuntu kernel: [    0.430845] system 00:07: Plug and Play ACPI device, IDs PNP0c02 (active)
Jan 12 15:03:06 willLaptopUbuntu kernel: [    0.430891] pnp 00:08: Plug and Play ACPI device, IDs SYN0a17 SYN0a00 SYN0002 PNP0f03 PNP0f13 PNP0f12 (active)
Jan 12 15:03:06 willLaptopUbuntu kernel: [    0.430921] pnp 00:09: Plug and Play ACPI device, IDs PNP0303 PNP030b (active)
Jan 12 15:03:06 willLaptopUbuntu kernel: [    0.431129] system 00:0a: [mem 0xfed1c000-0xfed1ffff] has been reserved
Jan 12 15:03:06 willLaptopUbuntu kernel: [    0.431132] system 00:0a: [mem 0xfed10000-0xfed17fff] could not be reserved
Jan 12 15:03:06 willLaptopUbuntu kernel: [    0.431134] system 00:0a: [mem 0xfed18000-0xfed18fff] has been reserved
Jan 12 15:03:06 willLaptopUbuntu kernel: [    0.431135] system 00:0a: [mem 0xfed19000-0xfed19fff] has been reserved
Jan 12 15:03:06 willLaptopUbuntu kernel: [    0.431137] system 00:0a: [mem 0xe0000000-0xe3ffffff] has been reserved
Jan 12 15:03:06 willLaptopUbuntu kernel: [    0.431139] system 00:0a: [mem 0xfed20000-0xfed3ffff] has been reserved
Jan 12 15:03:06 willLaptopUbuntu kernel: [    0.431141] system 00:0a: [mem 0xfed90000-0xfed93fff] has been reserved
Jan 12 15:03:06 willLaptopUbuntu kernel: [    0.431143] system 00:0a: [mem 0xfed45000-0xfed8ffff] has been reserved
Jan 12 15:03:06 willLaptopUbuntu kernel: [    0.431145] system 00:0a: [mem 0xff000000-0xffffffff] could not be reserved
Jan 12 15:03:06 willLaptopUbuntu kernel: [    0.431147] system 00:0a: [mem 0xfee00000-0xfeefffff] could not be reserved
Jan 12 15:03:06 willLaptopUbuntu kernel: [    0.431149] system 00:0a: Plug and Play ACPI device, IDs PNP0c02 (active)
Jan 12 15:03:06 willLaptopUbuntu kernel: [    0.431210] system 00:0b: [mem 0xd2000000-0xd2000fff] has been reserved
Jan 12 15:03:06 willLaptopUbuntu kernel: [    0.431213] system 00:0b: Plug and Play ACPI device, IDs PNP0c02 (active)
Jan 12 15:03:06 willLaptopUbuntu kernel: [    0.431327] system 00:0c: [mem 0x20000000-0x201fffff] has been reserved
Jan 12 15:03:06 willLaptopUbuntu kernel: [    0.431329] system 00:0c: [mem 0x40000000-0x401fffff] has been reserved
Jan 12 15:03:06 willLaptopUbuntu kernel: [    0.431331] system 00:0c: Plug and Play ACPI device, IDs PNP0c01 (active)
Jan 12 15:03:06 willLaptopUbuntu kernel: [    0.431349] pnp: PnP ACPI: found 13 devices
Jan 12 15:03:06 willLaptopUbuntu kernel: [    0.431350] ACPI: bus type PNP unregistered
Jan 12 15:03:06 willLaptopUbuntu kernel: [    0.437688] pci 0000:00:1c.0: PCI bridge to [bus 01]
Jan 12 15:03:06 willLaptopUbuntu kernel: [    0.437692] pci 0000:00:1c.0:   bridge window [io  0xd000-0xdfff]
Jan 12 15:03:06 willLaptopUbuntu kernel: [    0.437698] pci 0000:00:1c.0:   bridge window [mem 0xdf400000-0xdfdfffff]
Jan 12 15:03:06 willLaptopUbuntu kernel: [    0.437703] pci 0000:00:1c.0:   bridge window [mem 0xd1600000-0xd1ffffff 64bit pref]
Jan 12 15:03:06 willLaptopUbuntu kernel: [    0.437709] pci 0000:00:1c.1: PCI bridge to [bus 02]
Jan 12 15:03:06 willLaptopUbuntu kernel: [    0.437712] pci 0000:00:1c.1:   bridge window [io  0xc000-0xcfff]
Jan 12 15:03:06 willLaptopUbuntu kernel: [    0.437718] pci 0000:00:1c.1:   bridge window [mem 0xdea00000-0xdf3fffff]
Jan 12 15:03:06 willLaptopUbuntu kernel: [    0.437722] pci 0000:00:1c.1:   bridge window [mem 0xd0b00000-0xd14fffff 64bit pref]
Jan 12 15:03:06 willLaptopUbuntu kernel: [    0.437729] pci 0000:00:1c.5: PCI bridge to [bus 03]
Jan 12 15:03:06 willLaptopUbuntu kernel: [    0.437732] pci 0000:00:1c.5:   bridge window [io  0xb000-0xbfff]
Jan 12 15:03:06 willLaptopUbuntu kernel: [    0.437737] pci 0000:00:1c.5:   bridge window [mem 0xde000000-0xde9fffff]
Jan 12 15:03:06 willLaptopUbuntu kernel: [    0.437742] pci 0000:00:1c.5:   bridge window [mem 0xd0000000-0xd09fffff 64bit pref]
Jan 12 15:03:06 willLaptopUbuntu kernel: [    0.437749] pci_bus 0000:00: resource 4 [io  0x0000-0x0cf7]
Jan 12 15:03:06 willLaptopUbuntu kernel: [    0.437751] pci_bus 0000:00: resource 5 [io  0x0d00-0xffff]
Jan 12 15:03:06 willLaptopUbuntu kernel: [    0.437753] pci_bus 0000:00: resource 6 [mem 0x000a0000-0x000bffff]
Jan 12 15:03:06 willLaptopUbuntu kernel: [    0.437754] pci_bus 0000:00: resource 7 [mem 0x000d0000-0x000d3fff]
Jan 12 15:03:06 willLaptopUbuntu kernel: [    0.437756] pci_bus 0000:00: resource 8 [mem 0x000d4000-0x000d7fff]
Jan 12 15:03:06 willLaptopUbuntu kernel: [    0.437758] pci_bus 0000:00: resource 9 [mem 0x000d8000-0x000dbfff]
Jan 12 15:03:06 willLaptopUbuntu kernel: [    0.437759] pci_bus 0000:00: resource 10 [mem 0x000dc000-0x000dffff]
Jan 12 15:03:06 willLaptopUbuntu kernel: [    0.437761] pci_bus 0000:00: resource 11 [mem 0x000e0000-0x000e3fff]
Jan 12 15:03:06 willLaptopUbuntu kernel: [    0.437763] pci_bus 0000:00: resource 12 [mem 0x000e4000-0x000e7fff]
Jan 12 15:03:06 willLaptopUbuntu kernel: [    0.437764] pci_bus 0000:00: resource 13 [mem 0xc0000000-0xfeafffff]
Jan 12 15:03:06 willLaptopUbuntu kernel: [    0.437766] pci_bus 0000:00: resource 14 [mem 0xfed40000-0xfed44fff]
Jan 12 15:03:06 willLaptopUbuntu kernel: [    0.437768] pci_bus 0000:01: resource 0 [io  0xd000-0xdfff]
Jan 12 15:03:06 willLaptopUbuntu kernel: [    0.437769] pci_bus 0000:01: resource 1 [mem 0xdf400000-0xdfdfffff]
Jan 12 15:03:06 willLaptopUbuntu kernel: [    0.437771] pci_bus 0000:01: resource 2 [mem 0xd1600000-0xd1ffffff 64bit pref]
Jan 12 15:03:06 willLaptopUbuntu kernel: [    0.437773] pci_bus 0000:02: resource 0 [io  0xc000-0xcfff]
Jan 12 15:03:06 willLaptopUbuntu kernel: [    0.437775] pci_bus 0000:02: resource 1 [mem 0xdea00000-0xdf3fffff]
Jan 12 15:03:06 willLaptopUbuntu kernel: [    0.437776] pci_bus 0000:02: resource 2 [mem 0xd0b00000-0xd14fffff 64bit pref]
Jan 12 15:03:06 willLaptopUbuntu kernel: [    0.437778] pci_bus 0000:03: resource 0 [io  0xb000-0xbfff]
Jan 12 15:03:06 willLaptopUbuntu kernel: [    0.437780] pci_bus 0000:03: resource 1 [mem 0xde000000-0xde9fffff]
Jan 12 15:03:06 willLaptopUbuntu kernel: [    0.437781] pci_bus 0000:03: resource 2 [mem 0xd0000000-0xd09fffff 64bit pref]
Jan 12 15:03:06 willLaptopUbuntu kernel: [    0.437810] NET: Registered protocol family 2
Jan 12 15:03:06 willLaptopUbuntu kernel: [    0.438021] TCP established hash table entries: 32768 (order: 6, 262144 bytes)
Jan 12 15:03:06 willLaptopUbuntu kernel: [    0.438119] TCP bind hash table entries: 32768 (order: 7, 524288 bytes)
Jan 12 15:03:06 willLaptopUbuntu kernel: [    0.438218] TCP: Hash tables configured (established 32768 bind 32768)
Jan 12 15:03:06 willLaptopUbuntu kernel: [    0.438238] TCP: reno registered
Jan 12 15:03:06 willLaptopUbuntu kernel: [    0.438247] UDP hash table entries: 2048 (order: 4, 65536 bytes)
Jan 12 15:03:06 willLaptopUbuntu kernel: [    0.438265] UDP-Lite hash table entries: 2048 (order: 4, 65536 bytes)
Jan 12 15:03:06 willLaptopUbuntu kernel: [    0.438335] NET: Registered protocol family 1
Jan 12 15:03:06 willLaptopUbuntu kernel: [    0.438345] pci 0000:00:02.0: Video device with shadowed ROM
Jan 12 15:03:06 willLaptopUbuntu kernel: [    0.438678] PCI: CLS 64 bytes, default 64
Jan 12 15:03:06 willLaptopUbuntu kernel: [    0.438729] Trying to unpack rootfs image as initramfs...
Jan 12 15:03:06 willLaptopUbuntu kernel: [    0.736640] Freeing initrd memory: 18748K (ffff880035b52000 - ffff880036da1000)
Jan 12 15:03:06 willLaptopUbuntu kernel: [    0.736646] PCI-DMA: Using software bounce buffering for IO (SWIOTLB)
Jan 12 15:03:06 willLaptopUbuntu kernel: [    0.736648] software IO TLB [mem 0xaed21000-0xb2d21000] (64MB) mapped at [ffff8800aed21000-ffff8800b2d20fff]
Jan 12 15:03:06 willLaptopUbuntu kernel: [    0.736888] microcode: CPU0 sig=0x206a7, pf=0x10, revision=0x1a
Jan 12 15:03:06 willLaptopUbuntu kernel: [    0.736894] microcode: CPU1 sig=0x206a7, pf=0x10, revision=0x1a
Jan 12 15:03:06 willLaptopUbuntu kernel: [    0.736899] microcode: CPU2 sig=0x206a7, pf=0x10, revision=0x1a
Jan 12 15:03:06 willLaptopUbuntu kernel: [    0.736906] microcode: CPU3 sig=0x206a7, pf=0x10, revision=0x1a
Jan 12 15:03:06 willLaptopUbuntu kernel: [    0.736964] microcode: Microcode Update Driver: v2.00 <tigran@aivazian.fsnet.co.uk>, Peter Oruba
Jan 12 15:03:06 willLaptopUbuntu kernel: [    0.736965] Scanning for low memory corruption every 60 seconds
Jan 12 15:03:06 willLaptopUbuntu kernel: [    0.737294] Initialise system trusted keyring
Jan 12 15:03:06 willLaptopUbuntu kernel: [    0.737338] audit: initializing netlink socket (disabled)
Jan 12 15:03:06 willLaptopUbuntu kernel: [    0.737347] type=2000 audit(1452610958.488:1): initialized
Jan 12 15:03:06 willLaptopUbuntu kernel: [    0.763407] HugeTLB registered 2 MB page size, pre-allocated 0 pages
Jan 12 15:03:06 willLaptopUbuntu kernel: [    0.764335] zbud: loaded
Jan 12 15:03:06 willLaptopUbuntu kernel: [    0.764478] VFS: Disk quotas dquot_6.5.2
Jan 12 15:03:06 willLaptopUbuntu kernel: [    0.764518] Dquot-cache hash table entries: 512 (order 0, 4096 bytes)
Jan 12 15:03:06 willLaptopUbuntu kernel: [    0.764898] fuse init (API version 7.22)
Jan 12 15:03:06 willLaptopUbuntu kernel: [    0.764960] msgmni has been set to 7458
Jan 12 15:03:06 willLaptopUbuntu kernel: [    0.765008] Key type big_key registered
Jan 12 15:03:06 willLaptopUbuntu kernel: [    0.765403] Key type asymmetric registered
Jan 12 15:03:06 willLaptopUbuntu kernel: [    0.765405] Asymmetric key parser 'x509' registered
Jan 12 15:03:06 willLaptopUbuntu kernel: [    0.765428] Block layer SCSI generic (bsg) driver version 0.4 loaded (major 252)
Jan 12 15:03:06 willLaptopUbuntu kernel: [    0.765463] io scheduler noop registered
Jan 12 15:03:06 willLaptopUbuntu kernel: [    0.765465] io scheduler deadline registered (default)
Jan 12 15:03:06 willLaptopUbuntu kernel: [    0.765485] io scheduler cfq registered
Jan 12 15:03:06 willLaptopUbuntu kernel: [    0.765673] pcieport 0000:00:1c.0: irq 40 for MSI/MSI-X
Jan 12 15:03:06 willLaptopUbuntu kernel: [    0.765824] pcieport 0000:00:1c.1: irq 41 for MSI/MSI-X
Jan 12 15:03:06 willLaptopUbuntu kernel: [    0.765962] pcieport 0000:00:1c.5: irq 42 for MSI/MSI-X
Jan 12 15:03:06 willLaptopUbuntu kernel: [    0.766046] pcieport 0000:00:1c.0: Signaling PME through PCIe PME interrupt
Jan 12 15:03:06 willLaptopUbuntu kernel: [    0.766051] pcie_pme 0000:00:1c.0:pcie01: service driver pcie_pme loaded
Jan 12 15:03:06 willLaptopUbuntu kernel: [    0.766068] pcieport 0000:00:1c.1: Signaling PME through PCIe PME interrupt
Jan 12 15:03:06 willLaptopUbuntu kernel: [    0.766070] pci 0000:02:00.0: Signaling PME through PCIe PME interrupt
Jan 12 15:03:06 willLaptopUbuntu kernel: [    0.766074] pcie_pme 0000:00:1c.1:pcie01: service driver pcie_pme loaded
Jan 12 15:03:06 willLaptopUbuntu kernel: [    0.766091] pcieport 0000:00:1c.5: Signaling PME through PCIe PME interrupt
Jan 12 15:03:06 willLaptopUbuntu kernel: [    0.766092] pci 0000:03:00.0: Signaling PME through PCIe PME interrupt
Jan 12 15:03:06 willLaptopUbuntu kernel: [    0.766097] pcie_pme 0000:00:1c.5:pcie01: service driver pcie_pme loaded
Jan 12 15:03:06 willLaptopUbuntu kernel: [    0.766106] pci_hotplug: PCI Hot Plug PCI Core version: 0.5
Jan 12 15:03:06 willLaptopUbuntu kernel: [    0.766118] pciehp: PCI Express Hot Plug Controller Driver version: 0.4
Jan 12 15:03:06 willLaptopUbuntu kernel: [    0.766147] vesafb: mode is 1366x768x32, linelength=5504, pages=0
Jan 12 15:03:06 willLaptopUbuntu kernel: [    0.766148] vesafb: scrolling: redraw
Jan 12 15:03:06 willLaptopUbuntu kernel: [    0.766150] vesafb: Truecolor: size=8:8:8:8, shift=24:16:8:0
Jan 12 15:03:06 willLaptopUbuntu kernel: [    0.768823] vesafb: framebuffer at 0xc0000000, mapped to 0xffffc90004780000, using 4160k, total 4160k
Jan 12 15:03:06 willLaptopUbuntu kernel: [    0.771382] Console: switching to colour frame buffer device 170x48
Jan 12 15:03:06 willLaptopUbuntu kernel: [    0.773821] fb0: VESA VGA frame buffer device
Jan 12 15:03:06 willLaptopUbuntu kernel: [    0.773839] intel_idle: MWAIT substates: 0x21120
Jan 12 15:03:06 willLaptopUbuntu kernel: [    0.773840] intel_idle: v0.4 model 0x2A
Jan 12 15:03:06 willLaptopUbuntu kernel: [    0.773842] intel_idle: lapic_timer_reliable_states 0xffffffff
Jan 12 15:03:06 willLaptopUbuntu kernel: [    0.773939] ipmi message handler version 39.2
Jan 12 15:03:06 willLaptopUbuntu kernel: [    0.773991] ACPI: Deprecated procfs I/F for AC is loaded, please retry with CONFIG_ACPI_PROCFS_POWER cleared
Jan 12 15:03:06 willLaptopUbuntu kernel: [    0.774031] ACPI: AC Adapter [AC0] (on-line)
Jan 12 15:03:06 willLaptopUbuntu kernel: [    0.774136] input: Lid Switch as /devices/LNXSYSTM:00/device:00/PNP0C0D:00/input/input0
Jan 12 15:03:06 willLaptopUbuntu kernel: [    0.794527] ACPI: Lid Switch [LID]
Jan 12 15:03:06 willLaptopUbuntu kernel: [    0.794560] input: Sleep Button as /devices/LNXSYSTM:00/device:00/PNP0C0E:00/input/input1
Jan 12 15:03:06 willLaptopUbuntu kernel: [    0.794564] ACPI: Sleep Button [SLPB]
Jan 12 15:03:06 willLaptopUbuntu kernel: [    0.794593] input: Power Button as /devices/LNXSYSTM:00/LNXPWRBN:00/input/input2
Jan 12 15:03:06 willLaptopUbuntu kernel: [    0.794595] ACPI: Power Button [PWRF]
Jan 12 15:03:06 willLaptopUbuntu kernel: [    0.795184] thermal LNXTHERM:00: registered as thermal_zone0
Jan 12 15:03:06 willLaptopUbuntu kernel: [    0.795187] ACPI: Thermal Zone [THRM] (31 C)
Jan 12 15:03:06 willLaptopUbuntu kernel: [    0.795206] GHES: HEST is not enabled!
Jan 12 15:03:06 willLaptopUbuntu kernel: [    0.795287] Serial: 8250/16550 driver, 32 ports, IRQ sharing enabled
Jan 12 15:03:06 willLaptopUbuntu kernel: [    0.796841] Linux agpgart interface v0.103
Jan 12 15:03:06 willLaptopUbuntu kernel: [    0.799037] brd: module loaded
Jan 12 15:03:06 willLaptopUbuntu kernel: [    0.800063] loop: module loaded
Jan 12 15:03:06 willLaptopUbuntu kernel: [    0.800351] libphy: Fixed MDIO Bus: probed
Jan 12 15:03:06 willLaptopUbuntu kernel: [    0.800425] tun: Universal TUN/TAP device driver, 1.6
Jan 12 15:03:06 willLaptopUbuntu kernel: [    0.800426] tun: (C) 1999-2004 Max Krasnyansky <maxk@qualcomm.com>
Jan 12 15:03:06 willLaptopUbuntu kernel: [    0.800467] PPP generic driver version 2.4.2
Jan 12 15:03:06 willLaptopUbuntu kernel: [    0.800507] ehci_hcd: USB 2.0 'Enhanced' Host Controller (EHCI) Driver
Jan 12 15:03:06 willLaptopUbuntu kernel: [    0.800510] ehci-pci: EHCI PCI platform driver
Jan 12 15:03:06 willLaptopUbuntu kernel: [    0.800627] ehci-pci 0000:00:1a.0: EHCI Host Controller
Jan 12 15:03:06 willLaptopUbuntu kernel: [    0.800632] ehci-pci 0000:00:1a.0: new USB bus registered, assigned bus number 1
Jan 12 15:03:06 willLaptopUbuntu kernel: [    0.800646] ehci-pci 0000:00:1a.0: debug port 2
Jan 12 15:03:06 willLaptopUbuntu kernel: [    0.804557] ehci-pci 0000:00:1a.0: cache line size of 64 is not supported
Jan 12 15:03:06 willLaptopUbuntu kernel: [    0.804577] ehci-pci 0000:00:1a.0: irq 16, io mem 0xdfe08000
Jan 12 15:03:06 willLaptopUbuntu kernel: [    0.807573] ACPI: Deprecated procfs I/F for battery is loaded, please retry with CONFIG_ACPI_PROCFS_POWER cleared
Jan 12 15:03:06 willLaptopUbuntu kernel: [    0.807577] ACPI: Battery Slot [BAT0] (battery present)
Jan 12 15:03:06 willLaptopUbuntu kernel: [    0.814448] ehci-pci 0000:00:1a.0: USB 2.0 started, EHCI 1.00
Jan 12 15:03:06 willLaptopUbuntu kernel: [    0.814489] usb usb1: New USB device found, idVendor=1d6b, idProduct=0002
Jan 12 15:03:06 willLaptopUbuntu kernel: [    0.814491] usb usb1: New USB device strings: Mfr=3, Product=2, SerialNumber=1
Jan 12 15:03:06 willLaptopUbuntu kernel: [    0.814493] usb usb1: Product: EHCI Host Controller
Jan 12 15:03:06 willLaptopUbuntu kernel: [    0.814494] usb usb1: Manufacturer: Linux 3.13.0-73-generic ehci_hcd
Jan 12 15:03:06 willLaptopUbuntu kernel: [    0.814496] usb usb1: SerialNumber: 0000:00:1a.0
Jan 12 15:03:06 willLaptopUbuntu kernel: [    0.814592] hub 1-0:1.0: USB hub found
Jan 12 15:03:06 willLaptopUbuntu kernel: [    0.814599] hub 1-0:1.0: 2 ports detected
Jan 12 15:03:06 willLaptopUbuntu kernel: [    0.814759] ehci-pci 0000:00:1d.0: EHCI Host Controller
Jan 12 15:03:06 willLaptopUbuntu kernel: [    0.814764] ehci-pci 0000:00:1d.0: new USB bus registered, assigned bus number 2
Jan 12 15:03:06 willLaptopUbuntu kernel: [    0.814776] ehci-pci 0000:00:1d.0: debug port 2
Jan 12 15:03:06 willLaptopUbuntu kernel: [    0.818667] ehci-pci 0000:00:1d.0: cache line size of 64 is not supported
Jan 12 15:03:06 willLaptopUbuntu kernel: [    0.818680] ehci-pci 0000:00:1d.0: irq 23, io mem 0xdfe07000
Jan 12 15:03:06 willLaptopUbuntu kernel: [    0.830477] ehci-pci 0000:00:1d.0: USB 2.0 started, EHCI 1.00
Jan 12 15:03:06 willLaptopUbuntu kernel: [    0.830561] usb usb2: New USB device found, idVendor=1d6b, idProduct=0002
Jan 12 15:03:06 willLaptopUbuntu kernel: [    0.830567] usb usb2: New USB device strings: Mfr=3, Product=2, SerialNumber=1
Jan 12 15:03:06 willLaptopUbuntu kernel: [    0.830580] usb usb2: Product: EHCI Host Controller
Jan 12 15:03:06 willLaptopUbuntu kernel: [    0.830582] usb usb2: Manufacturer: Linux 3.13.0-73-generic ehci_hcd
Jan 12 15:03:06 willLaptopUbuntu kernel: [    0.830584] usb usb2: SerialNumber: 0000:00:1d.0
Jan 12 15:03:06 willLaptopUbuntu kernel: [    0.830722] hub 2-0:1.0: USB hub found
Jan 12 15:03:06 willLaptopUbuntu kernel: [    0.830729] hub 2-0:1.0: 2 ports detected
Jan 12 15:03:06 willLaptopUbuntu kernel: [    0.830803] ehci-platform: EHCI generic platform driver
Jan 12 15:03:06 willLaptopUbuntu kernel: [    0.830810] ohci_hcd: USB 1.1 'Open' Host Controller (OHCI) Driver
Jan 12 15:03:06 willLaptopUbuntu kernel: [    0.830812] ohci-pci: OHCI PCI platform driver
Jan 12 15:03:06 willLaptopUbuntu kernel: [    0.830818] ohci-platform: OHCI generic platform driver
Jan 12 15:03:06 willLaptopUbuntu kernel: [    0.830823] uhci_hcd: USB Universal Host Controller Interface driver
Jan 12 15:03:06 willLaptopUbuntu kernel: [    0.830872] i8042: PNP: PS/2 Controller [PNP0303:PS2K,PNP0f03:PS2M] at 0x60,0x64 irq 1,12
Jan 12 15:03:06 willLaptopUbuntu kernel: [    0.832539] i8042: Detected active multiplexing controller, rev 1.1
Jan 12 15:03:06 willLaptopUbuntu kernel: [    0.833738] serio: i8042 KBD port at 0x60,0x64 irq 1
Jan 12 15:03:06 willLaptopUbuntu kernel: [    0.833742] serio: i8042 AUX0 port at 0x60,0x64 irq 12
Jan 12 15:03:06 willLaptopUbuntu kernel: [    0.833761] serio: i8042 AUX1 port at 0x60,0x64 irq 12
Jan 12 15:03:06 willLaptopUbuntu kernel: [    0.833776] serio: i8042 AUX2 port at 0x60,0x64 irq 12
Jan 12 15:03:06 willLaptopUbuntu kernel: [    0.833791] serio: i8042 AUX3 port at 0x60,0x64 irq 12
Jan 12 15:03:06 willLaptopUbuntu kernel: [    0.834021] mousedev: PS/2 mouse device common for all mice
Jan 12 15:03:06 willLaptopUbuntu kernel: [    0.834437] rtc_cmos 00:05: RTC can wake from S4
Jan 12 15:03:06 willLaptopUbuntu kernel: [    0.834582] rtc_cmos 00:05: rtc core: registered rtc_cmos as rtc0
Jan 12 15:03:06 willLaptopUbuntu kernel: [    0.834611] rtc_cmos 00:05: alarms up to one year, y3k, 242 bytes nvram, hpet irqs
Jan 12 15:03:06 willLaptopUbuntu kernel: [    0.834664] device-mapper: uevent: version 1.0.3
Jan 12 15:03:06 willLaptopUbuntu kernel: [    0.834719] device-mapper: ioctl: 4.27.0-ioctl (2013-10-30) initialised: dm-devel@redhat.com
Jan 12 15:03:06 willLaptopUbuntu kernel: [    0.834729] ledtrig-cpu: registered to indicate activity on CPUs
Jan 12 15:03:06 willLaptopUbuntu kernel: [    0.834819] TCP: cubic registered
Jan 12 15:03:06 willLaptopUbuntu kernel: [    0.834884] NET: Registered protocol family 10
Jan 12 15:03:06 willLaptopUbuntu kernel: [    0.835014] NET: Registered protocol family 17
Jan 12 15:03:06 willLaptopUbuntu kernel: [    0.835022] Key type dns_resolver registered
Jan 12 15:03:06 willLaptopUbuntu kernel: [    0.835614] Loading compiled-in X.509 certificates
Jan 12 15:03:06 willLaptopUbuntu kernel: [    0.836545] Loaded X.509 cert 'Magrathea: Glacier signing key: 0aabf0b028abe37a8b656ba10419f0888b215d51'
Jan 12 15:03:06 willLaptopUbuntu kernel: [    0.836559] registered taskstats version 1
Jan 12 15:03:06 willLaptopUbuntu kernel: [    0.838466] Key type trusted registered
Jan 12 15:03:06 willLaptopUbuntu kernel: [    0.841428] Key type encrypted registered
Jan 12 15:03:06 willLaptopUbuntu kernel: [    0.841433] AppArmor: AppArmor sha1 policy hashing enabled
Jan 12 15:03:06 willLaptopUbuntu kernel: [    0.841435] IMA: No TPM chip found, activating TPM-bypass!
Jan 12 15:03:06 willLaptopUbuntu kernel: [    0.841692] regulator-dummy: disabling
Jan 12 15:03:06 willLaptopUbuntu kernel: [    0.841746]   Magic number: 0:422:32
Jan 12 15:03:06 willLaptopUbuntu kernel: [    0.841838] rtc_cmos 00:05: setting system clock to 2016-01-12 15:02:39 UTC (1452610959)
Jan 12 15:03:06 willLaptopUbuntu kernel: [    0.842436] BIOS EDD facility v0.16 2004-Jun-25, 0 devices found
Jan 12 15:03:06 willLaptopUbuntu kernel: [    0.842437] EDD information not available.
Jan 12 15:03:06 willLaptopUbuntu kernel: [    0.842497] PM: Hibernation image not present or could not be loaded.
Jan 12 15:03:06 willLaptopUbuntu kernel: [    0.843667] Freeing unused kernel memory: 1336K (ffffffff81d20000 - ffffffff81e6e000)
Jan 12 15:03:06 willLaptopUbuntu kernel: [    0.843669] Write protecting the kernel read-only data: 12288k
Jan 12 15:03:06 willLaptopUbuntu kernel: [    0.843926] Freeing unused kernel memory: 780K (ffff88000173d000 - ffff880001800000)
Jan 12 15:03:06 willLaptopUbuntu kernel: [    0.845335] Freeing unused kernel memory: 680K (ffff880001b56000 - ffff880001c00000)
Jan 12 15:03:06 willLaptopUbuntu kernel: [    0.871136] input: AT Translated Set 2 keyboard as /devices/platform/i8042/serio0/input/input3
Jan 12 15:03:06 willLaptopUbuntu kernel: [    0.878576] ahci 0000:00:1f.2: version 3.0
Jan 12 15:03:06 willLaptopUbuntu kernel: [    0.878692] ahci 0000:00:1f.2: irq 43 for MSI/MSI-X
Jan 12 15:03:06 willLaptopUbuntu kernel: [    0.894542] ahci 0000:00:1f.2: AHCI 0001.0300 32 slots 6 ports 6 Gbps 0x5 impl SATA mode
Jan 12 15:03:06 willLaptopUbuntu kernel: [    0.894547] ahci 0000:00:1f.2: flags: 64bit ncq sntf pm led clo pio slum part ems apst 
Jan 12 15:03:06 willLaptopUbuntu kernel: [    0.903010] scsi0 : ahci
Jan 12 15:03:06 willLaptopUbuntu kernel: [    0.903076] scsi1 : ahci
Jan 12 15:03:06 willLaptopUbuntu kernel: [    0.903130] scsi2 : ahci
Jan 12 15:03:06 willLaptopUbuntu kernel: [    0.903179] scsi3 : ahci
Jan 12 15:03:06 willLaptopUbuntu kernel: [    0.903231] scsi4 : ahci
Jan 12 15:03:06 willLaptopUbuntu kernel: [    0.903280] scsi5 : ahci
Jan 12 15:03:06 willLaptopUbuntu kernel: [    0.903308] ata1: SATA max UDMA/133 abar m2048@0xdfe06000 port 0xdfe06100 irq 43
Jan 12 15:03:06 willLaptopUbuntu kernel: [    0.903310] ata2: DUMMY
Jan 12 15:03:06 willLaptopUbuntu kernel: [    0.903312] ata3: SATA max UDMA/133 abar m2048@0xdfe06000 port 0xdfe06200 irq 43
Jan 12 15:03:06 willLaptopUbuntu kernel: [    0.903313] ata4: DUMMY
Jan 12 15:03:06 willLaptopUbuntu kernel: [    0.903314] ata5: DUMMY
Jan 12 15:03:06 willLaptopUbuntu kernel: [    0.903315] ata6: DUMMY
Jan 12 15:03:06 willLaptopUbuntu kernel: [    0.907829] atl1c 0000:03:00.0: version 1.0.1.1-NAPI
Jan 12 15:03:06 willLaptopUbuntu kernel: [    1.126775] usb 1-1: new high-speed USB device number 2 using ehci-pci
Jan 12 15:03:06 willLaptopUbuntu kernel: [    1.222919] ata3: SATA link up 1.5 Gbps (SStatus 113 SControl 300)
Jan 12 15:03:06 willLaptopUbuntu kernel: [    1.222966] ata1: SATA link up 3.0 Gbps (SStatus 123 SControl 300)
Jan 12 15:03:06 willLaptopUbuntu kernel: [    1.225308] ata3.00: ACPI cmd ef/10:06:00:00:00:a0 (SET FEATURES) succeeded
Jan 12 15:03:06 willLaptopUbuntu kernel: [    1.225320] ata3.00: ACPI cmd ef/10:03:00:00:00:a0 (SET FEATURES) filtered out
Jan 12 15:03:06 willLaptopUbuntu kernel: [    1.226692] ata1.00: ACPI cmd f5/00:00:00:00:00:a0 (SECURITY FREEZE LOCK) filtered out
Jan 12 15:03:06 willLaptopUbuntu kernel: [    1.226943] ata1.00: ACPI cmd ef/10:06:00:00:00:a0 (SET FEATURES) succeeded
Jan 12 15:03:06 willLaptopUbuntu kernel: [    1.226967] ata1.00: ACPI cmd ef/10:03:00:00:00:a0 (SET FEATURES) filtered out
Jan 12 15:03:06 willLaptopUbuntu kernel: [    1.227068] ata3.00: ATAPI: MATSHITADVD-RAM UJ8B0, 1.00, max UDMA/100
Jan 12 15:03:06 willLaptopUbuntu kernel: [    1.229873] ata3.00: ACPI cmd ef/10:06:00:00:00:a0 (SET FEATURES) succeeded
Jan 12 15:03:06 willLaptopUbuntu kernel: [    1.229884] ata3.00: ACPI cmd ef/10:03:00:00:00:a0 (SET FEATURES) filtered out
Jan 12 15:03:06 willLaptopUbuntu kernel: [    1.231632] ata3.00: configured for UDMA/100
Jan 12 15:03:06 willLaptopUbuntu kernel: [    1.231924] ata1.00: ATA-8: WDC WD5000BPVT-80HXZT3, 01.01A01, max UDMA/133
Jan 12 15:03:06 willLaptopUbuntu kernel: [    1.231933] ata1.00: 976773168 sectors, multi 16: LBA48 NCQ (depth 31/32), AA
Jan 12 15:03:06 willLaptopUbuntu kernel: [    1.235966] ata1.00: ACPI cmd f5/00:00:00:00:00:a0 (SECURITY FREEZE LOCK) filtered out
Jan 12 15:03:06 willLaptopUbuntu kernel: [    1.236209] ata1.00: ACPI cmd ef/10:06:00:00:00:a0 (SET FEATURES) succeeded
Jan 12 15:03:06 willLaptopUbuntu kernel: [    1.236220] ata1.00: ACPI cmd ef/10:03:00:00:00:a0 (SET FEATURES) filtered out
Jan 12 15:03:06 willLaptopUbuntu kernel: [    1.240245] ata1.00: configured for UDMA/133
Jan 12 15:03:06 willLaptopUbuntu kernel: [    1.240526] scsi 0:0:0:0: Direct-Access     ATA      WDC WD5000BPVT-8 01.0 PQ: 0 ANSI: 5
Jan 12 15:03:06 willLaptopUbuntu kernel: [    1.240671] sd 0:0:0:0: [sda] 976773168 512-byte logical blocks: (500 GB/465 GiB)
Jan 12 15:03:06 willLaptopUbuntu kernel: [    1.240676] sd 0:0:0:0: [sda] 4096-byte physical blocks
Jan 12 15:03:06 willLaptopUbuntu kernel: [    1.240688] sd 0:0:0:0: Attached scsi generic sg0 type 0
Jan 12 15:03:06 willLaptopUbuntu kernel: [    1.240721] sd 0:0:0:0: [sda] Write Protect is off
Jan 12 15:03:06 willLaptopUbuntu kernel: [    1.240724] sd 0:0:0:0: [sda] Mode Sense: 00 3a 00 00
Jan 12 15:03:06 willLaptopUbuntu kernel: [    1.240748] sd 0:0:0:0: [sda] Write cache: enabled, read cache: enabled, doesn't support DPO or FUA
Jan 12 15:03:06 willLaptopUbuntu kernel: [    1.242357] scsi 2:0:0:0: CD-ROM            MATSHITA DVD-RAM UJ8B0    1.00 PQ: 0 ANSI: 5
Jan 12 15:03:06 willLaptopUbuntu kernel: [    1.244666] sr0: scsi3-mmc drive: 24x/24x writer dvd-ram cd/rw xa/form2 cdda tray
Jan 12 15:03:06 willLaptopUbuntu kernel: [    1.244668] cdrom: Uniform CD-ROM driver Revision: 3.20
Jan 12 15:03:06 willLaptopUbuntu kernel: [    1.244767] sr 2:0:0:0: Attached scsi CD-ROM sr0
Jan 12 15:03:06 willLaptopUbuntu kernel: [    1.244820] sr 2:0:0:0: Attached scsi generic sg1 type 5
Jan 12 15:03:06 willLaptopUbuntu kernel: [    1.259585] usb 1-1: New USB device found, idVendor=8087, idProduct=0024
Jan 12 15:03:06 willLaptopUbuntu kernel: [    1.259594] usb 1-1: New USB device strings: Mfr=0, Product=0, SerialNumber=0
Jan 12 15:03:06 willLaptopUbuntu kernel: [    1.259828] hub 1-1:1.0: USB hub found
Jan 12 15:03:06 willLaptopUbuntu kernel: [    1.259879] hub 1-1:1.0: 6 ports detected
Jan 12 15:03:06 willLaptopUbuntu kernel: [    1.300673]  sda: sda1 sda2 sda3 sda4 < sda5 >
Jan 12 15:03:06 willLaptopUbuntu kernel: [    1.301360] sd 0:0:0:0: [sda] Attached SCSI disk
Jan 12 15:03:06 willLaptopUbuntu kernel: [    1.370943] usb 2-1: new high-speed USB device number 2 using ehci-pci
Jan 12 15:03:06 willLaptopUbuntu kernel: [    1.503357] usb 2-1: New USB device found, idVendor=8087, idProduct=0024
Jan 12 15:03:06 willLaptopUbuntu kernel: [    1.503368] usb 2-1: New USB device strings: Mfr=0, Product=0, SerialNumber=0
Jan 12 15:03:06 willLaptopUbuntu kernel: [    1.503621] hub 2-1:1.0: USB hub found
Jan 12 15:03:06 willLaptopUbuntu kernel: [    1.503709] hub 2-1:1.0: 6 ports detected
Jan 12 15:03:06 willLaptopUbuntu kernel: [    1.575154] usb 1-1.2: new high-speed USB device number 3 using ehci-pci
Jan 12 15:03:06 willLaptopUbuntu kernel: [    1.703328] psmouse serio4: synaptics: queried max coordinates: x [..5762], y [..4902]
Jan 12 15:03:06 willLaptopUbuntu kernel: [    1.735288] tsc: Refined TSC clocksource calibration: 2394.560 MHz
Jan 12 15:03:06 willLaptopUbuntu kernel: [    1.756047] psmouse serio4: synaptics: Touchpad model: 1, fw: 7.5, id: 0x1e0b1, caps: 0xd00073/0x240000/0xa0400, board id: 1704, fw id: 705499
Jan 12 15:03:06 willLaptopUbuntu kernel: [    1.791704] input: SynPS/2 Synaptics TouchPad as /devices/platform/i8042/serio4/input/input11
Jan 12 15:03:06 willLaptopUbuntu kernel: [    1.800220] usb 1-1.2: New USB device found, idVendor=058f, idProduct=a014
Jan 12 15:03:06 willLaptopUbuntu kernel: [    1.800231] usb 1-1.2: New USB device strings: Mfr=3, Product=1, SerialNumber=0
Jan 12 15:03:06 willLaptopUbuntu kernel: [    1.800233] usb 1-1.2: Product: ASUS USB2.0 WebCam
Jan 12 15:03:06 willLaptopUbuntu kernel: [    1.800235] usb 1-1.2: Manufacturer: 04G6200086K1AN1A500020A
Jan 12 15:03:06 willLaptopUbuntu kernel: [    2.496273] random: nonblocking pool is initialized
Jan 12 15:03:06 willLaptopUbuntu kernel: [    2.612930] EXT4-fs (sda5): INFO: recovery required on readonly filesystem
Jan 12 15:03:06 willLaptopUbuntu kernel: [    2.612933] EXT4-fs (sda5): write access will be enabled during recovery
Jan 12 15:03:06 willLaptopUbuntu kernel: [    2.736281] Switched to clocksource tsc
Jan 12 15:03:06 willLaptopUbuntu kernel: [    5.106297] EXT4-fs (sda5): orphan cleanup on readonly fs
Jan 12 15:03:06 willLaptopUbuntu kernel: [    5.705296] EXT4-fs (sda5): 74 orphan inodes deleted
Jan 12 15:03:06 willLaptopUbuntu kernel: [    5.705299] EXT4-fs (sda5): recovery complete
Jan 12 15:03:06 willLaptopUbuntu kernel: [    6.727782] EXT4-fs (sda5): mounted filesystem with ordered data mode. Opts: (null)
Jan 12 15:03:06 willLaptopUbuntu kernel: [   23.266578] Adding 511996k swap on /dev/sda3.  Priority:-1 extents:1 across:511996k FS
Jan 12 15:03:06 willLaptopUbuntu kernel: [   23.341613] IPv6: ADDRCONF(NETDEV_UP): eth0: link is not ready
Jan 12 15:03:06 willLaptopUbuntu kernel: [   23.644336] lp: driver loaded but no devices found
Jan 12 15:03:06 willLaptopUbuntu kernel: [   23.653046] ppdev: user-space parallel port driver
Jan 12 15:03:06 willLaptopUbuntu kernel: [   23.664319] [drm] Initialized drm 1.1.0 20060810
Jan 12 15:03:06 willLaptopUbuntu kernel: [   23.687349] [drm] Memory usable by graphics device = 2048M
Jan 12 15:03:06 willLaptopUbuntu kernel: [   23.687355] checking generic (c0000000 410000) vs hw (c0000000 10000000)
Jan 12 15:03:06 willLaptopUbuntu kernel: [   23.687358] fb: conflicting fb hw usage inteldrmfb vs VESA VGA - removing generic driver
Jan 12 15:03:06 willLaptopUbuntu kernel: [   23.687378] Console: switching to colour dummy device 80x25
Jan 12 15:03:06 willLaptopUbuntu kernel: [   23.693344] wmi: Mapper loaded
Jan 12 15:03:06 willLaptopUbuntu kernel: [   23.814034] i915 0000:00:02.0: irq 44 for MSI/MSI-X
Jan 12 15:03:06 willLaptopUbuntu kernel: [   23.814043] [drm] Supports vblank timestamp caching Rev 2 (21.10.2013).
Jan 12 15:03:06 willLaptopUbuntu kernel: [   23.814044] [drm] Driver supports precise vblank timestamp query.
Jan 12 15:03:06 willLaptopUbuntu kernel: [   23.826093] vgaarb: device changed decodes: PCI:0000:00:02.0,olddecodes=io+mem,decodes=io+mem:owns=io+mem
Jan 12 15:03:06 willLaptopUbuntu kernel: [   23.854212] [drm] Wrong MCH_SSKPD value: 0x16040307
Jan 12 15:03:06 willLaptopUbuntu kernel: [   23.854215] [drm] This can cause pipe underruns and display issues.
Jan 12 15:03:06 willLaptopUbuntu kernel: [   23.854216] [drm] Please upgrade your BIOS to fix this.
Jan 12 15:03:06 willLaptopUbuntu kernel: [   23.872061] fbcon: inteldrmfb (fb0) is primary device
Jan 12 15:03:06 willLaptopUbuntu kernel: [   24.010453] Linux video capture interface: v2.00
Jan 12 15:03:06 willLaptopUbuntu kernel: [   24.017504] uvcvideo: Found UVC 1.00 device ASUS USB2.0 WebCam (058f:a014)
Jan 12 15:03:06 willLaptopUbuntu kernel: [   24.020215] input: ASUS USB2.0 WebCam as /devices/pci0000:00/0000:00:1a.0/usb1/1-1/1-1.2/1-1.2:1.0/input/input12
Jan 12 15:03:06 willLaptopUbuntu kernel: [   24.020292] usbcore: registered new interface driver uvcvideo
Jan 12 15:03:06 willLaptopUbuntu kernel: [   24.020292] USB Video Class driver (1.1.1)
Jan 12 15:03:06 willLaptopUbuntu kernel: [   24.364662] asus_wmi: ASUS WMI generic driver loaded
Jan 12 15:03:06 willLaptopUbuntu kernel: [   24.365710] asus_wmi: Initialization: 0x1
Jan 12 15:03:06 willLaptopUbuntu kernel: [   24.365729] asus_wmi: BIOS WMI version: 7.6
Jan 12 15:03:06 willLaptopUbuntu kernel: [   24.365759] asus_wmi: SFUN value: 0x1a0877
Jan 12 15:03:06 willLaptopUbuntu kernel: [   24.366127] input: Asus WMI hotkeys as /devices/platform/asus-nb-wmi/input/input13
Jan 12 15:03:06 willLaptopUbuntu kernel: [   24.459621] asus_wmi: Backlight controlled by ACPI video driver
Jan 12 15:03:06 willLaptopUbuntu kernel: [   24.558788] Console: switching to colour frame buffer device 170x48
Jan 12 15:03:06 willLaptopUbuntu kernel: [   24.560902] i915 0000:00:02.0: fb0: inteldrmfb frame buffer device
Jan 12 15:03:06 willLaptopUbuntu kernel: [   24.560905] i915 0000:00:02.0: registered panic notifier
Jan 12 15:03:06 willLaptopUbuntu kernel: [   24.572786] ACPI: Video Device [GFX0] (multi-head: yes  rom: no  post: no)
Jan 12 15:03:06 willLaptopUbuntu kernel: [   24.573899] acpi device:45: registered as cooling_device5
Jan 12 15:03:06 willLaptopUbuntu kernel: [   24.574109] input: Video Bus as /devices/LNXSYSTM:00/device:00/PNP0A08:00/LNXVIDEO:01/input/input14
Jan 12 15:03:06 willLaptopUbuntu kernel: [   24.574445] [drm] Initialized i915 1.6.0 20080730 for 0000:00:02.0 on minor 0
Jan 12 15:03:06 willLaptopUbuntu kernel: [   24.577436] shpchp: Standard Hot Plug PCI Controller Driver version: 0.4
Jan 12 15:03:06 willLaptopUbuntu kernel: [   24.577602] mei_me 0000:00:16.0: irq 45 for MSI/MSI-X
Jan 12 15:03:06 willLaptopUbuntu kernel: [   24.584881] ACPI Warning: 0x0000000000000428-0x000000000000042f SystemIO conflicts with Region \GPIS 1 (20131115/utaddress-251)
Jan 12 15:03:06 willLaptopUbuntu kernel: [   24.584889] ACPI Warning: 0x0000000000000428-0x000000000000042f SystemIO conflicts with Region \PMIO 2 (20131115/utaddress-251)
Jan 12 15:03:06 willLaptopUbuntu kernel: [   24.584894] ACPI: If an ACPI driver is available for this device, you should use it instead of the native driver
Jan 12 15:03:06 willLaptopUbuntu kernel: [   24.584898] ACPI Warning: 0x0000000000000540-0x000000000000054f SystemIO conflicts with Region \GPIO 1 (20131115/utaddress-251)
Jan 12 15:03:06 willLaptopUbuntu kernel: [   24.584902] ACPI Warning: 0x0000000000000540-0x000000000000054f SystemIO conflicts with Region \GP01 2 (20131115/utaddress-251)
Jan 12 15:03:06 willLaptopUbuntu kernel: [   24.584905] ACPI: If an ACPI driver is available for this device, you should use it instead of the native driver
Jan 12 15:03:06 willLaptopUbuntu kernel: [   24.584906] ACPI Warning: 0x0000000000000530-0x000000000000053f SystemIO conflicts with Region \GPIO 1 (20131115/utaddress-251)
Jan 12 15:03:06 willLaptopUbuntu kernel: [   24.584909] ACPI Warning: 0x0000000000000530-0x000000000000053f SystemIO conflicts with Region \GP01 2 (20131115/utaddress-251)
Jan 12 15:03:06 willLaptopUbuntu kernel: [   24.584913] ACPI: If an ACPI driver is available for this device, you should use it instead of the native driver
Jan 12 15:03:06 willLaptopUbuntu kernel: [   24.584914] ACPI Warning: 0x0000000000000500-0x000000000000052f SystemIO conflicts with Region \GPIO 1 (20131115/utaddress-251)
Jan 12 15:03:06 willLaptopUbuntu kernel: [   24.584917] ACPI Warning: 0x0000000000000500-0x000000000000052f SystemIO conflicts with Region \GP01 2 (20131115/utaddress-251)
Jan 12 15:03:06 willLaptopUbuntu kernel: [   24.584921] ACPI: If an ACPI driver is available for this device, you should use it instead of the native driver
Jan 12 15:03:06 willLaptopUbuntu kernel: [   24.584922] lpc_ich: Resource conflict(s) found affecting gpio_ich
Jan 12 15:03:06 willLaptopUbuntu kernel: [   24.585641] snd_hda_intel 0000:00:1b.0: irq 46 for MSI/MSI-X
Jan 12 15:03:06 willLaptopUbuntu kernel: [   24.591157] cfg80211: Calling CRDA to update world regulatory domain
Jan 12 15:03:06 willLaptopUbuntu kernel: [   24.599145] SKU: Nid=0x1d sku_cfg=0x40079a2d
Jan 12 15:03:06 willLaptopUbuntu kernel: [   24.599148] SKU: port_connectivity=0x1
Jan 12 15:03:06 willLaptopUbuntu kernel: [   24.599150] SKU: enable_pcbeep=0x0
Jan 12 15:03:06 willLaptopUbuntu kernel: [   24.599151] SKU: check_sum=0x00000007
Jan 12 15:03:06 willLaptopUbuntu kernel: [   24.599152] SKU: customization=0x0000009a
Jan 12 15:03:06 willLaptopUbuntu kernel: [   24.599153] SKU: external_amp=0x5
Jan 12 15:03:06 willLaptopUbuntu kernel: [   24.599154] SKU: platform_type=0x1
Jan 12 15:03:06 willLaptopUbuntu kernel: [   24.599155] SKU: swap=0x0
Jan 12 15:03:06 willLaptopUbuntu kernel: [   24.599156] SKU: override=0x1
Jan 12 15:03:06 willLaptopUbuntu kernel: [   24.599666] autoconfig: line_outs=1 (0x14/0x0/0x0/0x0/0x0) type:speaker
Jan 12 15:03:06 willLaptopUbuntu kernel: [   24.599669]    speaker_outs=0 (0x0/0x0/0x0/0x0/0x0)
Jan 12 15:03:06 willLaptopUbuntu kernel: [   24.599671]    hp_outs=1 (0x21/0x0/0x0/0x0/0x0)
Jan 12 15:03:06 willLaptopUbuntu kernel: [   24.599672]    mono: mono_out=0x0
Jan 12 15:03:06 willLaptopUbuntu kernel: [   24.599673]    inputs:
Jan 12 15:03:06 willLaptopUbuntu kernel: [   24.599675]      Internal Mic=0x19
Jan 12 15:03:06 willLaptopUbuntu kernel: [   24.599677]      Mic=0x18
Jan 12 15:03:06 willLaptopUbuntu kernel: [   24.599679] realtek: No valid SSID, checking pincfg 0x40079a2d for NID 0x1d
Jan 12 15:03:06 willLaptopUbuntu kernel: [   24.599681] realtek: Enabling init ASM_ID=0x9a2d CODEC_ID=10ec0269
Jan 12 15:03:06 willLaptopUbuntu kernel: [   24.610749] input: HDA Intel PCH HDMI/DP,pcm=3 as /devices/pci0000:00/0000:00:1b.0/sound/card0/input17
Jan 12 15:03:06 willLaptopUbuntu kernel: [   24.610907] input: HDA Intel PCH Headphone as /devices/pci0000:00/0000:00:1b.0/sound/card0/input16
Jan 12 15:03:06 willLaptopUbuntu kernel: [   24.611035] input: HDA Intel PCH Mic as /devices/pci0000:00/0000:00:1b.0/sound/card0/input15
Jan 12 15:03:06 willLaptopUbuntu kernel: [   24.634744] type=1400 audit(1452628983.271:2): apparmor="STATUS" operation="profile_load" profile="unconfined" name="/sbin/dhclient" pid=467 comm="apparmor_parser"
Jan 12 15:03:06 willLaptopUbuntu kernel: [   24.634752] type=1400 audit(1452628983.271:3): apparmor="STATUS" operation="profile_load" profile="unconfined" name="/usr/lib/NetworkManager/nm-dhcp-client.action" pid=467 comm="apparmor_parser"
Jan 12 15:03:06 willLaptopUbuntu kernel: [   24.634758] type=1400 audit(1452628983.271:4): apparmor="STATUS" operation="profile_load" profile="unconfined" name="/usr/lib/connman/scripts/dhclient-script" pid=467 comm="apparmor_parser"
Jan 12 15:03:06 willLaptopUbuntu kernel: [   24.635257] type=1400 audit(1452628983.271:5): apparmor="STATUS" operation="profile_replace" profile="unconfined" name="/usr/lib/NetworkManager/nm-dhcp-client.action" pid=467 comm="apparmor_parser"
Jan 12 15:03:06 willLaptopUbuntu kernel: [   24.635264] type=1400 audit(1452628983.271:6): apparmor="STATUS" operation="profile_replace" profile="unconfined" name="/usr/lib/connman/scripts/dhclient-script" pid=467 comm="apparmor_parser"
Jan 12 15:03:06 willLaptopUbuntu kernel: [   24.635526] type=1400 audit(1452628983.271:7): apparmor="STATUS" operation="profile_replace" profile="unconfined" name="/usr/lib/connman/scripts/dhclient-script" pid=467 comm="apparmor_parser"
Jan 12 15:03:06 willLaptopUbuntu kernel: [   24.662700] ath: phy0: Enable LNA combining
Jan 12 15:03:06 willLaptopUbuntu kernel: [   24.663866] type=1400 audit(1452628983.299:8): apparmor="STATUS" operation="profile_replace" profile="unconfined" name="/sbin/dhclient" pid=478 comm="apparmor_parser"
Jan 12 15:03:06 willLaptopUbuntu kernel: [   24.663872] type=1400 audit(1452628983.299:9): apparmor="STATUS" operation="profile_replace" profile="unconfined" name="/usr/lib/NetworkManager/nm-dhcp-client.action" pid=478 comm="apparmor_parser"
Jan 12 15:03:06 willLaptopUbuntu kernel: [   24.663876] type=1400 audit(1452628983.299:10): apparmor="STATUS" operation="profile_replace" profile="unconfined" name="/usr/lib/connman/scripts/dhclient-script" pid=478 comm="apparmor_parser"
Jan 12 15:03:06 willLaptopUbuntu kernel: [   24.664237] type=1400 audit(1452628983.299:11): apparmor="STATUS" operation="profile_replace" profile="unconfined" name="/usr/lib/NetworkManager/nm-dhcp-client.action" pid=478 comm="apparmor_parser"
Jan 12 15:03:06 willLaptopUbuntu kernel: [   24.666129] ath: EEPROM regdomain: 0x60
Jan 12 15:03:06 willLaptopUbuntu kernel: [   24.666131] ath: EEPROM indicates we should expect a direct regpair map
Jan 12 15:03:06 willLaptopUbuntu kernel: [   24.666132] ath: Country alpha2 being used: 00
Jan 12 15:03:06 willLaptopUbuntu kernel: [   24.666133] ath: Regpair used: 0x60
Jan 12 15:03:06 willLaptopUbuntu kernel: [   24.671615] ieee80211 phy0: Selected rate control algorithm 'minstrel_ht'
Jan 12 15:03:06 willLaptopUbuntu kernel: [   24.671888] ieee80211 phy0: Atheros AR9285 Rev:2 mem=0xffffc900047c0000, irq=17
Jan 12 15:03:06 willLaptopUbuntu kernel: [   24.874088] cfg80211: World regulatory domain updated:
Jan 12 15:03:06 willLaptopUbuntu kernel: [   24.874091] cfg80211:   (start_freq - end_freq @ bandwidth), (max_antenna_gain, max_eirp)
Jan 12 15:03:06 willLaptopUbuntu kernel: [   24.874093] cfg80211:   (2402000 KHz - 2472000 KHz @ 40000 KHz), (300 mBi, 2000 mBm)
Jan 12 15:03:06 willLaptopUbuntu kernel: [   24.874094] cfg80211:   (2457000 KHz - 2482000 KHz @ 40000 KHz), (300 mBi, 2000 mBm)
Jan 12 15:03:06 willLaptopUbuntu kernel: [   24.874095] cfg80211:   (2474000 KHz - 2494000 KHz @ 20000 KHz), (300 mBi, 2000 mBm)
Jan 12 15:03:06 willLaptopUbuntu kernel: [   24.874097] cfg80211:   (5170000 KHz - 5250000 KHz @ 40000 KHz), (300 mBi, 2000 mBm)
Jan 12 15:03:06 willLaptopUbuntu kernel: [   24.874098] cfg80211:   (5735000 KHz - 5835000 KHz @ 40000 KHz), (300 mBi, 2000 mBm)
Jan 12 15:03:06 willLaptopUbuntu kernel: [   25.079436] [drm] Enabling RC6 states: RC6 on, RC6p off, RC6pp off
Jan 12 15:03:06 willLaptopUbuntu kernel: [   26.273863] EXT4-fs (sda5): re-mounted. Opts: errors=remount-ro
Jan 12 15:03:06 willLaptopUbuntu kernel: [   27.736956] Bluetooth: Core ver 2.17
Jan 12 15:03:06 willLaptopUbuntu kernel: [   27.736998] NET: Registered protocol family 31
Jan 12 15:03:06 willLaptopUbuntu kernel: [   27.737001] Bluetooth: HCI device and connection manager initialized
Jan 12 15:03:06 willLaptopUbuntu kernel: [   27.737009] Bluetooth: HCI socket layer initialized
Jan 12 15:03:06 willLaptopUbuntu kernel: [   27.737012] Bluetooth: L2CAP socket layer initialized
Jan 12 15:03:06 willLaptopUbuntu kernel: [   27.737018] Bluetooth: SCO socket layer initialized
Jan 12 15:03:06 willLaptopUbuntu kernel: [   27.742793] Bluetooth: BNEP (Ethernet Emulation) ver 1.3
Jan 12 15:03:06 willLaptopUbuntu kernel: [   27.742797] Bluetooth: BNEP filters: protocol multicast
Jan 12 15:03:06 willLaptopUbuntu kernel: [   27.742806] Bluetooth: BNEP socket layer initialized
Jan 12 15:03:06 willLaptopUbuntu kernel: [   27.745093] Bluetooth: RFCOMM TTY layer initialized
Jan 12 15:03:06 willLaptopUbuntu kernel: [   27.745105] Bluetooth: RFCOMM socket layer initialized
Jan 12 15:03:06 willLaptopUbuntu kernel: [   27.745111] Bluetooth: RFCOMM ver 1.11
Jan 12 15:03:08 willLaptopUbuntu kernel: [   29.665658] IPv6: ADDRCONF(NETDEV_UP): wlan0: link is not ready
Jan 12 15:03:08 willLaptopUbuntu kernel: [   29.670464] IPv6: ADDRCONF(NETDEV_UP): wlan0: link is not ready
Jan 12 15:03:08 willLaptopUbuntu kernel: [   29.680180] atl1c 0000:03:00.0: irq 47 for MSI/MSI-X
Jan 12 15:03:08 willLaptopUbuntu kernel: [   29.700814] IPv6: ADDRCONF(NETDEV_UP): eth0: link is not ready
Jan 12 15:03:08 willLaptopUbuntu kernel: [   29.721628] IPv6: ADDRCONF(NETDEV_UP): eth0: link is not ready
Jan 12 15:03:09 willLaptopUbuntu kernel: [   30.784556] wlan0: authenticate with c4:04:15:41:4c:80
Jan 12 15:03:09 willLaptopUbuntu kernel: [   30.801351] wlan0: send auth to c4:04:15:41:4c:80 (try 1/3)
Jan 12 15:03:09 willLaptopUbuntu kernel: [   30.806709] wlan0: authenticated
Jan 12 15:03:09 willLaptopUbuntu kernel: [   30.807991] wlan0: associate with c4:04:15:41:4c:80 (try 1/3)
Jan 12 15:03:09 willLaptopUbuntu kernel: [   30.812063] wlan0: RX AssocResp from c4:04:15:41:4c:80 (capab=0x411 status=0 aid=1)
Jan 12 15:03:09 willLaptopUbuntu kernel: [   30.812139] wlan0: associated
Jan 12 15:03:09 willLaptopUbuntu kernel: [   30.812149] IPv6: ADDRCONF(NETDEV_CHANGE): wlan0: link becomes ready
Jan 12 15:03:10 willLaptopUbuntu kernel: [   32.051804] audit_printk_skb: 33 callbacks suppressed
Jan 12 15:03:10 willLaptopUbuntu kernel: [   32.051808] type=1400 audit(1452628990.679:23): apparmor="STATUS" operation="profile_replace" profile="unconfined" name="/sbin/dhclient" pid=991 comm="apparmor_parser"
Jan 12 15:03:10 willLaptopUbuntu kernel: [   32.051814] type=1400 audit(1452628990.679:24): apparmor="STATUS" operation="profile_replace" profile="unconfined" name="/usr/lib/NetworkManager/nm-dhcp-client.action" pid=991 comm="apparmor_parser"
Jan 12 15:03:10 willLaptopUbuntu kernel: [   32.051817] type=1400 audit(1452628990.679:25): apparmor="STATUS" operation="profile_replace" profile="unconfined" name="/usr/lib/connman/scripts/dhclient-script" pid=991 comm="apparmor_parser"
