Jan 17 07:58:03 willLaptopUbuntu kernel: [68948.317744] perf samples too long (2508 > 2500), lowering kernel.perf_event_max_sample_rate to 50000
Jan 18 07:39:42 willLaptopUbuntu kernel: [154319.514920] type=1400 audit(1453120782.026:77): apparmor="STATUS" operation="profile_replace" profile="unconfined" name="/usr/lib/cups/backend/cups-pdf" pid=13918 comm="apparmor_parser"
Jan 18 07:39:42 willLaptopUbuntu kernel: [154319.514928] type=1400 audit(1453120782.026:78): apparmor="STATUS" operation="profile_replace" profile="unconfined" name="/usr/sbin/cupsd" pid=13918 comm="apparmor_parser"
Jan 18 07:39:42 willLaptopUbuntu kernel: [154319.515285] type=1400 audit(1453120782.026:79): apparmor="STATUS" operation="profile_replace" profile="unconfined" name="/usr/sbin/cupsd" pid=13918 comm="apparmor_parser"
Jan 18 20:41:22 willLaptopUbuntu kernel: [201259.596722] ACPI: \_SB_.PCI0: Bus check notify on hotplug_event_root
Jan 18 20:44:45 willLaptopUbuntu kernel: [201462.749491] ACPI: \_SB_.PCI0: Bus check notify on hotplug_event_root
Jan 19 01:58:07 willLaptopUbuntu kernel: [220280.568899] perf samples too long (5004 > 5000), lowering kernel.perf_event_max_sample_rate to 25000
Jan 19 06:38:41 willLaptopUbuntu kernel: [237128.841816] wlan0: deauthenticating from c4:04:15:41:4c:80 by local choice (reason=3)
Jan 19 06:38:41 willLaptopUbuntu kernel: [237128.858445] cfg80211: Calling CRDA to update world regulatory domain
Jan 19 06:38:41 willLaptopUbuntu kernel: [237129.213664] cfg80211: World regulatory domain updated:
Jan 19 06:38:41 willLaptopUbuntu kernel: [237129.213673] cfg80211:   (start_freq - end_freq @ bandwidth), (max_antenna_gain, max_eirp)
Jan 19 06:38:41 willLaptopUbuntu kernel: [237129.213679] cfg80211:   (2402000 KHz - 2472000 KHz @ 40000 KHz), (300 mBi, 2000 mBm)
Jan 19 06:38:41 willLaptopUbuntu kernel: [237129.213684] cfg80211:   (2457000 KHz - 2482000 KHz @ 40000 KHz), (300 mBi, 2000 mBm)
Jan 19 06:38:41 willLaptopUbuntu kernel: [237129.213688] cfg80211:   (2474000 KHz - 2494000 KHz @ 20000 KHz), (300 mBi, 2000 mBm)
Jan 19 06:38:41 willLaptopUbuntu kernel: [237129.213692] cfg80211:   (5170000 KHz - 5250000 KHz @ 40000 KHz), (300 mBi, 2000 mBm)
Jan 19 06:38:41 willLaptopUbuntu kernel: [237129.213697] cfg80211:   (5735000 KHz - 5835000 KHz @ 40000 KHz), (300 mBi, 2000 mBm)
Jan 19 06:38:51 willLaptopUbuntu kernel: [237130.937232] PM: Syncing filesystems ... done.
Jan 19 06:38:51 willLaptopUbuntu kernel: [237131.412438] PM: Preparing system for mem sleep
Jan 19 06:38:51 willLaptopUbuntu kernel: [237131.412643] Freezing user space processes ... (elapsed 0.002 seconds) done.
Jan 19 06:38:51 willLaptopUbuntu kernel: [237131.415593] Freezing remaining freezable tasks ... (elapsed 0.001 seconds) done.
Jan 19 06:38:51 willLaptopUbuntu kernel: [237131.417102] PM: Entering mem sleep
Jan 19 06:38:51 willLaptopUbuntu kernel: [237131.417232] Suspending console(s) (use no_console_suspend to debug)
Jan 19 06:38:51 willLaptopUbuntu kernel: [237131.417751] sd 0:0:0:0: [sda] Synchronizing SCSI cache
Jan 19 06:38:51 willLaptopUbuntu kernel: [237131.466913] sd 0:0:0:0: [sda] Stopping disk
Jan 19 06:38:51 willLaptopUbuntu kernel: [237132.099465] PM: suspend of devices complete after 681.404 msecs
Jan 19 06:38:51 willLaptopUbuntu kernel: [237132.115505] PM: late suspend of devices complete after 16.017 msecs
Jan 19 06:38:51 willLaptopUbuntu kernel: [237132.115891] atl1c 0000:03:00.0: System wakeup enabled by ACPI
Jan 19 06:38:51 willLaptopUbuntu kernel: [237132.147545] ehci-pci 0000:00:1d.0: System wakeup enabled by ACPI
Jan 19 06:38:51 willLaptopUbuntu kernel: [237132.163686] ehci-pci 0000:00:1a.0: System wakeup enabled by ACPI
Jan 19 06:38:51 willLaptopUbuntu kernel: [237132.195490] PM: noirq suspend of devices complete after 79.912 msecs
Jan 19 06:38:51 willLaptopUbuntu kernel: [237132.196151] ACPI: Preparing to enter system sleep state S3
Jan 19 06:38:51 willLaptopUbuntu kernel: [237132.200955] PM: Saving platform NVS memory
Jan 19 06:38:51 willLaptopUbuntu kernel: [237132.202346] Disabling non-boot CPUs ...
Jan 19 06:38:51 willLaptopUbuntu kernel: [237132.204076] kvm: disabling virtualization on CPU1
Jan 19 06:38:51 willLaptopUbuntu kernel: [237132.204105] smpboot: CPU 1 is now offline
Jan 19 06:38:51 willLaptopUbuntu kernel: [237132.205370] Broke affinity for irq 17
Jan 19 06:38:51 willLaptopUbuntu kernel: [237132.206425] kvm: disabling virtualization on CPU2
Jan 19 06:38:51 willLaptopUbuntu kernel: [237132.307508] smpboot: CPU 2 is now offline
Jan 19 06:38:51 willLaptopUbuntu kernel: [237132.308593] Broke affinity for irq 23
Jan 19 06:38:51 willLaptopUbuntu kernel: [237132.308601] Broke affinity for irq 43
Jan 19 06:38:51 willLaptopUbuntu kernel: [237132.309627] kvm: disabling virtualization on CPU3
Jan 19 06:38:51 willLaptopUbuntu kernel: [237132.411590] smpboot: CPU 3 is now offline
Jan 19 06:38:51 willLaptopUbuntu kernel: [237132.414740] ACPI: Low-level resume complete
Jan 19 06:38:51 willLaptopUbuntu kernel: [237132.414830] PM: Restoring platform NVS memory
Jan 19 06:38:51 willLaptopUbuntu kernel: [237132.415568] Enabling non-boot CPUs ...
Jan 19 06:38:51 willLaptopUbuntu kernel: [237132.415652] x86: Booting SMP configuration:
Jan 19 06:38:51 willLaptopUbuntu kernel: [237132.415655] smpboot: Booting Node 0 Processor 1 APIC 0x2
Jan 19 06:38:51 willLaptopUbuntu kernel: [237132.426731] kvm: enabling virtualization on CPU1
Jan 19 06:38:51 willLaptopUbuntu kernel: [237132.429590] CPU1 is up
Jan 19 06:38:51 willLaptopUbuntu kernel: [237132.429636] smpboot: Booting Node 0 Processor 2 APIC 0x1
Jan 19 06:38:51 willLaptopUbuntu kernel: [237132.441070] kvm: enabling virtualization on CPU2
Jan 19 06:38:51 willLaptopUbuntu kernel: [237132.444059] CPU2 is up
Jan 19 06:38:51 willLaptopUbuntu kernel: [237132.444114] smpboot: Booting Node 0 Processor 3 APIC 0x3
Jan 19 06:38:51 willLaptopUbuntu kernel: [237132.455245] kvm: enabling virtualization on CPU3
Jan 19 06:38:51 willLaptopUbuntu kernel: [237132.458195] CPU3 is up
Jan 19 06:38:51 willLaptopUbuntu kernel: [237132.466798] ACPI: Waking up from system sleep state S3
Jan 19 06:38:51 willLaptopUbuntu kernel: [237132.931363] ehci-pci 0000:00:1a.0: System wakeup disabled by ACPI
Jan 19 06:38:51 willLaptopUbuntu kernel: [237132.963382] ehci-pci 0000:00:1d.0: System wakeup disabled by ACPI
Jan 19 06:38:51 willLaptopUbuntu kernel: [237133.011571] PM: noirq resume of devices complete after 126.028 msecs
Jan 19 06:38:51 willLaptopUbuntu kernel: [237133.011862] PM: early resume of devices complete after 0.243 msecs
Jan 19 06:38:51 willLaptopUbuntu kernel: [237133.011968] mei_me 0000:00:16.0: irq 44 for MSI/MSI-X
Jan 19 06:38:51 willLaptopUbuntu kernel: [237133.013408] snd_hda_intel 0000:00:1b.0: irq 46 for MSI/MSI-X
Jan 19 06:38:51 willLaptopUbuntu kernel: [237133.015533] atl1c 0000:03:00.0: System wakeup disabled by ACPI
Jan 19 06:38:51 willLaptopUbuntu kernel: [237133.048506] [drm] Wrong MCH_SSKPD value: 0x16040307
Jan 19 06:38:51 willLaptopUbuntu kernel: [237133.048508] [drm] This can cause pipe underruns and display issues.
Jan 19 06:38:51 willLaptopUbuntu kernel: [237133.048509] [drm] Please upgrade your BIOS to fix this.
Jan 19 06:38:51 willLaptopUbuntu kernel: [237133.247595] usb 1-1.2: reset high-speed USB device number 3 using ehci-pci
Jan 19 06:38:51 willLaptopUbuntu kernel: [237133.335679] ata3: SATA link up 1.5 Gbps (SStatus 113 SControl 300)
Jan 19 06:38:51 willLaptopUbuntu kernel: [237133.339196] ata3.00: ACPI cmd ef/10:06:00:00:00:a0 (SET FEATURES) succeeded
Jan 19 06:38:51 willLaptopUbuntu kernel: [237133.339201] ata3.00: ACPI cmd ef/10:03:00:00:00:a0 (SET FEATURES) filtered out
Jan 19 06:38:51 willLaptopUbuntu kernel: [237133.349341] ata3.00: ACPI cmd ef/10:06:00:00:00:a0 (SET FEATURES) succeeded
Jan 19 06:38:51 willLaptopUbuntu kernel: [237133.349346] ata3.00: ACPI cmd ef/10:03:00:00:00:a0 (SET FEATURES) filtered out
Jan 19 06:38:51 willLaptopUbuntu kernel: [237133.352574] ata3.00: configured for UDMA/100
Jan 19 06:38:51 willLaptopUbuntu kernel: [237133.835861] psmouse serio4: synaptics: queried max coordinates: x [..5762], y [..4902]
Jan 19 06:38:51 willLaptopUbuntu kernel: [237134.524684] [drm] Enabling RC6 states: RC6 on, RC6p off, RC6pp off
Jan 19 06:38:51 willLaptopUbuntu kernel: [237135.241347] ata1: SATA link up 3.0 Gbps (SStatus 123 SControl 300)
Jan 19 06:38:51 willLaptopUbuntu kernel: [237135.244599] ata1.00: ACPI cmd f5/00:00:00:00:00:a0 (SECURITY FREEZE LOCK) filtered out
Jan 19 06:38:51 willLaptopUbuntu kernel: [237135.463945] ata1.00: ACPI cmd ef/10:06:00:00:00:a0 (SET FEATURES) succeeded
Jan 19 06:38:51 willLaptopUbuntu kernel: [237135.463952] ata1.00: ACPI cmd ef/10:03:00:00:00:a0 (SET FEATURES) filtered out
Jan 19 06:38:51 willLaptopUbuntu kernel: [237135.497599] ata1.00: ACPI cmd f5/00:00:00:00:00:a0 (SECURITY FREEZE LOCK) filtered out
Jan 19 06:38:51 willLaptopUbuntu kernel: [237135.497815] ata1.00: ACPI cmd ef/10:06:00:00:00:a0 (SET FEATURES) succeeded
Jan 19 06:38:51 willLaptopUbuntu kernel: [237135.497821] ata1.00: ACPI cmd ef/10:03:00:00:00:a0 (SET FEATURES) filtered out
Jan 19 06:38:51 willLaptopUbuntu kernel: [237135.501111] ata1.00: configured for UDMA/133
Jan 19 06:38:51 willLaptopUbuntu kernel: [237135.513607] sd 0:0:0:0: [sda] Starting disk
Jan 19 06:38:51 willLaptopUbuntu kernel: [237135.528564] PM: resume of devices complete after 2514.551 msecs
Jan 19 06:38:51 willLaptopUbuntu kernel: [237135.529022] PM: Finishing wakeup.
Jan 19 06:38:51 willLaptopUbuntu kernel: [237135.529026] Restarting tasks ... done.
Jan 19 06:38:51 willLaptopUbuntu kernel: [237135.564399] video LNXVIDEO:01: Restoring backlight state
Jan 19 06:38:52 willLaptopUbuntu kernel: [237136.079545] IPv6: ADDRCONF(NETDEV_UP): wlan0: link is not ready
Jan 19 06:38:52 willLaptopUbuntu kernel: [237136.087275] atl1c 0000:03:00.0: irq 47 for MSI/MSI-X
Jan 19 06:38:52 willLaptopUbuntu kernel: [237136.105353] IPv6: ADDRCONF(NETDEV_UP): eth0: link is not ready
Jan 19 06:38:53 willLaptopUbuntu kernel: [237137.173074] wlan0: authenticate with c4:04:15:41:4c:80
Jan 19 06:38:53 willLaptopUbuntu kernel: [237137.190666] wlan0: send auth to c4:04:15:41:4c:80 (try 1/3)
Jan 19 06:38:53 willLaptopUbuntu kernel: [237137.192680] wlan0: authenticated
Jan 19 06:38:53 willLaptopUbuntu kernel: [237137.194955] wlan0: associate with c4:04:15:41:4c:80 (try 1/3)
Jan 19 06:38:53 willLaptopUbuntu kernel: [237137.198865] wlan0: RX AssocResp from c4:04:15:41:4c:80 (capab=0x411 status=0 aid=7)
Jan 19 06:38:53 willLaptopUbuntu kernel: [237137.199002] wlan0: associated
Jan 19 06:38:53 willLaptopUbuntu kernel: [237137.199075] IPv6: ADDRCONF(NETDEV_CHANGE): wlan0: link becomes ready
Jan 20 21:51:13 willLaptopUbuntu kernel: [    0.000000] Initializing cgroup subsys cpuset
Jan 20 21:51:13 willLaptopUbuntu kernel: [    0.000000] Initializing cgroup subsys cpu
Jan 20 21:51:13 willLaptopUbuntu kernel: [    0.000000] Initializing cgroup subsys cpuacct
Jan 20 21:51:13 willLaptopUbuntu kernel: [    0.000000] Linux version 3.13.0-73-generic (buildd@lgw01-13) (gcc version 4.8.2 (Ubuntu 4.8.2-19ubuntu1) ) #116-Ubuntu SMP Fri Dec 4 15:31:30 UTC 2015 (Ubuntu 3.13.0-73.116-generic 3.13.11-ckt30)
Jan 20 21:51:13 willLaptopUbuntu kernel: [    0.000000] Command line: BOOT_IMAGE=/boot/vmlinuz-3.13.0-73-generic root=UUID=034061ad-a500-47e6-b5d8-6b60c3e88c54 ro quiet splash vt.handoff=7
Jan 20 21:51:13 willLaptopUbuntu kernel: [    0.000000] KERNEL supported cpus:
Jan 20 21:51:13 willLaptopUbuntu kernel: [    0.000000]   Intel GenuineIntel
Jan 20 21:51:13 willLaptopUbuntu kernel: [    0.000000]   AMD AuthenticAMD
Jan 20 21:51:13 willLaptopUbuntu kernel: [    0.000000]   Centaur CentaurHauls
Jan 20 21:51:13 willLaptopUbuntu kernel: [    0.000000] e820: BIOS-provided physical RAM map:
Jan 20 21:51:13 willLaptopUbuntu kernel: [    0.000000] BIOS-e820: [mem 0x0000000000000000-0x000000000009e7ff] usable
Jan 20 21:51:13 willLaptopUbuntu kernel: [    0.000000] BIOS-e820: [mem 0x000000000009e800-0x000000000009ffff] reserved
Jan 20 21:51:13 willLaptopUbuntu kernel: [    0.000000] BIOS-e820: [mem 0x00000000000e0000-0x00000000000fffff] reserved
Jan 20 21:51:13 willLaptopUbuntu kernel: [    0.000000] BIOS-e820: [mem 0x0000000000100000-0x000000001fffffff] usable
Jan 20 21:51:13 willLaptopUbuntu kernel: [    0.000000] BIOS-e820: [mem 0x0000000020000000-0x00000000201fffff] reserved
Jan 20 21:51:13 willLaptopUbuntu kernel: [    0.000000] BIOS-e820: [mem 0x0000000020200000-0x000000003fffffff] usable
Jan 20 21:51:13 willLaptopUbuntu kernel: [    0.000000] BIOS-e820: [mem 0x0000000040000000-0x00000000401fffff] reserved
Jan 20 21:51:13 willLaptopUbuntu kernel: [    0.000000] BIOS-e820: [mem 0x0000000040200000-0x00000000b2d20fff] usable
Jan 20 21:51:13 willLaptopUbuntu kernel: [    0.000000] BIOS-e820: [mem 0x00000000b2d21000-0x00000000b2d8dfff] reserved
Jan 20 21:51:13 willLaptopUbuntu kernel: [    0.000000] BIOS-e820: [mem 0x00000000b2d8e000-0x00000000b2d94fff] usable
Jan 20 21:51:13 willLaptopUbuntu kernel: [    0.000000] BIOS-e820: [mem 0x00000000b2d95000-0x00000000b2d95fff] reserved
Jan 20 21:51:13 willLaptopUbuntu kernel: [    0.000000] BIOS-e820: [mem 0x00000000b2d96000-0x00000000b2d96fff] usable
Jan 20 21:51:13 willLaptopUbuntu kernel: [    0.000000] BIOS-e820: [mem 0x00000000b2d97000-0x00000000b2db7fff] reserved
Jan 20 21:51:13 willLaptopUbuntu kernel: [    0.000000] BIOS-e820: [mem 0x00000000b2db8000-0x00000000b2dc5fff] usable
Jan 20 21:51:13 willLaptopUbuntu kernel: [    0.000000] BIOS-e820: [mem 0x00000000b2dc6000-0x00000000b2de7fff] reserved
Jan 20 21:51:13 willLaptopUbuntu kernel: [    0.000000] BIOS-e820: [mem 0x00000000b2de8000-0x00000000b2f35fff] usable
Jan 20 21:51:13 willLaptopUbuntu kernel: [    0.000000] BIOS-e820: [mem 0x00000000b2f36000-0x00000000b2fe7fff] ACPI NVS
Jan 20 21:51:13 willLaptopUbuntu kernel: [    0.000000] BIOS-e820: [mem 0x00000000b2fe8000-0x00000000b2ffcfff] usable
Jan 20 21:51:13 willLaptopUbuntu kernel: [    0.000000] BIOS-e820: [mem 0x00000000b2ffd000-0x00000000b2ffffff] ACPI data
Jan 20 21:51:13 willLaptopUbuntu kernel: [    0.000000] BIOS-e820: [mem 0x00000000b3000000-0x00000000bfffffff] reserved
Jan 20 21:51:13 willLaptopUbuntu kernel: [    0.000000] BIOS-e820: [mem 0x00000000e0000000-0x00000000e3ffffff] reserved
Jan 20 21:51:13 willLaptopUbuntu kernel: [    0.000000] BIOS-e820: [mem 0x00000000fec00000-0x00000000fec00fff] reserved
Jan 20 21:51:13 willLaptopUbuntu kernel: [    0.000000] BIOS-e820: [mem 0x00000000fed10000-0x00000000fed13fff] reserved
Jan 20 21:51:13 willLaptopUbuntu kernel: [    0.000000] BIOS-e820: [mem 0x00000000fed18000-0x00000000fed19fff] reserved
Jan 20 21:51:13 willLaptopUbuntu kernel: [    0.000000] BIOS-e820: [mem 0x00000000fed1c000-0x00000000fed1ffff] reserved
Jan 20 21:51:13 willLaptopUbuntu kernel: [    0.000000] BIOS-e820: [mem 0x00000000fee00000-0x00000000fee00fff] reserved
Jan 20 21:51:13 willLaptopUbuntu kernel: [    0.000000] BIOS-e820: [mem 0x00000000ff980000-0x00000000ffbfffff] reserved
Jan 20 21:51:13 willLaptopUbuntu kernel: [    0.000000] BIOS-e820: [mem 0x00000000ffd80000-0x00000000ffffffff] reserved
Jan 20 21:51:13 willLaptopUbuntu kernel: [    0.000000] BIOS-e820: [mem 0x0000000100000000-0x000000013f7fffff] usable
Jan 20 21:51:13 willLaptopUbuntu kernel: [    0.000000] NX (Execute Disable) protection: active
Jan 20 21:51:13 willLaptopUbuntu kernel: [    0.000000] SMBIOS 2.6 present.
Jan 20 21:51:13 willLaptopUbuntu kernel: [    0.000000] DMI: ASUSTeK Computer Inc. K53E/K53E, BIOS K53E.214 08/18/2011
Jan 20 21:51:13 willLaptopUbuntu kernel: [    0.000000] e820: update [mem 0x00000000-0x00000fff] usable ==> reserved
Jan 20 21:51:13 willLaptopUbuntu kernel: [    0.000000] e820: remove [mem 0x000a0000-0x000fffff] usable
Jan 20 21:51:13 willLaptopUbuntu kernel: [    0.000000] No AGP bridge found
Jan 20 21:51:13 willLaptopUbuntu kernel: [    0.000000] e820: last_pfn = 0x13f800 max_arch_pfn = 0x400000000
Jan 20 21:51:13 willLaptopUbuntu kernel: [    0.000000] MTRR default type: uncachable
Jan 20 21:51:13 willLaptopUbuntu kernel: [    0.000000] MTRR fixed ranges enabled:
Jan 20 21:51:13 willLaptopUbuntu kernel: [    0.000000]   00000-9FFFF write-back
Jan 20 21:51:13 willLaptopUbuntu kernel: [    0.000000]   A0000-BFFFF uncachable
Jan 20 21:51:13 willLaptopUbuntu kernel: [    0.000000]   C0000-CFFFF write-protect
Jan 20 21:51:13 willLaptopUbuntu kernel: [    0.000000]   D0000-E7FFF uncachable
Jan 20 21:51:13 willLaptopUbuntu kernel: [    0.000000]   E8000-FFFFF write-protect
Jan 20 21:51:13 willLaptopUbuntu kernel: [    0.000000] MTRR variable ranges enabled:
Jan 20 21:51:13 willLaptopUbuntu kernel: [    0.000000]   0 base 000000000 mask F80000000 write-back
Jan 20 21:51:13 willLaptopUbuntu kernel: [    0.000000]   1 base 080000000 mask FC0000000 write-back
Jan 20 21:51:13 willLaptopUbuntu kernel: [    0.000000]   2 base 0B8000000 mask FF8000000 uncachable
Jan 20 21:51:13 willLaptopUbuntu kernel: [    0.000000]   3 base 0B4000000 mask FFC000000 uncachable
Jan 20 21:51:13 willLaptopUbuntu kernel: [    0.000000]   4 base 0B3000000 mask FFF000000 uncachable
Jan 20 21:51:13 willLaptopUbuntu kernel: [    0.000000]   5 base 100000000 mask FC0000000 write-back
Jan 20 21:51:13 willLaptopUbuntu kernel: [    0.000000]   6 base 13F800000 mask FFF800000 uncachable
Jan 20 21:51:13 willLaptopUbuntu kernel: [    0.000000]   7 base 0FFC00000 mask FFFC00000 write-protect
Jan 20 21:51:13 willLaptopUbuntu kernel: [    0.000000]   8 disabled
Jan 20 21:51:13 willLaptopUbuntu kernel: [    0.000000]   9 disabled
Jan 20 21:51:13 willLaptopUbuntu kernel: [    0.000000] x86 PAT enabled: cpu 0, old 0x7040600070406, new 0x7010600070106
Jan 20 21:51:13 willLaptopUbuntu kernel: [    0.000000] e820: last_pfn = 0xb2ffd max_arch_pfn = 0x400000000
Jan 20 21:51:13 willLaptopUbuntu kernel: [    0.000000] found SMP MP-table at [mem 0x000fcbe0-0x000fcbef] mapped at [ffff8800000fcbe0]
Jan 20 21:51:13 willLaptopUbuntu kernel: [    0.000000] Scanning 1 areas for low memory corruption
Jan 20 21:51:13 willLaptopUbuntu kernel: [    0.000000] Base memory trampoline at [ffff880000098000] 98000 size 24576
Jan 20 21:51:13 willLaptopUbuntu kernel: [    0.000000] reserving inaccessible SNB gfx pages
Jan 20 21:51:13 willLaptopUbuntu kernel: [    0.000000] init_memory_mapping: [mem 0x00000000-0x000fffff]
Jan 20 21:51:13 willLaptopUbuntu kernel: [    0.000000]  [mem 0x00000000-0x000fffff] page 4k
Jan 20 21:51:13 willLaptopUbuntu kernel: [    0.000000] BRK [0x01fe2000, 0x01fe2fff] PGTABLE
Jan 20 21:51:13 willLaptopUbuntu kernel: [    0.000000] BRK [0x01fe3000, 0x01fe3fff] PGTABLE
Jan 20 21:51:13 willLaptopUbuntu kernel: [    0.000000] BRK [0x01fe4000, 0x01fe4fff] PGTABLE
Jan 20 21:51:13 willLaptopUbuntu kernel: [    0.000000] init_memory_mapping: [mem 0x13f600000-0x13f7fffff]
Jan 20 21:51:13 willLaptopUbuntu kernel: [    0.000000]  [mem 0x13f600000-0x13f7fffff] page 2M
Jan 20 21:51:13 willLaptopUbuntu kernel: [    0.000000] BRK [0x01fe5000, 0x01fe5fff] PGTABLE
Jan 20 21:51:13 willLaptopUbuntu kernel: [    0.000000] init_memory_mapping: [mem 0x13c000000-0x13f5fffff]
Jan 20 21:51:13 willLaptopUbuntu kernel: [    0.000000]  [mem 0x13c000000-0x13f5fffff] page 2M
Jan 20 21:51:13 willLaptopUbuntu kernel: [    0.000000] init_memory_mapping: [mem 0x100000000-0x13bffffff]
Jan 20 21:51:13 willLaptopUbuntu kernel: [    0.000000]  [mem 0x100000000-0x13bffffff] page 2M
Jan 20 21:51:13 willLaptopUbuntu kernel: [    0.000000] init_memory_mapping: [mem 0x00100000-0x1fffffff]
Jan 20 21:51:13 willLaptopUbuntu kernel: [    0.000000]  [mem 0x00100000-0x001fffff] page 4k
Jan 20 21:51:13 willLaptopUbuntu kernel: [    0.000000]  [mem 0x00200000-0x1fffffff] page 2M
Jan 20 21:51:13 willLaptopUbuntu kernel: [    0.000000] init_memory_mapping: [mem 0x20200000-0x3fffffff]
Jan 20 21:51:13 willLaptopUbuntu kernel: [    0.000000]  [mem 0x20200000-0x3fffffff] page 2M
Jan 20 21:51:13 willLaptopUbuntu kernel: [    0.000000] init_memory_mapping: [mem 0x40200000-0xb2d20fff]
Jan 20 21:51:13 willLaptopUbuntu kernel: [    0.000000]  [mem 0x40200000-0xb2bfffff] page 2M
Jan 20 21:51:13 willLaptopUbuntu kernel: [    0.000000]  [mem 0xb2c00000-0xb2d20fff] page 4k
Jan 20 21:51:13 willLaptopUbuntu kernel: [    0.000000] BRK [0x01fe6000, 0x01fe6fff] PGTABLE
Jan 20 21:51:13 willLaptopUbuntu kernel: [    0.000000] BRK [0x01fe7000, 0x01fe7fff] PGTABLE
Jan 20 21:51:13 willLaptopUbuntu kernel: [    0.000000] init_memory_mapping: [mem 0xb2d8e000-0xb2d94fff]
Jan 20 21:51:13 willLaptopUbuntu kernel: [    0.000000]  [mem 0xb2d8e000-0xb2d94fff] page 4k
Jan 20 21:51:13 willLaptopUbuntu kernel: [    0.000000] init_memory_mapping: [mem 0xb2d96000-0xb2d96fff]
Jan 20 21:51:13 willLaptopUbuntu kernel: [    0.000000]  [mem 0xb2d96000-0xb2d96fff] page 4k
Jan 20 21:51:13 willLaptopUbuntu kernel: [    0.000000] init_memory_mapping: [mem 0xb2db8000-0xb2dc5fff]
Jan 20 21:51:13 willLaptopUbuntu kernel: [    0.000000]  [mem 0xb2db8000-0xb2dc5fff] page 4k
Jan 20 21:51:13 willLaptopUbuntu kernel: [    0.000000] init_memory_mapping: [mem 0xb2de8000-0xb2f35fff]
Jan 20 21:51:13 willLaptopUbuntu kernel: [    0.000000]  [mem 0xb2de8000-0xb2f35fff] page 4k
Jan 20 21:51:13 willLaptopUbuntu kernel: [    0.000000] init_memory_mapping: [mem 0xb2fe8000-0xb2ffcfff]
Jan 20 21:51:13 willLaptopUbuntu kernel: [    0.000000]  [mem 0xb2fe8000-0xb2ffcfff] page 4k
Jan 20 21:51:13 willLaptopUbuntu kernel: [    0.000000] RAMDISK: [mem 0x35b52000-0x36da0fff]
Jan 20 21:51:13 willLaptopUbuntu kernel: [    0.000000] ACPI: RSDP 00000000000f0430 000024 (v02 _ASUS_)
Jan 20 21:51:13 willLaptopUbuntu kernel: [    0.000000] ACPI: XSDT 00000000b2ffee18 000074 (v01 _ASUS_ Notebook 06222004 MSFT 00010013)
Jan 20 21:51:13 willLaptopUbuntu kernel: [    0.000000] ACPI: FACP 00000000b2f9ad98 0000F4 (v04 _ASUS_ Notebook 06222004 MSFT 00010013)
Jan 20 21:51:13 willLaptopUbuntu kernel: [    0.000000] ACPI Warning: 32/64 FACS address mismatch in FADT - two FACS tables! (20131115/tbfadt-395)
Jan 20 21:51:13 willLaptopUbuntu kernel: [    0.000000] ACPI BIOS Warning (bug): 32/64X FACS address mismatch in FADT - 0xB2FE4E40/0x00000000B2FE4D40, using 32 (20131115/tbfadt-522)
Jan 20 21:51:13 willLaptopUbuntu kernel: [    0.000000] ACPI: DSDT 00000000b2f88018 0113EA (v01 _ASUS_ Notebook 00000000 INTL 20091112)
Jan 20 21:51:13 willLaptopUbuntu kernel: [    0.000000] ACPI: FACS 00000000b2fe4e40 000040
Jan 20 21:51:13 willLaptopUbuntu kernel: [    0.000000] ACPI: APIC 00000000b2ffdf18 0000CC (v02 _ASUS_ Notebook 06222004 MSFT 00010013)
Jan 20 21:51:13 willLaptopUbuntu kernel: [    0.000000] ACPI: DBGP 00000000b2ffff18 000034 (v01 _ASUS_ Notebook 06222004 MSFT 00010013)
Jan 20 21:51:13 willLaptopUbuntu kernel: [    0.000000] ACPI: ECDT 00000000b2fe4b18 0000C1 (v01 _ASUS_ Notebook 06222004 AMI. 00000003)
Jan 20 21:51:13 willLaptopUbuntu kernel: [    0.000000] ACPI: SLIC 00000000b2f9be18 000176 (v01 _ASUS_ Notebook 06222004 ASUS 00000001)
Jan 20 21:51:13 willLaptopUbuntu kernel: [    0.000000] ACPI: HPET 00000000b2fe5d18 000038 (v01 _ASUS_ Notebook 06222004 AMI. 00000003)
Jan 20 21:51:13 willLaptopUbuntu kernel: [    0.000000] ACPI: MCFG 00000000b2fe5c98 00003C (v01 _ASUS_ Notebook 06222004 MSFT 00000097)
Jan 20 21:51:13 willLaptopUbuntu kernel: [    0.000000] ACPI: SSDT 00000000b2f87018 00080B (v01  PmRef  Cpu0Ist 00003000 INTL 20091112)
Jan 20 21:51:13 willLaptopUbuntu kernel: [    0.000000] ACPI: SSDT 00000000b2f86018 000996 (v01  PmRef    CpuPm 00003000 INTL 20091112)
Jan 20 21:51:13 willLaptopUbuntu kernel: [    0.000000] ACPI: ASF! 00000000b2fe4a18 0000A0 (v32 INTEL       HCG 00000001 TFSM 000F4240)
Jan 20 21:51:13 willLaptopUbuntu kernel: [    0.000000] ACPI: Local APIC address 0xfee00000
Jan 20 21:51:13 willLaptopUbuntu kernel: [    0.000000] No NUMA configuration found
Jan 20 21:51:13 willLaptopUbuntu kernel: [    0.000000] Faking a node at [mem 0x0000000000000000-0x000000013f7fffff]
Jan 20 21:51:13 willLaptopUbuntu kernel: [    0.000000] Initmem setup node 0 [mem 0x00000000-0x13f7fffff]
Jan 20 21:51:13 willLaptopUbuntu kernel: [    0.000000]   NODE_DATA [mem 0x13f7f9000-0x13f7fdfff]
Jan 20 21:51:13 willLaptopUbuntu kernel: [    0.000000]  [ffffea0000000000-ffffea0004ffffff] PMD -> [ffff88013b000000-ffff88013edfffff] on node 0
Jan 20 21:51:13 willLaptopUbuntu kernel: [    0.000000] Zone ranges:
Jan 20 21:51:13 willLaptopUbuntu kernel: [    0.000000]   DMA      [mem 0x00001000-0x00ffffff]
Jan 20 21:51:13 willLaptopUbuntu kernel: [    0.000000]   DMA32    [mem 0x01000000-0xffffffff]
Jan 20 21:51:13 willLaptopUbuntu kernel: [    0.000000]   Normal   [mem 0x100000000-0x13f7fffff]
Jan 20 21:51:13 willLaptopUbuntu kernel: [    0.000000] Movable zone start for each node
Jan 20 21:51:13 willLaptopUbuntu kernel: [    0.000000] Early memory node ranges
Jan 20 21:51:13 willLaptopUbuntu kernel: [    0.000000]   node   0: [mem 0x00001000-0x0009dfff]
Jan 20 21:51:13 willLaptopUbuntu kernel: [    0.000000]   node   0: [mem 0x00100000-0x1fffffff]
Jan 20 21:51:13 willLaptopUbuntu kernel: [    0.000000]   node   0: [mem 0x20200000-0x3fffffff]
Jan 20 21:51:13 willLaptopUbuntu kernel: [    0.000000]   node   0: [mem 0x40200000-0xb2d20fff]
Jan 20 21:51:13 willLaptopUbuntu kernel: [    0.000000]   node   0: [mem 0xb2d8e000-0xb2d94fff]
Jan 20 21:51:13 willLaptopUbuntu kernel: [    0.000000]   node   0: [mem 0xb2d96000-0xb2d96fff]
Jan 20 21:51:13 willLaptopUbuntu kernel: [    0.000000]   node   0: [mem 0xb2db8000-0xb2dc5fff]
Jan 20 21:51:13 willLaptopUbuntu kernel: [    0.000000]   node   0: [mem 0xb2de8000-0xb2f35fff]
Jan 20 21:51:13 willLaptopUbuntu kernel: [    0.000000]   node   0: [mem 0xb2fe8000-0xb2ffcfff]
Jan 20 21:51:13 willLaptopUbuntu kernel: [    0.000000]   node   0: [mem 0x100000000-0x13f7fffff]
Jan 20 21:51:13 willLaptopUbuntu kernel: [    0.000000] On node 0 totalpages: 991799
Jan 20 21:51:13 willLaptopUbuntu kernel: [    0.000000]   DMA zone: 64 pages used for memmap
Jan 20 21:51:13 willLaptopUbuntu kernel: [    0.000000]   DMA zone: 157 pages reserved
Jan 20 21:51:13 willLaptopUbuntu kernel: [    0.000000]   DMA zone: 3997 pages, LIFO batch:0
Jan 20 21:51:13 willLaptopUbuntu kernel: [    0.000000]   DMA32 zone: 11371 pages used for memmap
Jan 20 21:51:13 willLaptopUbuntu kernel: [    0.000000]   DMA32 zone: 727706 pages, LIFO batch:31
Jan 20 21:51:13 willLaptopUbuntu kernel: [    0.000000]   Normal zone: 4064 pages used for memmap
Jan 20 21:51:13 willLaptopUbuntu kernel: [    0.000000]   Normal zone: 260096 pages, LIFO batch:31
Jan 20 21:51:13 willLaptopUbuntu kernel: [    0.000000] ACPI: PM-Timer IO Port: 0x408
Jan 20 21:51:13 willLaptopUbuntu kernel: [    0.000000] ACPI: Local APIC address 0xfee00000
Jan 20 21:51:13 willLaptopUbuntu kernel: [    0.000000] ACPI: LAPIC (acpi_id[0x01] lapic_id[0x00] enabled)
Jan 20 21:51:13 willLaptopUbuntu kernel: [    0.000000] ACPI: LAPIC (acpi_id[0x02] lapic_id[0x02] enabled)
Jan 20 21:51:13 willLaptopUbuntu kernel: [    0.000000] ACPI: LAPIC (acpi_id[0x03] lapic_id[0x01] enabled)
Jan 20 21:51:13 willLaptopUbuntu kernel: [    0.000000] ACPI: LAPIC (acpi_id[0x04] lapic_id[0x03] enabled)
Jan 20 21:51:13 willLaptopUbuntu kernel: [    0.000000] ACPI: LAPIC (acpi_id[0x05] lapic_id[0x04] disabled)
Jan 20 21:51:13 willLaptopUbuntu kernel: [    0.000000] ACPI: LAPIC (acpi_id[0x06] lapic_id[0x05] disabled)
Jan 20 21:51:13 willLaptopUbuntu kernel: [    0.000000] ACPI: LAPIC (acpi_id[0x07] lapic_id[0x06] disabled)
Jan 20 21:51:13 willLaptopUbuntu kernel: [    0.000000] ACPI: LAPIC (acpi_id[0x08] lapic_id[0x07] disabled)
Jan 20 21:51:13 willLaptopUbuntu kernel: [    0.000000] ACPI: LAPIC (acpi_id[0x09] lapic_id[0x08] disabled)
Jan 20 21:51:13 willLaptopUbuntu kernel: [    0.000000] ACPI: LAPIC (acpi_id[0x0a] lapic_id[0x09] disabled)
Jan 20 21:51:13 willLaptopUbuntu kernel: [    0.000000] ACPI: LAPIC (acpi_id[0x0b] lapic_id[0x0a] disabled)
Jan 20 21:51:13 willLaptopUbuntu kernel: [    0.000000] ACPI: LAPIC (acpi_id[0x0c] lapic_id[0x0b] disabled)
Jan 20 21:51:13 willLaptopUbuntu kernel: [    0.000000] ACPI: LAPIC (acpi_id[0x0d] lapic_id[0x0c] disabled)
Jan 20 21:51:13 willLaptopUbuntu kernel: [    0.000000] ACPI: LAPIC (acpi_id[0x0e] lapic_id[0x0d] disabled)
Jan 20 21:51:13 willLaptopUbuntu kernel: [    0.000000] ACPI: LAPIC (acpi_id[0x0f] lapic_id[0x0e] disabled)
Jan 20 21:51:13 willLaptopUbuntu kernel: [    0.000000] ACPI: LAPIC (acpi_id[0x10] lapic_id[0x0f] disabled)
Jan 20 21:51:13 willLaptopUbuntu kernel: [    0.000000] ACPI: IOAPIC (id[0x02] address[0xfec00000] gsi_base[0])
Jan 20 21:51:13 willLaptopUbuntu kernel: [    0.000000] IOAPIC[0]: apic_id 2, version 32, address 0xfec00000, GSI 0-23
Jan 20 21:51:13 willLaptopUbuntu kernel: [    0.000000] ACPI: INT_SRC_OVR (bus 0 bus_irq 0 global_irq 2 dfl dfl)
Jan 20 21:51:13 willLaptopUbuntu kernel: [    0.000000] ACPI: INT_SRC_OVR (bus 0 bus_irq 9 global_irq 9 high level)
Jan 20 21:51:13 willLaptopUbuntu kernel: [    0.000000] ACPI: IRQ0 used by override.
Jan 20 21:51:13 willLaptopUbuntu kernel: [    0.000000] ACPI: IRQ2 used by override.
Jan 20 21:51:13 willLaptopUbuntu kernel: [    0.000000] ACPI: IRQ9 used by override.
Jan 20 21:51:13 willLaptopUbuntu kernel: [    0.000000] Using ACPI (MADT) for SMP configuration information
Jan 20 21:51:13 willLaptopUbuntu kernel: [    0.000000] ACPI: HPET id: 0x8086a701 base: 0xfed00000
Jan 20 21:51:13 willLaptopUbuntu kernel: [    0.000000] smpboot: Allowing 16 CPUs, 12 hotplug CPUs
Jan 20 21:51:13 willLaptopUbuntu kernel: [    0.000000] nr_irqs_gsi: 40
Jan 20 21:51:13 willLaptopUbuntu kernel: [    0.000000] PM: Registered nosave memory: [mem 0x0009e000-0x0009efff]
Jan 20 21:51:13 willLaptopUbuntu kernel: [    0.000000] PM: Registered nosave memory: [mem 0x0009f000-0x0009ffff]
Jan 20 21:51:13 willLaptopUbuntu kernel: [    0.000000] PM: Registered nosave memory: [mem 0x000a0000-0x000dffff]
Jan 20 21:51:13 willLaptopUbuntu kernel: [    0.000000] PM: Registered nosave memory: [mem 0x000e0000-0x000fffff]
Jan 20 21:51:13 willLaptopUbuntu kernel: [    0.000000] PM: Registered nosave memory: [mem 0x20000000-0x201fffff]
Jan 20 21:51:13 willLaptopUbuntu kernel: [    0.000000] PM: Registered nosave memory: [mem 0x40000000-0x401fffff]
Jan 20 21:51:13 willLaptopUbuntu kernel: [    0.000000] PM: Registered nosave memory: [mem 0xb2d21000-0xb2d8dfff]
Jan 20 21:51:13 willLaptopUbuntu kernel: [    0.000000] PM: Registered nosave memory: [mem 0xb2d95000-0xb2d95fff]
Jan 20 21:51:13 willLaptopUbuntu kernel: [    0.000000] PM: Registered nosave memory: [mem 0xb2d97000-0xb2db7fff]
Jan 20 21:51:13 willLaptopUbuntu kernel: [    0.000000] PM: Registered nosave memory: [mem 0xb2dc6000-0xb2de7fff]
Jan 20 21:51:13 willLaptopUbuntu kernel: [    0.000000] PM: Registered nosave memory: [mem 0xb2f36000-0xb2fe7fff]
Jan 20 21:51:13 willLaptopUbuntu kernel: [    0.000000] PM: Registered nosave memory: [mem 0xb2ffd000-0xb2ffffff]
Jan 20 21:51:13 willLaptopUbuntu kernel: [    0.000000] PM: Registered nosave memory: [mem 0xb3000000-0xbfffffff]
Jan 20 21:51:13 willLaptopUbuntu kernel: [    0.000000] PM: Registered nosave memory: [mem 0xc0000000-0xdfffffff]
Jan 20 21:51:13 willLaptopUbuntu kernel: [    0.000000] PM: Registered nosave memory: [mem 0xe0000000-0xe3ffffff]
Jan 20 21:51:13 willLaptopUbuntu kernel: [    0.000000] PM: Registered nosave memory: [mem 0xe4000000-0xfebfffff]
Jan 20 21:51:13 willLaptopUbuntu kernel: [    0.000000] PM: Registered nosave memory: [mem 0xfec00000-0xfec00fff]
Jan 20 21:51:13 willLaptopUbuntu kernel: [    0.000000] PM: Registered nosave memory: [mem 0xfec01000-0xfed0ffff]
Jan 20 21:51:13 willLaptopUbuntu kernel: [    0.000000] PM: Registered nosave memory: [mem 0xfed10000-0xfed13fff]
Jan 20 21:51:13 willLaptopUbuntu kernel: [    0.000000] PM: Registered nosave memory: [mem 0xfed14000-0xfed17fff]
Jan 20 21:51:13 willLaptopUbuntu kernel: [    0.000000] PM: Registered nosave memory: [mem 0xfed18000-0xfed19fff]
Jan 20 21:51:13 willLaptopUbuntu kernel: [    0.000000] PM: Registered nosave memory: [mem 0xfed1a000-0xfed1bfff]
Jan 20 21:51:13 willLaptopUbuntu kernel: [    0.000000] PM: Registered nosave memory: [mem 0xfed1c000-0xfed1ffff]
Jan 20 21:51:13 willLaptopUbuntu kernel: [    0.000000] PM: Registered nosave memory: [mem 0xfed20000-0xfedfffff]
Jan 20 21:51:13 willLaptopUbuntu kernel: [    0.000000] PM: Registered nosave memory: [mem 0xfee00000-0xfee00fff]
Jan 20 21:51:13 willLaptopUbuntu kernel: [    0.000000] PM: Registered nosave memory: [mem 0xfee01000-0xff97ffff]
Jan 20 21:51:13 willLaptopUbuntu kernel: [    0.000000] PM: Registered nosave memory: [mem 0xff980000-0xffbfffff]
Jan 20 21:51:13 willLaptopUbuntu kernel: [    0.000000] PM: Registered nosave memory: [mem 0xffc00000-0xffd7ffff]
Jan 20 21:51:13 willLaptopUbuntu kernel: [    0.000000] PM: Registered nosave memory: [mem 0xffd80000-0xffffffff]
Jan 20 21:51:13 willLaptopUbuntu kernel: [    0.000000] e820: [mem 0xc0000000-0xdfffffff] available for PCI devices
Jan 20 21:51:13 willLaptopUbuntu kernel: [    0.000000] Booting paravirtualized kernel on bare hardware
Jan 20 21:51:13 willLaptopUbuntu kernel: [    0.000000] setup_percpu: NR_CPUS:256 nr_cpumask_bits:256 nr_cpu_ids:16 nr_node_ids:1
Jan 20 21:51:13 willLaptopUbuntu kernel: [    0.000000] PERCPU: Embedded 27 pages/cpu @ffff88013f400000 s81536 r8192 d20864 u131072
Jan 20 21:51:13 willLaptopUbuntu kernel: [    0.000000] pcpu-alloc: s81536 r8192 d20864 u131072 alloc=1*2097152
Jan 20 21:51:13 willLaptopUbuntu kernel: [    0.000000] pcpu-alloc: [0] 00 01 02 03 04 05 06 07 08 09 10 11 12 13 14 15 
Jan 20 21:51:13 willLaptopUbuntu kernel: [    0.000000] Built 1 zonelists in Node order, mobility grouping on.  Total pages: 976143
Jan 20 21:51:13 willLaptopUbuntu kernel: [    0.000000] Policy zone: Normal
Jan 20 21:51:13 willLaptopUbuntu kernel: [    0.000000] Kernel command line: BOOT_IMAGE=/boot/vmlinuz-3.13.0-73-generic root=UUID=034061ad-a500-47e6-b5d8-6b60c3e88c54 ro quiet splash vt.handoff=7
Jan 20 21:51:13 willLaptopUbuntu kernel: [    0.000000] PID hash table entries: 4096 (order: 3, 32768 bytes)
Jan 20 21:51:13 willLaptopUbuntu kernel: [    0.000000] xsave: enabled xstate_bv 0x7, cntxt size 0x340
Jan 20 21:51:13 willLaptopUbuntu kernel: [    0.000000] Checking aperture...
Jan 20 21:51:13 willLaptopUbuntu kernel: [    0.000000] No AGP bridge found
Jan 20 21:51:13 willLaptopUbuntu kernel: [    0.000000] Calgary: detecting Calgary via BIOS EBDA area
Jan 20 21:51:13 willLaptopUbuntu kernel: [    0.000000] Calgary: Unable to locate Rio Grande table in EBDA - bailing!
Jan 20 21:51:13 willLaptopUbuntu kernel: [    0.000000] Memory: 3799980K/3967196K available (7399K kernel code, 1146K rwdata, 3416K rodata, 1336K init, 1448K bss, 167216K reserved)
Jan 20 21:51:13 willLaptopUbuntu kernel: [    0.000000] SLUB: HWalign=64, Order=0-3, MinObjects=0, CPUs=16, Nodes=1
Jan 20 21:51:13 willLaptopUbuntu kernel: [    0.000000] Hierarchical RCU implementation.
Jan 20 21:51:13 willLaptopUbuntu kernel: [    0.000000] 	RCU dyntick-idle grace-period acceleration is enabled.
Jan 20 21:51:13 willLaptopUbuntu kernel: [    0.000000] 	RCU restricting CPUs from NR_CPUS=256 to nr_cpu_ids=16.
Jan 20 21:51:13 willLaptopUbuntu kernel: [    0.000000] 	Offload RCU callbacks from all CPUs
Jan 20 21:51:13 willLaptopUbuntu kernel: [    0.000000] 	Offload RCU callbacks from CPUs: 0-15.
Jan 20 21:51:13 willLaptopUbuntu kernel: [    0.000000] NR_IRQS:16640 nr_irqs:808 16
Jan 20 21:51:13 willLaptopUbuntu kernel: [    0.000000] Console: colour dummy device 80x25
Jan 20 21:51:13 willLaptopUbuntu kernel: [    0.000000] console [tty0] enabled
Jan 20 21:51:13 willLaptopUbuntu kernel: [    0.000000] allocated 16252928 bytes of page_cgroup
Jan 20 21:51:13 willLaptopUbuntu kernel: [    0.000000] please try 'cgroup_disable=memory' option if you don't want memory cgroups
Jan 20 21:51:13 willLaptopUbuntu kernel: [    0.000000] hpet clockevent registered
Jan 20 21:51:13 willLaptopUbuntu kernel: [    0.000000] tsc: Fast TSC calibration using PIT
Jan 20 21:51:13 willLaptopUbuntu kernel: [    0.004000] tsc: Detected 2394.501 MHz processor
Jan 20 21:51:13 willLaptopUbuntu kernel: [    0.000003] Calibrating delay loop (skipped), value calculated using timer frequency.. 4789.00 BogoMIPS (lpj=9578004)
Jan 20 21:51:13 willLaptopUbuntu kernel: [    0.000005] pid_max: default: 32768 minimum: 301
Jan 20 21:51:13 willLaptopUbuntu kernel: [    0.000035] Security Framework initialized
Jan 20 21:51:13 willLaptopUbuntu kernel: [    0.000055] AppArmor: AppArmor initialized
Jan 20 21:51:13 willLaptopUbuntu kernel: [    0.000056] Yama: becoming mindful.
Jan 20 21:51:13 willLaptopUbuntu kernel: [    0.000372] Dentry cache hash table entries: 524288 (order: 10, 4194304 bytes)
Jan 20 21:51:13 willLaptopUbuntu kernel: [    0.001394] Inode-cache hash table entries: 262144 (order: 9, 2097152 bytes)
Jan 20 21:51:13 willLaptopUbuntu kernel: [    0.001846] Mount-cache hash table entries: 8192 (order: 4, 65536 bytes)
Jan 20 21:51:13 willLaptopUbuntu kernel: [    0.001854] Mountpoint-cache hash table entries: 8192 (order: 4, 65536 bytes)
Jan 20 21:51:13 willLaptopUbuntu kernel: [    0.002064] Initializing cgroup subsys memory
Jan 20 21:51:13 willLaptopUbuntu kernel: [    0.002071] Initializing cgroup subsys devices
Jan 20 21:51:13 willLaptopUbuntu kernel: [    0.002072] Initializing cgroup subsys freezer
Jan 20 21:51:13 willLaptopUbuntu kernel: [    0.002074] Initializing cgroup subsys blkio
Jan 20 21:51:13 willLaptopUbuntu kernel: [    0.002075] Initializing cgroup subsys perf_event
Jan 20 21:51:13 willLaptopUbuntu kernel: [    0.002078] Initializing cgroup subsys hugetlb
Jan 20 21:51:13 willLaptopUbuntu kernel: [    0.002098] CPU: Physical Processor ID: 0
Jan 20 21:51:13 willLaptopUbuntu kernel: [    0.002100] CPU: Processor Core ID: 0
Jan 20 21:51:13 willLaptopUbuntu kernel: [    0.002104] ENERGY_PERF_BIAS: Set to 'normal', was 'performance'
Jan 20 21:51:13 willLaptopUbuntu kernel: [    0.002104] ENERGY_PERF_BIAS: View and update with x86_energy_perf_policy(8)
Jan 20 21:51:13 willLaptopUbuntu kernel: [    0.002107] mce: CPU supports 7 MCE banks
Jan 20 21:51:13 willLaptopUbuntu kernel: [    0.002118] CPU0: Thermal monitoring enabled (TM1)
Jan 20 21:51:13 willLaptopUbuntu kernel: [    0.002125] process: using mwait in idle threads
Jan 20 21:51:13 willLaptopUbuntu kernel: [    0.002128] Last level iTLB entries: 4KB 512, 2MB 0, 4MB 0
Jan 20 21:51:13 willLaptopUbuntu kernel: [    0.002128] Last level dTLB entries: 4KB 512, 2MB 32, 4MB 32
Jan 20 21:51:13 willLaptopUbuntu kernel: [    0.002128] tlb_flushall_shift: 5
Jan 20 21:51:13 willLaptopUbuntu kernel: [    0.002255] Freeing SMP alternatives memory: 32K (ffffffff81e6e000 - ffffffff81e76000)
Jan 20 21:51:13 willLaptopUbuntu kernel: [    0.003744] ACPI: Core revision 20131115
Jan 20 21:51:13 willLaptopUbuntu kernel: [    0.011060] ACPI: All ACPI Tables successfully acquired
Jan 20 21:51:13 willLaptopUbuntu kernel: [    0.255898] ftrace: allocating 28598 entries in 112 pages
Jan 20 21:51:13 willLaptopUbuntu kernel: [    0.270398] Switched APIC routing to physical flat.
Jan 20 21:51:13 willLaptopUbuntu kernel: [    0.270819] ..TIMER: vector=0x30 apic1=0 pin1=2 apic2=-1 pin2=-1
Jan 20 21:51:13 willLaptopUbuntu kernel: [    0.310536] smpboot: CPU0: Intel(R) Core(TM) i5-2430M CPU @ 2.40GHz (fam: 06, model: 2a, stepping: 07)
Jan 20 21:51:13 willLaptopUbuntu kernel: [    0.310544] TSC deadline timer enabled
Jan 20 21:51:13 willLaptopUbuntu kernel: [    0.310557] Performance Events: PEBS fmt1+, 16-deep LBR, SandyBridge events, full-width counters, Intel PMU driver.
Jan 20 21:51:13 willLaptopUbuntu kernel: [    0.310563] perf_event_intel: PEBS disabled due to CPU errata, please upgrade microcode
Jan 20 21:51:13 willLaptopUbuntu kernel: [    0.310565] ... version:                3
Jan 20 21:51:13 willLaptopUbuntu kernel: [    0.310566] ... bit width:              48
Jan 20 21:51:13 willLaptopUbuntu kernel: [    0.310567] ... generic registers:      4
Jan 20 21:51:13 willLaptopUbuntu kernel: [    0.310568] ... value mask:             0000ffffffffffff
Jan 20 21:51:13 willLaptopUbuntu kernel: [    0.310569] ... max period:             0000ffffffffffff
Jan 20 21:51:13 willLaptopUbuntu kernel: [    0.310570] ... fixed-purpose events:   3
Jan 20 21:51:13 willLaptopUbuntu kernel: [    0.310571] ... event mask:             000000070000000f
Jan 20 21:51:13 willLaptopUbuntu kernel: [    0.312367] x86: Booting SMP configuration:
Jan 20 21:51:13 willLaptopUbuntu kernel: [    0.325551] NMI watchdog: enabled on all CPUs, permanently consumes one hw-PMU counter.
Jan 20 21:51:13 willLaptopUbuntu kernel: [    0.312369] .... node  #0, CPUs:        #1  #2  #3
Jan 20 21:51:13 willLaptopUbuntu kernel: [    0.351857] x86: Booted up 1 node, 4 CPUs
Jan 20 21:51:13 willLaptopUbuntu kernel: [    0.351861] smpboot: Total of 4 processors activated (19156.00 BogoMIPS)
Jan 20 21:51:13 willLaptopUbuntu kernel: [    0.355136] devtmpfs: initialized
Jan 20 21:51:13 willLaptopUbuntu kernel: [    0.357701] EVM: security.selinux
Jan 20 21:51:13 willLaptopUbuntu kernel: [    0.357702] EVM: security.SMACK64
Jan 20 21:51:13 willLaptopUbuntu kernel: [    0.357703] EVM: security.ima
Jan 20 21:51:13 willLaptopUbuntu kernel: [    0.357704] EVM: security.capability
Jan 20 21:51:13 willLaptopUbuntu kernel: [    0.357746] PM: Registering ACPI NVS region [mem 0xb2f36000-0xb2fe7fff] (729088 bytes)
Jan 20 21:51:13 willLaptopUbuntu kernel: [    0.358546] pinctrl core: initialized pinctrl subsystem
Jan 20 21:51:13 willLaptopUbuntu kernel: [    0.358601] regulator-dummy: no parameters
Jan 20 21:51:13 willLaptopUbuntu kernel: [    0.358632] RTC time: 21:50:46, date: 01/20/16
Jan 20 21:51:13 willLaptopUbuntu kernel: [    0.358666] NET: Registered protocol family 16
Jan 20 21:51:13 willLaptopUbuntu kernel: [    0.358763] cpuidle: using governor ladder
Jan 20 21:51:13 willLaptopUbuntu kernel: [    0.358765] cpuidle: using governor menu
Jan 20 21:51:13 willLaptopUbuntu kernel: [    0.358799] ACPI FADT declares the system doesn't support PCIe ASPM, so disable it
Jan 20 21:51:13 willLaptopUbuntu kernel: [    0.358800] ACPI: bus type PCI registered
Jan 20 21:51:13 willLaptopUbuntu kernel: [    0.358802] acpiphp: ACPI Hot Plug PCI Controller Driver version: 0.5
Jan 20 21:51:13 willLaptopUbuntu kernel: [    0.358862] PCI: MMCONFIG for domain 0000 [bus 00-3f] at [mem 0xe0000000-0xe3ffffff] (base 0xe0000000)
Jan 20 21:51:13 willLaptopUbuntu kernel: [    0.358865] PCI: MMCONFIG at [mem 0xe0000000-0xe3ffffff] reserved in E820
Jan 20 21:51:13 willLaptopUbuntu kernel: [    0.366528] PCI: Using configuration type 1 for base access
Jan 20 21:51:13 willLaptopUbuntu kernel: [    0.366667] mtrr: your CPUs had inconsistent variable MTRR settings
Jan 20 21:51:13 willLaptopUbuntu kernel: [    0.366668] mtrr: probably your BIOS does not setup all CPUs.
Jan 20 21:51:13 willLaptopUbuntu kernel: [    0.366668] mtrr: corrected configuration.
Jan 20 21:51:13 willLaptopUbuntu kernel: [    0.367395] bio: create slab <bio-0> at 0
Jan 20 21:51:13 willLaptopUbuntu kernel: [    0.367535] ACPI: Added _OSI(Module Device)
Jan 20 21:51:13 willLaptopUbuntu kernel: [    0.367536] ACPI: Added _OSI(Processor Device)
Jan 20 21:51:13 willLaptopUbuntu kernel: [    0.367538] ACPI: Added _OSI(3.0 _SCP Extensions)
Jan 20 21:51:13 willLaptopUbuntu kernel: [    0.367539] ACPI: Added _OSI(Processor Aggregator Device)
Jan 20 21:51:13 willLaptopUbuntu kernel: [    0.369492] ACPI : EC: EC description table is found, configuring boot EC
Jan 20 21:51:13 willLaptopUbuntu kernel: [    0.371615] ACPI: Executed 1 blocks of module-level executable AML code
Jan 20 21:51:13 willLaptopUbuntu kernel: [    0.375936] [Firmware Bug]: ACPI: BIOS _OSI(Linux) query ignored
Jan 20 21:51:13 willLaptopUbuntu kernel: [    0.380326] ACPI: SSDT 00000000b2dca798 00073F (v01  PmRef  Cpu0Cst 00003001 INTL 20091112)
Jan 20 21:51:13 willLaptopUbuntu kernel: [    0.380802] ACPI: Dynamic OEM Table Load:
Jan 20 21:51:13 willLaptopUbuntu kernel: [    0.380804] ACPI: SSDT           (null) 00073F (v01  PmRef  Cpu0Cst 00003001 INTL 20091112)
Jan 20 21:51:13 willLaptopUbuntu kernel: [    0.384171] ACPI: SSDT 00000000b2dcba98 000303 (v01  PmRef    ApIst 00003000 INTL 20091112)
Jan 20 21:51:13 willLaptopUbuntu kernel: [    0.384671] ACPI: Dynamic OEM Table Load:
Jan 20 21:51:13 willLaptopUbuntu kernel: [    0.384673] ACPI: SSDT           (null) 000303 (v01  PmRef    ApIst 00003000 INTL 20091112)
Jan 20 21:51:13 willLaptopUbuntu kernel: [    0.388058] ACPI: SSDT 00000000b2dc9d98 000119 (v01  PmRef    ApCst 00003000 INTL 20091112)
Jan 20 21:51:13 willLaptopUbuntu kernel: [    0.388520] ACPI: Dynamic OEM Table Load:
Jan 20 21:51:13 willLaptopUbuntu kernel: [    0.388522] ACPI: SSDT           (null) 000119 (v01  PmRef    ApCst 00003000 INTL 20091112)
Jan 20 21:51:13 willLaptopUbuntu kernel: [    0.392474] ACPI: Interpreter enabled
Jan 20 21:51:13 willLaptopUbuntu kernel: [    0.392480] ACPI Exception: AE_NOT_FOUND, While evaluating Sleep State [\_S1_] (20131115/hwxface-580)
Jan 20 21:51:13 willLaptopUbuntu kernel: [    0.392485] ACPI Exception: AE_NOT_FOUND, While evaluating Sleep State [\_S2_] (20131115/hwxface-580)
Jan 20 21:51:13 willLaptopUbuntu kernel: [    0.392498] ACPI: (supports S0 S3 S4 S5)
Jan 20 21:51:13 willLaptopUbuntu kernel: [    0.392500] ACPI: Using IOAPIC for interrupt routing
Jan 20 21:51:13 willLaptopUbuntu kernel: [    0.392525] PCI: Using host bridge windows from ACPI; if necessary, use "pci=nocrs" and report a bug
Jan 20 21:51:13 willLaptopUbuntu kernel: [    0.392677] ACPI: No dock devices found.
Jan 20 21:51:13 willLaptopUbuntu kernel: [    0.399235] ACPI: PCI Root Bridge [PCI0] (domain 0000 [bus 00-3e])
Jan 20 21:51:13 willLaptopUbuntu kernel: [    0.399240] acpi PNP0A08:00: _OSC: OS supports [ExtendedConfig ASPM ClockPM Segments MSI]
Jan 20 21:51:13 willLaptopUbuntu kernel: [    0.399645] acpi PNP0A08:00: _OSC: OS now controls [PCIeHotplug PME AER PCIeCapability]
Jan 20 21:51:13 willLaptopUbuntu kernel: [    0.399647] acpi PNP0A08:00: FADT indicates ASPM is unsupported, using BIOS configuration
Jan 20 21:51:13 willLaptopUbuntu kernel: [    0.400219] PCI host bridge to bus 0000:00
Jan 20 21:51:13 willLaptopUbuntu kernel: [    0.400222] pci_bus 0000:00: root bus resource [bus 00-3e]
Jan 20 21:51:13 willLaptopUbuntu kernel: [    0.400223] pci_bus 0000:00: root bus resource [io  0x0000-0x0cf7]
Jan 20 21:51:13 willLaptopUbuntu kernel: [    0.400225] pci_bus 0000:00: root bus resource [io  0x0d00-0xffff]
Jan 20 21:51:13 willLaptopUbuntu kernel: [    0.400227] pci_bus 0000:00: root bus resource [mem 0x000a0000-0x000bffff]
Jan 20 21:51:13 willLaptopUbuntu kernel: [    0.400229] pci_bus 0000:00: root bus resource [mem 0x000d0000-0x000d3fff]
Jan 20 21:51:13 willLaptopUbuntu kernel: [    0.400230] pci_bus 0000:00: root bus resource [mem 0x000d4000-0x000d7fff]
Jan 20 21:51:13 willLaptopUbuntu kernel: [    0.400232] pci_bus 0000:00: root bus resource [mem 0x000d8000-0x000dbfff]
Jan 20 21:51:13 willLaptopUbuntu kernel: [    0.400233] pci_bus 0000:00: root bus resource [mem 0x000dc000-0x000dffff]
Jan 20 21:51:13 willLaptopUbuntu kernel: [    0.400235] pci_bus 0000:00: root bus resource [mem 0x000e0000-0x000e3fff]
Jan 20 21:51:13 willLaptopUbuntu kernel: [    0.400237] pci_bus 0000:00: root bus resource [mem 0x000e4000-0x000e7fff]
Jan 20 21:51:13 willLaptopUbuntu kernel: [    0.400238] pci_bus 0000:00: root bus resource [mem 0xc0000000-0xfeafffff]
Jan 20 21:51:13 willLaptopUbuntu kernel: [    0.400240] pci_bus 0000:00: root bus resource [mem 0xfed40000-0xfed44fff]
Jan 20 21:51:13 willLaptopUbuntu kernel: [    0.400247] pci 0000:00:00.0: [8086:0104] type 00 class 0x060000
Jan 20 21:51:13 willLaptopUbuntu kernel: [    0.400335] pci 0000:00:02.0: [8086:0116] type 00 class 0x030000
Jan 20 21:51:13 willLaptopUbuntu kernel: [    0.400346] pci 0000:00:02.0: reg 0x10: [mem 0xddc00000-0xddffffff 64bit]
Jan 20 21:51:13 willLaptopUbuntu kernel: [    0.400352] pci 0000:00:02.0: reg 0x18: [mem 0xc0000000-0xcfffffff 64bit pref]
Jan 20 21:51:13 willLaptopUbuntu kernel: [    0.400356] pci 0000:00:02.0: reg 0x20: [io  0xe000-0xe03f]
Jan 20 21:51:13 willLaptopUbuntu kernel: [    0.400462] pci 0000:00:16.0: [8086:1c3a] type 00 class 0x078000
Jan 20 21:51:13 willLaptopUbuntu kernel: [    0.400487] pci 0000:00:16.0: reg 0x10: [mem 0xdfe0b000-0xdfe0b00f 64bit]
Jan 20 21:51:13 willLaptopUbuntu kernel: [    0.400565] pci 0000:00:16.0: PME# supported from D0 D3hot D3cold
Jan 20 21:51:13 willLaptopUbuntu kernel: [    0.400653] pci 0000:00:1a.0: [8086:1c2d] type 00 class 0x0c0320
Jan 20 21:51:13 willLaptopUbuntu kernel: [    0.400675] pci 0000:00:1a.0: reg 0x10: [mem 0xdfe08000-0xdfe083ff]
Jan 20 21:51:13 willLaptopUbuntu kernel: [    0.400766] pci 0000:00:1a.0: PME# supported from D0 D3hot D3cold
Jan 20 21:51:13 willLaptopUbuntu kernel: [    0.400818] pci 0000:00:1a.0: System wakeup disabled by ACPI
Jan 20 21:51:13 willLaptopUbuntu kernel: [    0.400852] pci 0000:00:1b.0: [8086:1c20] type 00 class 0x040300
Jan 20 21:51:13 willLaptopUbuntu kernel: [    0.400869] pci 0000:00:1b.0: reg 0x10: [mem 0xdfe00000-0xdfe03fff 64bit]
Jan 20 21:51:13 willLaptopUbuntu kernel: [    0.400937] pci 0000:00:1b.0: PME# supported from D0 D3hot D3cold
Jan 20 21:51:13 willLaptopUbuntu kernel: [    0.400988] pci 0000:00:1b.0: System wakeup disabled by ACPI
Jan 20 21:51:13 willLaptopUbuntu kernel: [    0.401018] pci 0000:00:1c.0: [8086:1c10] type 01 class 0x060400
Jan 20 21:51:13 willLaptopUbuntu kernel: [    0.401098] pci 0000:00:1c.0: PME# supported from D0 D3hot D3cold
Jan 20 21:51:13 willLaptopUbuntu kernel: [    0.401151] pci 0000:00:1c.0: System wakeup disabled by ACPI
Jan 20 21:51:13 willLaptopUbuntu kernel: [    0.401180] pci 0000:00:1c.1: [8086:1c12] type 01 class 0x060400
Jan 20 21:51:13 willLaptopUbuntu kernel: [    0.401259] pci 0000:00:1c.1: PME# supported from D0 D3hot D3cold
Jan 20 21:51:13 willLaptopUbuntu kernel: [    0.401312] pci 0000:00:1c.1: System wakeup disabled by ACPI
Jan 20 21:51:13 willLaptopUbuntu kernel: [    0.401343] pci 0000:00:1c.5: [8086:1c1a] type 01 class 0x060400
Jan 20 21:51:13 willLaptopUbuntu kernel: [    0.401422] pci 0000:00:1c.5: PME# supported from D0 D3hot D3cold
Jan 20 21:51:13 willLaptopUbuntu kernel: [    0.401475] pci 0000:00:1c.5: System wakeup disabled by ACPI
Jan 20 21:51:13 willLaptopUbuntu kernel: [    0.401510] pci 0000:00:1d.0: [8086:1c26] type 00 class 0x0c0320
Jan 20 21:51:13 willLaptopUbuntu kernel: [    0.401533] pci 0000:00:1d.0: reg 0x10: [mem 0xdfe07000-0xdfe073ff]
Jan 20 21:51:13 willLaptopUbuntu kernel: [    0.401623] pci 0000:00:1d.0: PME# supported from D0 D3hot D3cold
Jan 20 21:51:13 willLaptopUbuntu kernel: [    0.401673] pci 0000:00:1d.0: System wakeup disabled by ACPI
Jan 20 21:51:13 willLaptopUbuntu kernel: [    0.401703] pci 0000:00:1f.0: [8086:1c49] type 00 class 0x060100
Jan 20 21:51:13 willLaptopUbuntu kernel: [    0.401879] pci 0000:00:1f.2: [8086:1c03] type 00 class 0x010601
Jan 20 21:51:13 willLaptopUbuntu kernel: [    0.401897] pci 0000:00:1f.2: reg 0x10: [io  0xe0b0-0xe0b7]
Jan 20 21:51:13 willLaptopUbuntu kernel: [    0.401906] pci 0000:00:1f.2: reg 0x14: [io  0xe0a0-0xe0a3]
Jan 20 21:51:13 willLaptopUbuntu kernel: [    0.401914] pci 0000:00:1f.2: reg 0x18: [io  0xe090-0xe097]
Jan 20 21:51:13 willLaptopUbuntu kernel: [    0.401922] pci 0000:00:1f.2: reg 0x1c: [io  0xe080-0xe083]
Jan 20 21:51:13 willLaptopUbuntu kernel: [    0.401930] pci 0000:00:1f.2: reg 0x20: [io  0xe060-0xe07f]
Jan 20 21:51:13 willLaptopUbuntu kernel: [    0.401939] pci 0000:00:1f.2: reg 0x24: [mem 0xdfe06000-0xdfe067ff]
Jan 20 21:51:13 willLaptopUbuntu kernel: [    0.401984] pci 0000:00:1f.2: PME# supported from D3hot
Jan 20 21:51:13 willLaptopUbuntu kernel: [    0.402056] pci 0000:00:1f.3: [8086:1c22] type 00 class 0x0c0500
Jan 20 21:51:13 willLaptopUbuntu kernel: [    0.402072] pci 0000:00:1f.3: reg 0x10: [mem 0xdfe05000-0xdfe050ff 64bit]
Jan 20 21:51:13 willLaptopUbuntu kernel: [    0.402094] pci 0000:00:1f.3: reg 0x20: [io  0xe040-0xe05f]
Jan 20 21:51:13 willLaptopUbuntu kernel: [    0.402224] pci 0000:00:1c.0: PCI bridge to [bus 01]
Jan 20 21:51:13 willLaptopUbuntu kernel: [    0.402228] pci 0000:00:1c.0:   bridge window [io  0xd000-0xdfff]
Jan 20 21:51:13 willLaptopUbuntu kernel: [    0.402233] pci 0000:00:1c.0:   bridge window [mem 0xdf400000-0xdfdfffff]
Jan 20 21:51:13 willLaptopUbuntu kernel: [    0.402239] pci 0000:00:1c.0:   bridge window [mem 0xd1600000-0xd1ffffff 64bit pref]
Jan 20 21:51:13 willLaptopUbuntu kernel: [    0.402330] pci 0000:02:00.0: [168c:002b] type 00 class 0x028000
Jan 20 21:51:13 willLaptopUbuntu kernel: [    0.402359] pci 0000:02:00.0: reg 0x10: [mem 0xdea00000-0xdea0ffff 64bit]
Jan 20 21:51:13 willLaptopUbuntu kernel: [    0.402490] pci 0000:02:00.0: supports D1
Jan 20 21:51:13 willLaptopUbuntu kernel: [    0.402492] pci 0000:02:00.0: PME# supported from D0 D1 D3hot D3cold
Jan 20 21:51:13 willLaptopUbuntu kernel: [    0.402525] pci 0000:02:00.0: System wakeup disabled by ACPI
Jan 20 21:51:13 willLaptopUbuntu kernel: [    0.410834] pci 0000:00:1c.1: PCI bridge to [bus 02]
Jan 20 21:51:13 willLaptopUbuntu kernel: [    0.410844] pci 0000:00:1c.1:   bridge window [io  0xc000-0xcfff]
Jan 20 21:51:13 willLaptopUbuntu kernel: [    0.410853] pci 0000:00:1c.1:   bridge window [mem 0xdea00000-0xdf3fffff]
Jan 20 21:51:13 willLaptopUbuntu kernel: [    0.410868] pci 0000:00:1c.1:   bridge window [mem 0xd0b00000-0xd14fffff 64bit pref]
Jan 20 21:51:13 willLaptopUbuntu kernel: [    0.411003] pci 0000:03:00.0: [1969:1083] type 00 class 0x020000
Jan 20 21:51:13 willLaptopUbuntu kernel: [    0.411033] pci 0000:03:00.0: reg 0x10: [mem 0xde000000-0xde03ffff 64bit]
Jan 20 21:51:13 willLaptopUbuntu kernel: [    0.411048] pci 0000:03:00.0: reg 0x18: [io  0xb000-0xb07f]
Jan 20 21:51:13 willLaptopUbuntu kernel: [    0.411177] pci 0000:03:00.0: PME# supported from D0 D1 D2 D3hot D3cold
Jan 20 21:51:13 willLaptopUbuntu kernel: [    0.411211] pci 0000:03:00.0: System wakeup disabled by ACPI
Jan 20 21:51:13 willLaptopUbuntu kernel: [    0.418846] pci 0000:00:1c.5: PCI bridge to [bus 03]
Jan 20 21:51:13 willLaptopUbuntu kernel: [    0.418856] pci 0000:00:1c.5:   bridge window [io  0xb000-0xbfff]
Jan 20 21:51:13 willLaptopUbuntu kernel: [    0.418866] pci 0000:00:1c.5:   bridge window [mem 0xde000000-0xde9fffff]
Jan 20 21:51:13 willLaptopUbuntu kernel: [    0.418880] pci 0000:00:1c.5:   bridge window [mem 0xd0000000-0xd09fffff 64bit pref]
Jan 20 21:51:13 willLaptopUbuntu kernel: [    0.419460] ACPI: PCI Interrupt Link [LNKA] (IRQs 3 4 5 6 7 10 *11 12)
Jan 20 21:51:13 willLaptopUbuntu kernel: [    0.419510] ACPI: PCI Interrupt Link [LNKB] (IRQs 3 4 *5 6 7 10 12)
Jan 20 21:51:13 willLaptopUbuntu kernel: [    0.419558] ACPI: PCI Interrupt Link [LNKC] (IRQs *3 4 5 6 7 10 12)
Jan 20 21:51:13 willLaptopUbuntu kernel: [    0.419605] ACPI: PCI Interrupt Link [LNKD] (IRQs 3 4 5 6 7 *10 12)
Jan 20 21:51:13 willLaptopUbuntu kernel: [    0.419652] ACPI: PCI Interrupt Link [LNKE] (IRQs 3 4 5 6 7 10 12) *0, disabled.
Jan 20 21:51:13 willLaptopUbuntu kernel: [    0.419699] ACPI: PCI Interrupt Link [LNKF] (IRQs 3 4 5 6 7 10 12) *0, disabled.
Jan 20 21:51:13 willLaptopUbuntu kernel: [    0.419748] ACPI: PCI Interrupt Link [LNKG] (IRQs 3 4 *5 6 7 10 12)
Jan 20 21:51:13 willLaptopUbuntu kernel: [    0.419795] ACPI: PCI Interrupt Link [LNKH] (IRQs 3 4 *5 6 7 10 12)
Jan 20 21:51:13 willLaptopUbuntu kernel: [    0.420101] ACPI: Enabled 4 GPEs in block 00 to 3F
Jan 20 21:51:13 willLaptopUbuntu kernel: [    0.420107] ACPI: \_SB_.PCI0: notify handler is installed
Jan 20 21:51:13 willLaptopUbuntu kernel: [    0.420164] Found 1 acpi root devices
Jan 20 21:51:13 willLaptopUbuntu kernel: [    0.420227] ACPI : EC: GPE = 0x1b, I/O: command/status = 0x66, data = 0x62
Jan 20 21:51:13 willLaptopUbuntu kernel: [    0.420318] vgaarb: setting as boot device: PCI:0000:00:02.0
Jan 20 21:51:13 willLaptopUbuntu kernel: [    0.420321] vgaarb: device added: PCI:0000:00:02.0,decodes=io+mem,owns=io+mem,locks=none
Jan 20 21:51:13 willLaptopUbuntu kernel: [    0.420323] vgaarb: loaded
Jan 20 21:51:13 willLaptopUbuntu kernel: [    0.420324] vgaarb: bridge control possible 0000:00:02.0
Jan 20 21:51:13 willLaptopUbuntu kernel: [    0.420469] SCSI subsystem initialized
Jan 20 21:51:13 willLaptopUbuntu kernel: [    0.420527] libata version 3.00 loaded.
Jan 20 21:51:13 willLaptopUbuntu kernel: [    0.420558] ACPI: bus type USB registered
Jan 20 21:51:13 willLaptopUbuntu kernel: [    0.420574] usbcore: registered new interface driver usbfs
Jan 20 21:51:13 willLaptopUbuntu kernel: [    0.420581] usbcore: registered new interface driver hub
Jan 20 21:51:13 willLaptopUbuntu kernel: [    0.420604] usbcore: registered new device driver usb
Jan 20 21:51:13 willLaptopUbuntu kernel: [    0.420698] PCI: Using ACPI for IRQ routing
Jan 20 21:51:13 willLaptopUbuntu kernel: [    0.422250] PCI: pci_cache_line_size set to 64 bytes
Jan 20 21:51:13 willLaptopUbuntu kernel: [    0.422297] e820: reserve RAM buffer [mem 0x0009e800-0x0009ffff]
Jan 20 21:51:13 willLaptopUbuntu kernel: [    0.422299] e820: reserve RAM buffer [mem 0xb2d21000-0xb3ffffff]
Jan 20 21:51:13 willLaptopUbuntu kernel: [    0.422301] e820: reserve RAM buffer [mem 0xb2d95000-0xb3ffffff]
Jan 20 21:51:13 willLaptopUbuntu kernel: [    0.422303] e820: reserve RAM buffer [mem 0xb2d97000-0xb3ffffff]
Jan 20 21:51:13 willLaptopUbuntu kernel: [    0.422305] e820: reserve RAM buffer [mem 0xb2dc6000-0xb3ffffff]
Jan 20 21:51:13 willLaptopUbuntu kernel: [    0.422306] e820: reserve RAM buffer [mem 0xb2f36000-0xb3ffffff]
Jan 20 21:51:13 willLaptopUbuntu kernel: [    0.422308] e820: reserve RAM buffer [mem 0xb2ffd000-0xb3ffffff]
Jan 20 21:51:13 willLaptopUbuntu kernel: [    0.422309] e820: reserve RAM buffer [mem 0x13f800000-0x13fffffff]
Jan 20 21:51:13 willLaptopUbuntu kernel: [    0.422391] NetLabel: Initializing
Jan 20 21:51:13 willLaptopUbuntu kernel: [    0.422392] NetLabel:  domain hash size = 128
Jan 20 21:51:13 willLaptopUbuntu kernel: [    0.422393] NetLabel:  protocols = UNLABELED CIPSOv4
Jan 20 21:51:13 willLaptopUbuntu kernel: [    0.422405] NetLabel:  unlabeled traffic allowed by default
Jan 20 21:51:13 willLaptopUbuntu kernel: [    0.422462] hpet0: at MMIO 0xfed00000, IRQs 2, 8, 0, 0, 0, 0, 0, 0
Jan 20 21:51:13 willLaptopUbuntu kernel: [    0.422467] hpet0: 8 comparators, 64-bit 14.318180 MHz counter
Jan 20 21:51:13 willLaptopUbuntu kernel: [    0.424501] Switched to clocksource hpet
Jan 20 21:51:13 willLaptopUbuntu kernel: [    0.428813] AppArmor: AppArmor Filesystem Enabled
Jan 20 21:51:13 willLaptopUbuntu kernel: [    0.428838] pnp: PnP ACPI init
Jan 20 21:51:13 willLaptopUbuntu kernel: [    0.428852] ACPI: bus type PNP registered
Jan 20 21:51:13 willLaptopUbuntu kernel: [    0.428904] pnp 00:00: [dma 4]
Jan 20 21:51:13 willLaptopUbuntu kernel: [    0.428927] pnp 00:00: Plug and Play ACPI device, IDs PNP0200 (active)
Jan 20 21:51:13 willLaptopUbuntu kernel: [    0.428946] pnp 00:01: Plug and Play ACPI device, IDs INT0800 (active)
Jan 20 21:51:13 willLaptopUbuntu kernel: [    0.429053] pnp 00:02: Plug and Play ACPI device, IDs PNP0103 (active)
Jan 20 21:51:13 willLaptopUbuntu kernel: [    0.429088] pnp 00:03: Plug and Play ACPI device, IDs PNP0c04 (active)
Jan 20 21:51:13 willLaptopUbuntu kernel: [    0.429130] system 00:04: [io  0x0680-0x069f] has been reserved
Jan 20 21:51:13 willLaptopUbuntu kernel: [    0.429132] system 00:04: [io  0x1000-0x100f] has been reserved
Jan 20 21:51:13 willLaptopUbuntu kernel: [    0.429134] system 00:04: [io  0xffff] has been reserved
Jan 20 21:51:13 willLaptopUbuntu kernel: [    0.429136] system 00:04: [io  0xffff] has been reserved
Jan 20 21:51:13 willLaptopUbuntu kernel: [    0.429138] system 00:04: [io  0x0400-0x0453] could not be reserved
Jan 20 21:51:13 willLaptopUbuntu kernel: [    0.429139] system 00:04: [io  0x0458-0x047f] has been reserved
Jan 20 21:51:13 willLaptopUbuntu kernel: [    0.429141] system 00:04: [io  0x0500-0x057f] has been reserved
Jan 20 21:51:13 willLaptopUbuntu kernel: [    0.429143] system 00:04: [io  0x164e-0x164f] has been reserved
Jan 20 21:51:13 willLaptopUbuntu kernel: [    0.429146] system 00:04: Plug and Play ACPI device, IDs PNP0c02 (active)
Jan 20 21:51:13 willLaptopUbuntu kernel: [    0.429168] pnp 00:05: Plug and Play ACPI device, IDs PNP0b00 (active)
Jan 20 21:51:13 willLaptopUbuntu kernel: [    0.429201] system 00:06: [io  0x0454-0x0457] has been reserved
Jan 20 21:51:13 willLaptopUbuntu kernel: [    0.429204] system 00:06: Plug and Play ACPI device, IDs INT3f0d PNP0c02 (active)
Jan 20 21:51:13 willLaptopUbuntu kernel: [    0.429231] system 00:07: [io  0x0240-0x0259] has been reserved
Jan 20 21:51:13 willLaptopUbuntu kernel: [    0.429233] system 00:07: Plug and Play ACPI device, IDs PNP0c02 (active)
Jan 20 21:51:13 willLaptopUbuntu kernel: [    0.429278] pnp 00:08: Plug and Play ACPI device, IDs SYN0a17 SYN0a00 SYN0002 PNP0f03 PNP0f13 PNP0f12 (active)
Jan 20 21:51:13 willLaptopUbuntu kernel: [    0.429309] pnp 00:09: Plug and Play ACPI device, IDs PNP0303 PNP030b (active)
Jan 20 21:51:13 willLaptopUbuntu kernel: [    0.429517] system 00:0a: [mem 0xfed1c000-0xfed1ffff] has been reserved
Jan 20 21:51:13 willLaptopUbuntu kernel: [    0.429519] system 00:0a: [mem 0xfed10000-0xfed17fff] could not be reserved
Jan 20 21:51:13 willLaptopUbuntu kernel: [    0.429521] system 00:0a: [mem 0xfed18000-0xfed18fff] has been reserved
Jan 20 21:51:13 willLaptopUbuntu kernel: [    0.429523] system 00:0a: [mem 0xfed19000-0xfed19fff] has been reserved
Jan 20 21:51:13 willLaptopUbuntu kernel: [    0.429525] system 00:0a: [mem 0xe0000000-0xe3ffffff] has been reserved
Jan 20 21:51:13 willLaptopUbuntu kernel: [    0.429527] system 00:0a: [mem 0xfed20000-0xfed3ffff] has been reserved
Jan 20 21:51:13 willLaptopUbuntu kernel: [    0.429529] system 00:0a: [mem 0xfed90000-0xfed93fff] has been reserved
Jan 20 21:51:13 willLaptopUbuntu kernel: [    0.429531] system 00:0a: [mem 0xfed45000-0xfed8ffff] has been reserved
Jan 20 21:51:13 willLaptopUbuntu kernel: [    0.429533] system 00:0a: [mem 0xff000000-0xffffffff] could not be reserved
Jan 20 21:51:13 willLaptopUbuntu kernel: [    0.429535] system 00:0a: [mem 0xfee00000-0xfeefffff] could not be reserved
Jan 20 21:51:13 willLaptopUbuntu kernel: [    0.429537] system 00:0a: Plug and Play ACPI device, IDs PNP0c02 (active)
Jan 20 21:51:13 willLaptopUbuntu kernel: [    0.429599] system 00:0b: [mem 0xd2000000-0xd2000fff] has been reserved
Jan 20 21:51:13 willLaptopUbuntu kernel: [    0.429601] system 00:0b: Plug and Play ACPI device, IDs PNP0c02 (active)
Jan 20 21:51:13 willLaptopUbuntu kernel: [    0.429717] system 00:0c: [mem 0x20000000-0x201fffff] has been reserved
Jan 20 21:51:13 willLaptopUbuntu kernel: [    0.429719] system 00:0c: [mem 0x40000000-0x401fffff] has been reserved
Jan 20 21:51:13 willLaptopUbuntu kernel: [    0.429721] system 00:0c: Plug and Play ACPI device, IDs PNP0c01 (active)
Jan 20 21:51:13 willLaptopUbuntu kernel: [    0.429739] pnp: PnP ACPI: found 13 devices
Jan 20 21:51:13 willLaptopUbuntu kernel: [    0.429740] ACPI: bus type PNP unregistered
Jan 20 21:51:13 willLaptopUbuntu kernel: [    0.436070] pci 0000:00:1c.0: PCI bridge to [bus 01]
Jan 20 21:51:13 willLaptopUbuntu kernel: [    0.436074] pci 0000:00:1c.0:   bridge window [io  0xd000-0xdfff]
Jan 20 21:51:13 willLaptopUbuntu kernel: [    0.436079] pci 0000:00:1c.0:   bridge window [mem 0xdf400000-0xdfdfffff]
Jan 20 21:51:13 willLaptopUbuntu kernel: [    0.436084] pci 0000:00:1c.0:   bridge window [mem 0xd1600000-0xd1ffffff 64bit pref]
Jan 20 21:51:13 willLaptopUbuntu kernel: [    0.436090] pci 0000:00:1c.1: PCI bridge to [bus 02]
Jan 20 21:51:13 willLaptopUbuntu kernel: [    0.436094] pci 0000:00:1c.1:   bridge window [io  0xc000-0xcfff]
Jan 20 21:51:13 willLaptopUbuntu kernel: [    0.436099] pci 0000:00:1c.1:   bridge window [mem 0xdea00000-0xdf3fffff]
Jan 20 21:51:13 willLaptopUbuntu kernel: [    0.436103] pci 0000:00:1c.1:   bridge window [mem 0xd0b00000-0xd14fffff 64bit pref]
Jan 20 21:51:13 willLaptopUbuntu kernel: [    0.436110] pci 0000:00:1c.5: PCI bridge to [bus 03]
Jan 20 21:51:13 willLaptopUbuntu kernel: [    0.436113] pci 0000:00:1c.5:   bridge window [io  0xb000-0xbfff]
Jan 20 21:51:13 willLaptopUbuntu kernel: [    0.436118] pci 0000:00:1c.5:   bridge window [mem 0xde000000-0xde9fffff]
Jan 20 21:51:13 willLaptopUbuntu kernel: [    0.436123] pci 0000:00:1c.5:   bridge window [mem 0xd0000000-0xd09fffff 64bit pref]
Jan 20 21:51:13 willLaptopUbuntu kernel: [    0.436130] pci_bus 0000:00: resource 4 [io  0x0000-0x0cf7]
Jan 20 21:51:13 willLaptopUbuntu kernel: [    0.436132] pci_bus 0000:00: resource 5 [io  0x0d00-0xffff]
Jan 20 21:51:13 willLaptopUbuntu kernel: [    0.436133] pci_bus 0000:00: resource 6 [mem 0x000a0000-0x000bffff]
Jan 20 21:51:13 willLaptopUbuntu kernel: [    0.436135] pci_bus 0000:00: resource 7 [mem 0x000d0000-0x000d3fff]
Jan 20 21:51:13 willLaptopUbuntu kernel: [    0.436136] pci_bus 0000:00: resource 8 [mem 0x000d4000-0x000d7fff]
Jan 20 21:51:13 willLaptopUbuntu kernel: [    0.436138] pci_bus 0000:00: resource 9 [mem 0x000d8000-0x000dbfff]
Jan 20 21:51:13 willLaptopUbuntu kernel: [    0.436140] pci_bus 0000:00: resource 10 [mem 0x000dc000-0x000dffff]
Jan 20 21:51:13 willLaptopUbuntu kernel: [    0.436141] pci_bus 0000:00: resource 11 [mem 0x000e0000-0x000e3fff]
Jan 20 21:51:13 willLaptopUbuntu kernel: [    0.436143] pci_bus 0000:00: resource 12 [mem 0x000e4000-0x000e7fff]
Jan 20 21:51:13 willLaptopUbuntu kernel: [    0.436144] pci_bus 0000:00: resource 13 [mem 0xc0000000-0xfeafffff]
Jan 20 21:51:13 willLaptopUbuntu kernel: [    0.436146] pci_bus 0000:00: resource 14 [mem 0xfed40000-0xfed44fff]
Jan 20 21:51:13 willLaptopUbuntu kernel: [    0.436148] pci_bus 0000:01: resource 0 [io  0xd000-0xdfff]
Jan 20 21:51:13 willLaptopUbuntu kernel: [    0.436150] pci_bus 0000:01: resource 1 [mem 0xdf400000-0xdfdfffff]
Jan 20 21:51:13 willLaptopUbuntu kernel: [    0.436151] pci_bus 0000:01: resource 2 [mem 0xd1600000-0xd1ffffff 64bit pref]
Jan 20 21:51:13 willLaptopUbuntu kernel: [    0.436153] pci_bus 0000:02: resource 0 [io  0xc000-0xcfff]
Jan 20 21:51:13 willLaptopUbuntu kernel: [    0.436155] pci_bus 0000:02: resource 1 [mem 0xdea00000-0xdf3fffff]
Jan 20 21:51:13 willLaptopUbuntu kernel: [    0.436156] pci_bus 0000:02: resource 2 [mem 0xd0b00000-0xd14fffff 64bit pref]
Jan 20 21:51:13 willLaptopUbuntu kernel: [    0.436158] pci_bus 0000:03: resource 0 [io  0xb000-0xbfff]
Jan 20 21:51:13 willLaptopUbuntu kernel: [    0.436160] pci_bus 0000:03: resource 1 [mem 0xde000000-0xde9fffff]
Jan 20 21:51:13 willLaptopUbuntu kernel: [    0.436161] pci_bus 0000:03: resource 2 [mem 0xd0000000-0xd09fffff 64bit pref]
Jan 20 21:51:13 willLaptopUbuntu kernel: [    0.436190] NET: Registered protocol family 2
Jan 20 21:51:13 willLaptopUbuntu kernel: [    0.436401] TCP established hash table entries: 32768 (order: 6, 262144 bytes)
Jan 20 21:51:13 willLaptopUbuntu kernel: [    0.436489] TCP bind hash table entries: 32768 (order: 7, 524288 bytes)
Jan 20 21:51:13 willLaptopUbuntu kernel: [    0.436597] TCP: Hash tables configured (established 32768 bind 32768)
Jan 20 21:51:13 willLaptopUbuntu kernel: [    0.436618] TCP: reno registered
Jan 20 21:51:13 willLaptopUbuntu kernel: [    0.436626] UDP hash table entries: 2048 (order: 4, 65536 bytes)
Jan 20 21:51:13 willLaptopUbuntu kernel: [    0.436645] UDP-Lite hash table entries: 2048 (order: 4, 65536 bytes)
Jan 20 21:51:13 willLaptopUbuntu kernel: [    0.436713] NET: Registered protocol family 1
Jan 20 21:51:13 willLaptopUbuntu kernel: [    0.436724] pci 0000:00:02.0: Video device with shadowed ROM
Jan 20 21:51:13 willLaptopUbuntu kernel: [    0.437059] PCI: CLS 64 bytes, default 64
Jan 20 21:51:13 willLaptopUbuntu kernel: [    0.437110] Trying to unpack rootfs image as initramfs...
Jan 20 21:51:13 willLaptopUbuntu kernel: [    0.734990] Freeing initrd memory: 18748K (ffff880035b52000 - ffff880036da1000)
Jan 20 21:51:13 willLaptopUbuntu kernel: [    0.734996] PCI-DMA: Using software bounce buffering for IO (SWIOTLB)
Jan 20 21:51:13 willLaptopUbuntu kernel: [    0.734998] software IO TLB [mem 0xaed21000-0xb2d21000] (64MB) mapped at [ffff8800aed21000-ffff8800b2d20fff]
Jan 20 21:51:13 willLaptopUbuntu kernel: [    0.735236] microcode: CPU0 sig=0x206a7, pf=0x10, revision=0x1a
Jan 20 21:51:13 willLaptopUbuntu kernel: [    0.735241] microcode: CPU1 sig=0x206a7, pf=0x10, revision=0x1a
Jan 20 21:51:13 willLaptopUbuntu kernel: [    0.735247] microcode: CPU2 sig=0x206a7, pf=0x10, revision=0x1a
Jan 20 21:51:13 willLaptopUbuntu kernel: [    0.735252] microcode: CPU3 sig=0x206a7, pf=0x10, revision=0x1a
Jan 20 21:51:13 willLaptopUbuntu kernel: [    0.735311] microcode: Microcode Update Driver: v2.00 <tigran@aivazian.fsnet.co.uk>, Peter Oruba
Jan 20 21:51:13 willLaptopUbuntu kernel: [    0.735313] Scanning for low memory corruption every 60 seconds
Jan 20 21:51:13 willLaptopUbuntu kernel: [    0.735641] Initialise system trusted keyring
Jan 20 21:51:13 willLaptopUbuntu kernel: [    0.735685] audit: initializing netlink socket (disabled)
Jan 20 21:51:13 willLaptopUbuntu kernel: [    0.735694] type=2000 audit(1453326646.492:1): initialized
Jan 20 21:51:13 willLaptopUbuntu kernel: [    0.761768] HugeTLB registered 2 MB page size, pre-allocated 0 pages
Jan 20 21:51:13 willLaptopUbuntu kernel: [    0.762693] zbud: loaded
Jan 20 21:51:13 willLaptopUbuntu kernel: [    0.762836] VFS: Disk quotas dquot_6.5.2
Jan 20 21:51:13 willLaptopUbuntu kernel: [    0.762876] Dquot-cache hash table entries: 512 (order 0, 4096 bytes)
Jan 20 21:51:13 willLaptopUbuntu kernel: [    0.763258] fuse init (API version 7.22)
Jan 20 21:51:13 willLaptopUbuntu kernel: [    0.763320] msgmni has been set to 7458
Jan 20 21:51:13 willLaptopUbuntu kernel: [    0.763368] Key type big_key registered
Jan 20 21:51:13 willLaptopUbuntu kernel: [    0.763762] Key type asymmetric registered
Jan 20 21:51:13 willLaptopUbuntu kernel: [    0.763764] Asymmetric key parser 'x509' registered
Jan 20 21:51:13 willLaptopUbuntu kernel: [    0.763787] Block layer SCSI generic (bsg) driver version 0.4 loaded (major 252)
Jan 20 21:51:13 willLaptopUbuntu kernel: [    0.763821] io scheduler noop registered
Jan 20 21:51:13 willLaptopUbuntu kernel: [    0.763823] io scheduler deadline registered (default)
Jan 20 21:51:13 willLaptopUbuntu kernel: [    0.763842] io scheduler cfq registered
Jan 20 21:51:13 willLaptopUbuntu kernel: [    0.764032] pcieport 0000:00:1c.0: irq 40 for MSI/MSI-X
Jan 20 21:51:13 willLaptopUbuntu kernel: [    0.764181] pcieport 0000:00:1c.1: irq 41 for MSI/MSI-X
Jan 20 21:51:13 willLaptopUbuntu kernel: [    0.764320] pcieport 0000:00:1c.5: irq 42 for MSI/MSI-X
Jan 20 21:51:13 willLaptopUbuntu kernel: [    0.764402] pcieport 0000:00:1c.0: Signaling PME through PCIe PME interrupt
Jan 20 21:51:13 willLaptopUbuntu kernel: [    0.764407] pcie_pme 0000:00:1c.0:pcie01: service driver pcie_pme loaded
Jan 20 21:51:13 willLaptopUbuntu kernel: [    0.764425] pcieport 0000:00:1c.1: Signaling PME through PCIe PME interrupt
Jan 20 21:51:13 willLaptopUbuntu kernel: [    0.764426] pci 0000:02:00.0: Signaling PME through PCIe PME interrupt
Jan 20 21:51:13 willLaptopUbuntu kernel: [    0.764431] pcie_pme 0000:00:1c.1:pcie01: service driver pcie_pme loaded
Jan 20 21:51:13 willLaptopUbuntu kernel: [    0.764447] pcieport 0000:00:1c.5: Signaling PME through PCIe PME interrupt
Jan 20 21:51:13 willLaptopUbuntu kernel: [    0.764449] pci 0000:03:00.0: Signaling PME through PCIe PME interrupt
Jan 20 21:51:13 willLaptopUbuntu kernel: [    0.764453] pcie_pme 0000:00:1c.5:pcie01: service driver pcie_pme loaded
Jan 20 21:51:13 willLaptopUbuntu kernel: [    0.764463] pci_hotplug: PCI Hot Plug PCI Core version: 0.5
Jan 20 21:51:13 willLaptopUbuntu kernel: [    0.764475] pciehp: PCI Express Hot Plug Controller Driver version: 0.4
Jan 20 21:51:13 willLaptopUbuntu kernel: [    0.764504] vesafb: mode is 1366x768x32, linelength=5504, pages=0
Jan 20 21:51:13 willLaptopUbuntu kernel: [    0.764505] vesafb: scrolling: redraw
Jan 20 21:51:13 willLaptopUbuntu kernel: [    0.764506] vesafb: Truecolor: size=8:8:8:8, shift=24:16:8:0
Jan 20 21:51:13 willLaptopUbuntu kernel: [    0.767181] vesafb: framebuffer at 0xc0000000, mapped to 0xffffc90004780000, using 4160k, total 4160k
Jan 20 21:51:13 willLaptopUbuntu kernel: [    0.769774] Console: switching to colour frame buffer device 170x48
Jan 20 21:51:13 willLaptopUbuntu kernel: [    0.772216] fb0: VESA VGA frame buffer device
Jan 20 21:51:13 willLaptopUbuntu kernel: [    0.772234] intel_idle: MWAIT substates: 0x21120
Jan 20 21:51:13 willLaptopUbuntu kernel: [    0.772236] intel_idle: v0.4 model 0x2A
Jan 20 21:51:13 willLaptopUbuntu kernel: [    0.772237] intel_idle: lapic_timer_reliable_states 0xffffffff
Jan 20 21:51:13 willLaptopUbuntu kernel: [    0.772333] ipmi message handler version 39.2
Jan 20 21:51:13 willLaptopUbuntu kernel: [    0.772386] ACPI: Deprecated procfs I/F for AC is loaded, please retry with CONFIG_ACPI_PROCFS_POWER cleared
Jan 20 21:51:13 willLaptopUbuntu kernel: [    0.772426] ACPI: AC Adapter [AC0] (on-line)
Jan 20 21:51:13 willLaptopUbuntu kernel: [    0.772532] input: Lid Switch as /devices/LNXSYSTM:00/device:00/PNP0C0D:00/input/input0
Jan 20 21:51:13 willLaptopUbuntu kernel: [    0.792926] ACPI: Lid Switch [LID]
Jan 20 21:51:13 willLaptopUbuntu kernel: [    0.792958] input: Sleep Button as /devices/LNXSYSTM:00/device:00/PNP0C0E:00/input/input1
Jan 20 21:51:13 willLaptopUbuntu kernel: [    0.792962] ACPI: Sleep Button [SLPB]
Jan 20 21:51:13 willLaptopUbuntu kernel: [    0.792992] input: Power Button as /devices/LNXSYSTM:00/LNXPWRBN:00/input/input2
Jan 20 21:51:13 willLaptopUbuntu kernel: [    0.792994] ACPI: Power Button [PWRF]
Jan 20 21:51:13 willLaptopUbuntu kernel: [    0.793585] thermal LNXTHERM:00: registered as thermal_zone0
Jan 20 21:51:13 willLaptopUbuntu kernel: [    0.793587] ACPI: Thermal Zone [THRM] (33 C)
Jan 20 21:51:13 willLaptopUbuntu kernel: [    0.793606] GHES: HEST is not enabled!
Jan 20 21:51:13 willLaptopUbuntu kernel: [    0.793687] Serial: 8250/16550 driver, 32 ports, IRQ sharing enabled
Jan 20 21:51:13 willLaptopUbuntu kernel: [    0.795247] Linux agpgart interface v0.103
Jan 20 21:51:13 willLaptopUbuntu kernel: [    0.797398] brd: module loaded
Jan 20 21:51:13 willLaptopUbuntu kernel: [    0.798456] loop: module loaded
Jan 20 21:51:13 willLaptopUbuntu kernel: [    0.798750] libphy: Fixed MDIO Bus: probed
Jan 20 21:51:13 willLaptopUbuntu kernel: [    0.798826] tun: Universal TUN/TAP device driver, 1.6
Jan 20 21:51:13 willLaptopUbuntu kernel: [    0.798828] tun: (C) 1999-2004 Max Krasnyansky <maxk@qualcomm.com>
Jan 20 21:51:13 willLaptopUbuntu kernel: [    0.798870] PPP generic driver version 2.4.2
Jan 20 21:51:13 willLaptopUbuntu kernel: [    0.798909] ehci_hcd: USB 2.0 'Enhanced' Host Controller (EHCI) Driver
Jan 20 21:51:13 willLaptopUbuntu kernel: [    0.798913] ehci-pci: EHCI PCI platform driver
Jan 20 21:51:13 willLaptopUbuntu kernel: [    0.799032] ehci-pci 0000:00:1a.0: EHCI Host Controller
Jan 20 21:51:13 willLaptopUbuntu kernel: [    0.799037] ehci-pci 0000:00:1a.0: new USB bus registered, assigned bus number 1
Jan 20 21:51:13 willLaptopUbuntu kernel: [    0.799051] ehci-pci 0000:00:1a.0: debug port 2
Jan 20 21:51:13 willLaptopUbuntu kernel: [    0.802970] ehci-pci 0000:00:1a.0: cache line size of 64 is not supported
Jan 20 21:51:13 willLaptopUbuntu kernel: [    0.802987] ehci-pci 0000:00:1a.0: irq 16, io mem 0xdfe08000
Jan 20 21:51:13 willLaptopUbuntu kernel: [    0.806200] ACPI: Deprecated procfs I/F for battery is loaded, please retry with CONFIG_ACPI_PROCFS_POWER cleared
Jan 20 21:51:13 willLaptopUbuntu kernel: [    0.806205] ACPI: Battery Slot [BAT0] (battery present)
Jan 20 21:51:13 willLaptopUbuntu kernel: [    0.812940] ehci-pci 0000:00:1a.0: USB 2.0 started, EHCI 1.00
Jan 20 21:51:13 willLaptopUbuntu kernel: [    0.813032] usb usb1: New USB device found, idVendor=1d6b, idProduct=0002
Jan 20 21:51:13 willLaptopUbuntu kernel: [    0.813035] usb usb1: New USB device strings: Mfr=3, Product=2, SerialNumber=1
Jan 20 21:51:13 willLaptopUbuntu kernel: [    0.813037] usb usb1: Product: EHCI Host Controller
Jan 20 21:51:13 willLaptopUbuntu kernel: [    0.813038] usb usb1: Manufacturer: Linux 3.13.0-73-generic ehci_hcd
Jan 20 21:51:13 willLaptopUbuntu kernel: [    0.813040] usb usb1: SerialNumber: 0000:00:1a.0
Jan 20 21:51:13 willLaptopUbuntu kernel: [    0.813238] hub 1-0:1.0: USB hub found
Jan 20 21:51:13 willLaptopUbuntu kernel: [    0.813245] hub 1-0:1.0: 2 ports detected
Jan 20 21:51:13 willLaptopUbuntu kernel: [    0.813446] ehci-pci 0000:00:1d.0: EHCI Host Controller
Jan 20 21:51:13 willLaptopUbuntu kernel: [    0.813452] ehci-pci 0000:00:1d.0: new USB bus registered, assigned bus number 2
Jan 20 21:51:13 willLaptopUbuntu kernel: [    0.813464] ehci-pci 0000:00:1d.0: debug port 2
Jan 20 21:51:13 willLaptopUbuntu kernel: [    0.817382] ehci-pci 0000:00:1d.0: cache line size of 64 is not supported
Jan 20 21:51:13 willLaptopUbuntu kernel: [    0.817400] ehci-pci 0000:00:1d.0: irq 23, io mem 0xdfe07000
Jan 20 21:51:13 willLaptopUbuntu kernel: [    0.828957] ehci-pci 0000:00:1d.0: USB 2.0 started, EHCI 1.00
Jan 20 21:51:13 willLaptopUbuntu kernel: [    0.829049] usb usb2: New USB device found, idVendor=1d6b, idProduct=0002
Jan 20 21:51:13 willLaptopUbuntu kernel: [    0.829052] usb usb2: New USB device strings: Mfr=3, Product=2, SerialNumber=1
Jan 20 21:51:13 willLaptopUbuntu kernel: [    0.829054] usb usb2: Product: EHCI Host Controller
Jan 20 21:51:13 willLaptopUbuntu kernel: [    0.829055] usb usb2: Manufacturer: Linux 3.13.0-73-generic ehci_hcd
Jan 20 21:51:13 willLaptopUbuntu kernel: [    0.829057] usb usb2: SerialNumber: 0000:00:1d.0
Jan 20 21:51:13 willLaptopUbuntu kernel: [    0.829252] hub 2-0:1.0: USB hub found
Jan 20 21:51:13 willLaptopUbuntu kernel: [    0.829260] hub 2-0:1.0: 2 ports detected
Jan 20 21:51:13 willLaptopUbuntu kernel: [    0.829343] ehci-platform: EHCI generic platform driver
Jan 20 21:51:13 willLaptopUbuntu kernel: [    0.829352] ohci_hcd: USB 1.1 'Open' Host Controller (OHCI) Driver
Jan 20 21:51:13 willLaptopUbuntu kernel: [    0.829353] ohci-pci: OHCI PCI platform driver
Jan 20 21:51:13 willLaptopUbuntu kernel: [    0.829362] ohci-platform: OHCI generic platform driver
Jan 20 21:51:13 willLaptopUbuntu kernel: [    0.829367] uhci_hcd: USB Universal Host Controller Interface driver
Jan 20 21:51:13 willLaptopUbuntu kernel: [    0.829420] i8042: PNP: PS/2 Controller [PNP0303:PS2K,PNP0f03:PS2M] at 0x60,0x64 irq 1,12
Jan 20 21:51:13 willLaptopUbuntu kernel: [    0.831089] i8042: Detected active multiplexing controller, rev 1.1
Jan 20 21:51:13 willLaptopUbuntu kernel: [    0.832403] serio: i8042 KBD port at 0x60,0x64 irq 1
Jan 20 21:51:13 willLaptopUbuntu kernel: [    0.832409] serio: i8042 AUX0 port at 0x60,0x64 irq 12
Jan 20 21:51:13 willLaptopUbuntu kernel: [    0.832419] serio: i8042 AUX1 port at 0x60,0x64 irq 12
Jan 20 21:51:13 willLaptopUbuntu kernel: [    0.832421] serio: i8042 AUX2 port at 0x60,0x64 irq 12
Jan 20 21:51:13 willLaptopUbuntu kernel: [    0.832422] serio: i8042 AUX3 port at 0x60,0x64 irq 12
Jan 20 21:51:13 willLaptopUbuntu kernel: [    0.832623] mousedev: PS/2 mouse device common for all mice
Jan 20 21:51:13 willLaptopUbuntu kernel: [    0.832791] rtc_cmos 00:05: RTC can wake from S4
Jan 20 21:51:13 willLaptopUbuntu kernel: [    0.832945] rtc_cmos 00:05: rtc core: registered rtc_cmos as rtc0
Jan 20 21:51:13 willLaptopUbuntu kernel: [    0.832975] rtc_cmos 00:05: alarms up to one year, y3k, 242 bytes nvram, hpet irqs
Jan 20 21:51:13 willLaptopUbuntu kernel: [    0.833029] device-mapper: uevent: version 1.0.3
Jan 20 21:51:13 willLaptopUbuntu kernel: [    0.833090] device-mapper: ioctl: 4.27.0-ioctl (2013-10-30) initialised: dm-devel@redhat.com
Jan 20 21:51:13 willLaptopUbuntu kernel: [    0.833100] ledtrig-cpu: registered to indicate activity on CPUs
Jan 20 21:51:13 willLaptopUbuntu kernel: [    0.833186] TCP: cubic registered
Jan 20 21:51:13 willLaptopUbuntu kernel: [    0.833249] NET: Registered protocol family 10
Jan 20 21:51:13 willLaptopUbuntu kernel: [    0.833381] NET: Registered protocol family 17
Jan 20 21:51:13 willLaptopUbuntu kernel: [    0.833390] Key type dns_resolver registered
Jan 20 21:51:13 willLaptopUbuntu kernel: [    0.833605] Loading compiled-in X.509 certificates
Jan 20 21:51:13 willLaptopUbuntu kernel: [    0.834535] Loaded X.509 cert 'Magrathea: Glacier signing key: 0aabf0b028abe37a8b656ba10419f0888b215d51'
Jan 20 21:51:13 willLaptopUbuntu kernel: [    0.834547] registered taskstats version 1
Jan 20 21:51:13 willLaptopUbuntu kernel: [    0.836451] Key type trusted registered
Jan 20 21:51:13 willLaptopUbuntu kernel: [    0.839651] Key type encrypted registered
Jan 20 21:51:13 willLaptopUbuntu kernel: [    0.839656] AppArmor: AppArmor sha1 policy hashing enabled
Jan 20 21:51:13 willLaptopUbuntu kernel: [    0.839658] IMA: No TPM chip found, activating TPM-bypass!
Jan 20 21:51:13 willLaptopUbuntu kernel: [    0.839910] regulator-dummy: disabling
Jan 20 21:51:13 willLaptopUbuntu kernel: [    0.839968]   Magic number: 0:488:854
Jan 20 21:51:13 willLaptopUbuntu kernel: [    0.840061] rtc_cmos 00:05: setting system clock to 2016-01-20 21:50:46 UTC (1453326646)
Jan 20 21:51:13 willLaptopUbuntu kernel: [    0.840765] BIOS EDD facility v0.16 2004-Jun-25, 0 devices found
Jan 20 21:51:13 willLaptopUbuntu kernel: [    0.840766] EDD information not available.
Jan 20 21:51:13 willLaptopUbuntu kernel: [    0.840820] PM: Hibernation image not present or could not be loaded.
Jan 20 21:51:13 willLaptopUbuntu kernel: [    0.842017] Freeing unused kernel memory: 1336K (ffffffff81d20000 - ffffffff81e6e000)
Jan 20 21:51:13 willLaptopUbuntu kernel: [    0.842019] Write protecting the kernel read-only data: 12288k
Jan 20 21:51:13 willLaptopUbuntu kernel: [    0.842324] Freeing unused kernel memory: 780K (ffff88000173d000 - ffff880001800000)
Jan 20 21:51:13 willLaptopUbuntu kernel: [    0.843718] Freeing unused kernel memory: 680K (ffff880001b56000 - ffff880001c00000)
Jan 20 21:51:13 willLaptopUbuntu kernel: [    0.869707] input: AT Translated Set 2 keyboard as /devices/platform/i8042/serio0/input/input3
Jan 20 21:51:13 willLaptopUbuntu kernel: [    0.877823] ahci 0000:00:1f.2: version 3.0
Jan 20 21:51:13 willLaptopUbuntu kernel: [    0.877967] ahci 0000:00:1f.2: irq 43 for MSI/MSI-X
Jan 20 21:51:13 willLaptopUbuntu kernel: [    0.892940] ahci 0000:00:1f.2: AHCI 0001.0300 32 slots 6 ports 6 Gbps 0x5 impl SATA mode
Jan 20 21:51:13 willLaptopUbuntu kernel: [    0.892946] ahci 0000:00:1f.2: flags: 64bit ncq sntf pm led clo pio slum part ems apst 
Jan 20 21:51:13 willLaptopUbuntu kernel: [    0.901506] scsi0 : ahci
Jan 20 21:51:13 willLaptopUbuntu kernel: [    0.901603] scsi1 : ahci
Jan 20 21:51:13 willLaptopUbuntu kernel: [    0.901665] scsi2 : ahci
Jan 20 21:51:13 willLaptopUbuntu kernel: [    0.901743] scsi3 : ahci
Jan 20 21:51:13 willLaptopUbuntu kernel: [    0.901803] scsi4 : ahci
Jan 20 21:51:13 willLaptopUbuntu kernel: [    0.901881] scsi5 : ahci
Jan 20 21:51:13 willLaptopUbuntu kernel: [    0.901911] ata1: SATA max UDMA/133 abar m2048@0xdfe06000 port 0xdfe06100 irq 43
Jan 20 21:51:13 willLaptopUbuntu kernel: [    0.901913] ata2: DUMMY
Jan 20 21:51:13 willLaptopUbuntu kernel: [    0.901915] ata3: SATA max UDMA/133 abar m2048@0xdfe06000 port 0xdfe06200 irq 43
Jan 20 21:51:13 willLaptopUbuntu kernel: [    0.901916] ata4: DUMMY
Jan 20 21:51:13 willLaptopUbuntu kernel: [    0.901917] ata5: DUMMY
Jan 20 21:51:13 willLaptopUbuntu kernel: [    0.901918] ata6: DUMMY
Jan 20 21:51:13 willLaptopUbuntu kernel: [    0.910241] atl1c 0000:03:00.0: version 1.0.1.1-NAPI
Jan 20 21:51:13 willLaptopUbuntu kernel: [    1.125211] usb 1-1: new high-speed USB device number 2 using ehci-pci
Jan 20 21:51:13 willLaptopUbuntu kernel: [    1.221311] ata3: SATA link up 1.5 Gbps (SStatus 113 SControl 300)
Jan 20 21:51:13 willLaptopUbuntu kernel: [    1.221363] ata1: SATA link up 3.0 Gbps (SStatus 123 SControl 300)
Jan 20 21:51:13 willLaptopUbuntu kernel: [    1.225134] ata1.00: ACPI cmd f5/00:00:00:00:00:a0 (SECURITY FREEZE LOCK) filtered out
Jan 20 21:51:13 willLaptopUbuntu kernel: [    1.225386] ata1.00: ACPI cmd ef/10:06:00:00:00:a0 (SET FEATURES) succeeded
Jan 20 21:51:13 willLaptopUbuntu kernel: [    1.225396] ata1.00: ACPI cmd ef/10:03:00:00:00:a0 (SET FEATURES) filtered out
Jan 20 21:51:13 willLaptopUbuntu kernel: [    1.230276] ata1.00: ATA-8: WDC WD5000BPVT-80HXZT3, 01.01A01, max UDMA/133
Jan 20 21:51:13 willLaptopUbuntu kernel: [    1.230287] ata1.00: 976773168 sectors, multi 16: LBA48 NCQ (depth 31/32), AA
Jan 20 21:51:13 willLaptopUbuntu kernel: [    1.233645] ata3.00: ACPI cmd ef/10:06:00:00:00:a0 (SET FEATURES) succeeded
Jan 20 21:51:13 willLaptopUbuntu kernel: [    1.233657] ata3.00: ACPI cmd ef/10:03:00:00:00:a0 (SET FEATURES) filtered out
Jan 20 21:51:13 willLaptopUbuntu kernel: [    1.234276] ata1.00: ACPI cmd f5/00:00:00:00:00:a0 (SECURITY FREEZE LOCK) filtered out
Jan 20 21:51:13 willLaptopUbuntu kernel: [    1.234515] ata1.00: ACPI cmd ef/10:06:00:00:00:a0 (SET FEATURES) succeeded
Jan 20 21:51:13 willLaptopUbuntu kernel: [    1.234525] ata1.00: ACPI cmd ef/10:03:00:00:00:a0 (SET FEATURES) filtered out
Jan 20 21:51:13 willLaptopUbuntu kernel: [    1.235365] ata3.00: ATAPI: MATSHITADVD-RAM UJ8B0, 1.00, max UDMA/100
Jan 20 21:51:13 willLaptopUbuntu kernel: [    1.238129] ata3.00: ACPI cmd ef/10:06:00:00:00:a0 (SET FEATURES) succeeded
Jan 20 21:51:13 willLaptopUbuntu kernel: [    1.238132] ata3.00: ACPI cmd ef/10:03:00:00:00:a0 (SET FEATURES) filtered out
Jan 20 21:51:13 willLaptopUbuntu kernel: [    1.238504] ata1.00: configured for UDMA/133
Jan 20 21:51:13 willLaptopUbuntu kernel: [    1.238781] scsi 0:0:0:0: Direct-Access     ATA      WDC WD5000BPVT-8 01.0 PQ: 0 ANSI: 5
Jan 20 21:51:13 willLaptopUbuntu kernel: [    1.238922] sd 0:0:0:0: [sda] 976773168 512-byte logical blocks: (500 GB/465 GiB)
Jan 20 21:51:13 willLaptopUbuntu kernel: [    1.238926] sd 0:0:0:0: [sda] 4096-byte physical blocks
Jan 20 21:51:13 willLaptopUbuntu kernel: [    1.238931] sd 0:0:0:0: Attached scsi generic sg0 type 0
Jan 20 21:51:13 willLaptopUbuntu kernel: [    1.238970] sd 0:0:0:0: [sda] Write Protect is off
Jan 20 21:51:13 willLaptopUbuntu kernel: [    1.238975] sd 0:0:0:0: [sda] Mode Sense: 00 3a 00 00
Jan 20 21:51:13 willLaptopUbuntu kernel: [    1.239001] sd 0:0:0:0: [sda] Write cache: enabled, read cache: enabled, doesn't support DPO or FUA
Jan 20 21:51:13 willLaptopUbuntu kernel: [    1.239811] ata3.00: configured for UDMA/100
Jan 20 21:51:13 willLaptopUbuntu kernel: [    1.242140] scsi 2:0:0:0: CD-ROM            MATSHITA DVD-RAM UJ8B0    1.00 PQ: 0 ANSI: 5
Jan 20 21:51:13 willLaptopUbuntu kernel: [    1.244332] sr0: scsi3-mmc drive: 24x/24x writer dvd-ram cd/rw xa/form2 cdda tray
Jan 20 21:51:13 willLaptopUbuntu kernel: [    1.244335] cdrom: Uniform CD-ROM driver Revision: 3.20
Jan 20 21:51:13 willLaptopUbuntu kernel: [    1.244426] sr 2:0:0:0: Attached scsi CD-ROM sr0
Jan 20 21:51:13 willLaptopUbuntu kernel: [    1.244535] sr 2:0:0:0: Attached scsi generic sg1 type 5
Jan 20 21:51:13 willLaptopUbuntu kernel: [    1.258057] usb 1-1: New USB device found, idVendor=8087, idProduct=0024
Jan 20 21:51:13 willLaptopUbuntu kernel: [    1.258060] usb 1-1: New USB device strings: Mfr=0, Product=0, SerialNumber=0
Jan 20 21:51:13 willLaptopUbuntu kernel: [    1.258345] hub 1-1:1.0: USB hub found
Jan 20 21:51:13 willLaptopUbuntu kernel: [    1.258435] hub 1-1:1.0: 6 ports detected
Jan 20 21:51:13 willLaptopUbuntu kernel: [    1.300248]  sda: sda1 sda2 sda3 sda4 < sda5 >
Jan 20 21:51:13 willLaptopUbuntu kernel: [    1.300897] sd 0:0:0:0: [sda] Attached SCSI disk
Jan 20 21:51:13 willLaptopUbuntu kernel: [    1.373364] usb 2-1: new high-speed USB device number 2 using ehci-pci
Jan 20 21:51:13 willLaptopUbuntu kernel: [    1.505782] usb 2-1: New USB device found, idVendor=8087, idProduct=0024
Jan 20 21:51:13 willLaptopUbuntu kernel: [    1.505793] usb 2-1: New USB device strings: Mfr=0, Product=0, SerialNumber=0
Jan 20 21:51:13 willLaptopUbuntu kernel: [    1.506018] hub 2-1:1.0: USB hub found
Jan 20 21:51:13 willLaptopUbuntu kernel: [    1.506126] hub 2-1:1.0: 6 ports detected
Jan 20 21:51:13 willLaptopUbuntu kernel: [    1.577550] usb 1-1.2: new high-speed USB device number 3 using ehci-pci
Jan 20 21:51:13 willLaptopUbuntu kernel: [    1.695846] psmouse serio4: synaptics: queried max coordinates: x [..5762], y [..4902]
Jan 20 21:51:13 willLaptopUbuntu kernel: [    1.733689] tsc: Refined TSC clocksource calibration: 2394.560 MHz
Jan 20 21:51:13 willLaptopUbuntu kernel: [    1.747574] psmouse serio4: synaptics: Touchpad model: 1, fw: 7.5, id: 0x1e0b1, caps: 0xd00073/0x240000/0xa0400, board id: 1704, fw id: 705499
Jan 20 21:51:13 willLaptopUbuntu kernel: [    1.779940] input: SynPS/2 Synaptics TouchPad as /devices/platform/i8042/serio4/input/input11
Jan 20 21:51:13 willLaptopUbuntu kernel: [    1.802617] usb 1-1.2: New USB device found, idVendor=058f, idProduct=a014
Jan 20 21:51:13 willLaptopUbuntu kernel: [    1.802620] usb 1-1.2: New USB device strings: Mfr=3, Product=1, SerialNumber=0
Jan 20 21:51:13 willLaptopUbuntu kernel: [    1.802622] usb 1-1.2: Product: ASUS USB2.0 WebCam
Jan 20 21:51:13 willLaptopUbuntu kernel: [    1.802624] usb 1-1.2: Manufacturer: 04G6200086K1AN1A500020A
Jan 20 21:51:13 willLaptopUbuntu kernel: [    2.586955] random: nonblocking pool is initialized
Jan 20 21:51:13 willLaptopUbuntu kernel: [    2.590090] EXT4-fs (sda5): INFO: recovery required on readonly filesystem
Jan 20 21:51:13 willLaptopUbuntu kernel: [    2.590091] EXT4-fs (sda5): write access will be enabled during recovery
Jan 20 21:51:13 willLaptopUbuntu kernel: [    2.734664] Switched to clocksource tsc
Jan 20 21:51:13 willLaptopUbuntu kernel: [    5.884419] EXT4-fs (sda5): orphan cleanup on readonly fs
Jan 20 21:51:13 willLaptopUbuntu kernel: [    6.206502] EXT4-fs (sda5): 30 orphan inodes deleted
Jan 20 21:51:13 willLaptopUbuntu kernel: [    6.206506] EXT4-fs (sda5): recovery complete
Jan 20 21:51:13 willLaptopUbuntu kernel: [    6.872192] EXT4-fs (sda5): mounted filesystem with ordered data mode. Opts: (null)
Jan 20 21:51:13 willLaptopUbuntu kernel: [   23.199522] Adding 511996k swap on /dev/sda3.  Priority:-1 extents:1 across:511996k FS
Jan 20 21:51:13 willLaptopUbuntu kernel: [   23.262795] IPv6: ADDRCONF(NETDEV_UP): eth0: link is not ready
Jan 20 21:51:13 willLaptopUbuntu kernel: [   23.555172] lp: driver loaded but no devices found
Jan 20 21:51:13 willLaptopUbuntu kernel: [   23.569043] ppdev: user-space parallel port driver
Jan 20 21:51:13 willLaptopUbuntu kernel: [   23.571677] ACPI Warning: 0x0000000000000428-0x000000000000042f SystemIO conflicts with Region \GPIS 1 (20131115/utaddress-251)
Jan 20 21:51:13 willLaptopUbuntu kernel: [   23.572213] ACPI Warning: 0x0000000000000428-0x000000000000042f SystemIO conflicts with Region \PMIO 2 (20131115/utaddress-251)
Jan 20 21:51:13 willLaptopUbuntu kernel: [   23.572220] ACPI: If an ACPI driver is available for this device, you should use it instead of the native driver
Jan 20 21:51:13 willLaptopUbuntu kernel: [   23.572225] ACPI Warning: 0x0000000000000540-0x000000000000054f SystemIO conflicts with Region \GPIO 1 (20131115/utaddress-251)
Jan 20 21:51:13 willLaptopUbuntu kernel: [   23.572229] ACPI Warning: 0x0000000000000540-0x000000000000054f SystemIO conflicts with Region \GP01 2 (20131115/utaddress-251)
Jan 20 21:51:13 willLaptopUbuntu kernel: [   23.572233] ACPI: If an ACPI driver is available for this device, you should use it instead of the native driver
Jan 20 21:51:13 willLaptopUbuntu kernel: [   23.572235] ACPI Warning: 0x0000000000000530-0x000000000000053f SystemIO conflicts with Region \GPIO 1 (20131115/utaddress-251)
Jan 20 21:51:13 willLaptopUbuntu kernel: [   23.572238] ACPI Warning: 0x0000000000000530-0x000000000000053f SystemIO conflicts with Region \GP01 2 (20131115/utaddress-251)
Jan 20 21:51:13 willLaptopUbuntu kernel: [   23.572242] ACPI: If an ACPI driver is available for this device, you should use it instead of the native driver
Jan 20 21:51:13 willLaptopUbuntu kernel: [   23.572243] ACPI Warning: 0x0000000000000500-0x000000000000052f SystemIO conflicts with Region \GPIO 1 (20131115/utaddress-251)
Jan 20 21:51:13 willLaptopUbuntu kernel: [   23.572247] ACPI Warning: 0x0000000000000500-0x000000000000052f SystemIO conflicts with Region \GP01 2 (20131115/utaddress-251)
Jan 20 21:51:13 willLaptopUbuntu kernel: [   23.572250] ACPI: If an ACPI driver is available for this device, you should use it instead of the native driver
Jan 20 21:51:13 willLaptopUbuntu kernel: [   23.572252] lpc_ich: Resource conflict(s) found affecting gpio_ich
Jan 20 21:51:13 willLaptopUbuntu kernel: [   23.573936] shpchp: Standard Hot Plug PCI Controller Driver version: 0.4
Jan 20 21:51:13 willLaptopUbuntu kernel: [   23.583882] mei_me 0000:00:16.0: irq 44 for MSI/MSI-X
Jan 20 21:51:13 willLaptopUbuntu kernel: [   23.588765] [drm] Initialized drm 1.1.0 20060810
Jan 20 21:51:13 willLaptopUbuntu kernel: [   23.611015] [drm] Memory usable by graphics device = 2048M
Jan 20 21:51:13 willLaptopUbuntu kernel: [   23.611021] checking generic (c0000000 410000) vs hw (c0000000 10000000)
Jan 20 21:51:13 willLaptopUbuntu kernel: [   23.611023] fb: conflicting fb hw usage inteldrmfb vs VESA VGA - removing generic driver
Jan 20 21:51:13 willLaptopUbuntu kernel: [   23.611044] Console: switching to colour dummy device 80x25
Jan 20 21:51:13 willLaptopUbuntu kernel: [   23.618289] wmi: Mapper loaded
Jan 20 21:51:13 willLaptopUbuntu kernel: [   23.656679] cfg80211: Calling CRDA to update world regulatory domain
Jan 20 21:51:13 willLaptopUbuntu kernel: [   23.691282] type=1400 audit(1453344669.328:2): apparmor="STATUS" operation="profile_load" profile="unconfined" name="/sbin/dhclient" pid=397 comm="apparmor_parser"
Jan 20 21:51:13 willLaptopUbuntu kernel: [   23.691289] type=1400 audit(1453344669.328:3): apparmor="STATUS" operation="profile_load" profile="unconfined" name="/usr/lib/NetworkManager/nm-dhcp-client.action" pid=397 comm="apparmor_parser"
Jan 20 21:51:13 willLaptopUbuntu kernel: [   23.691293] type=1400 audit(1453344669.328:4): apparmor="STATUS" operation="profile_load" profile="unconfined" name="/usr/lib/connman/scripts/dhclient-script" pid=397 comm="apparmor_parser"
Jan 20 21:51:13 willLaptopUbuntu kernel: [   23.691652] type=1400 audit(1453344669.328:5): apparmor="STATUS" operation="profile_replace" profile="unconfined" name="/usr/lib/NetworkManager/nm-dhcp-client.action" pid=397 comm="apparmor_parser"
Jan 20 21:51:13 willLaptopUbuntu kernel: [   23.691657] type=1400 audit(1453344669.328:6): apparmor="STATUS" operation="profile_replace" profile="unconfined" name="/usr/lib/connman/scripts/dhclient-script" pid=397 comm="apparmor_parser"
Jan 20 21:51:13 willLaptopUbuntu kernel: [   23.691844] type=1400 audit(1453344669.328:7): apparmor="STATUS" operation="profile_replace" profile="unconfined" name="/usr/lib/connman/scripts/dhclient-script" pid=397 comm="apparmor_parser"
Jan 20 21:51:13 willLaptopUbuntu kernel: [   23.729672] i915 0000:00:02.0: irq 45 for MSI/MSI-X
Jan 20 21:51:13 willLaptopUbuntu kernel: [   23.729686] [drm] Supports vblank timestamp caching Rev 2 (21.10.2013).
Jan 20 21:51:13 willLaptopUbuntu kernel: [   23.729688] [drm] Driver supports precise vblank timestamp query.
Jan 20 21:51:13 willLaptopUbuntu kernel: [   23.774142] ath: phy0: Enable LNA combining
Jan 20 21:51:13 willLaptopUbuntu kernel: [   23.775891] ath: EEPROM regdomain: 0x60
Jan 20 21:51:13 willLaptopUbuntu kernel: [   23.775895] ath: EEPROM indicates we should expect a direct regpair map
Jan 20 21:51:13 willLaptopUbuntu kernel: [   23.775897] ath: Country alpha2 being used: 00
Jan 20 21:51:13 willLaptopUbuntu kernel: [   23.775899] ath: Regpair used: 0x60
Jan 20 21:51:13 willLaptopUbuntu kernel: [   23.782973] ieee80211 phy0: Selected rate control algorithm 'minstrel_ht'
Jan 20 21:51:13 willLaptopUbuntu kernel: [   23.783316] ieee80211 phy0: Atheros AR9285 Rev:2 mem=0xffffc900047c0000, irq=17
Jan 20 21:51:13 willLaptopUbuntu kernel: [   23.811466] vgaarb: device changed decodes: PCI:0000:00:02.0,olddecodes=io+mem,decodes=io+mem:owns=io+mem
Jan 20 21:51:13 willLaptopUbuntu kernel: [   23.840702] [drm] Wrong MCH_SSKPD value: 0x16040307
Jan 20 21:51:13 willLaptopUbuntu kernel: [   23.840705] [drm] This can cause pipe underruns and display issues.
Jan 20 21:51:13 willLaptopUbuntu kernel: [   23.840707] [drm] Please upgrade your BIOS to fix this.
Jan 20 21:51:13 willLaptopUbuntu kernel: [   23.849284] asus_wmi: ASUS WMI generic driver loaded
Jan 20 21:51:13 willLaptopUbuntu kernel: [   23.850605] asus_wmi: Initialization: 0x1
Jan 20 21:51:13 willLaptopUbuntu kernel: [   23.850638] asus_wmi: BIOS WMI version: 7.6
Jan 20 21:51:13 willLaptopUbuntu kernel: [   23.850680] asus_wmi: SFUN value: 0x1a0877
Jan 20 21:51:13 willLaptopUbuntu kernel: [   23.851261] input: Asus WMI hotkeys as /devices/platform/asus-nb-wmi/input/input12
Jan 20 21:51:13 willLaptopUbuntu kernel: [   23.859149] fbcon: inteldrmfb (fb0) is primary device
Jan 20 21:51:13 willLaptopUbuntu kernel: [   23.945512] asus_wmi: Backlight controlled by ACPI video driver
Jan 20 21:51:13 willLaptopUbuntu kernel: [   24.121457] Linux video capture interface: v2.00
Jan 20 21:51:13 willLaptopUbuntu kernel: [   24.127010] uvcvideo: Found UVC 1.00 device ASUS USB2.0 WebCam (058f:a014)
Jan 20 21:51:13 willLaptopUbuntu kernel: [   24.129831] input: ASUS USB2.0 WebCam as /devices/pci0000:00/0000:00:1a.0/usb1/1-1/1-1.2/1-1.2:1.0/input/input13
Jan 20 21:51:13 willLaptopUbuntu kernel: [   24.129900] usbcore: registered new interface driver uvcvideo
Jan 20 21:51:13 willLaptopUbuntu kernel: [   24.129901] USB Video Class driver (1.1.1)
Jan 20 21:51:13 willLaptopUbuntu kernel: [   24.186922] cfg80211: World regulatory domain updated:
Jan 20 21:51:13 willLaptopUbuntu kernel: [   24.186923] cfg80211:   (start_freq - end_freq @ bandwidth), (max_antenna_gain, max_eirp)
Jan 20 21:51:13 willLaptopUbuntu kernel: [   24.186924] cfg80211:   (2402000 KHz - 2472000 KHz @ 40000 KHz), (300 mBi, 2000 mBm)
Jan 20 21:51:13 willLaptopUbuntu kernel: [   24.186925] cfg80211:   (2457000 KHz - 2482000 KHz @ 40000 KHz), (300 mBi, 2000 mBm)
Jan 20 21:51:13 willLaptopUbuntu kernel: [   24.186926] cfg80211:   (2474000 KHz - 2494000 KHz @ 20000 KHz), (300 mBi, 2000 mBm)
Jan 20 21:51:13 willLaptopUbuntu kernel: [   24.186926] cfg80211:   (5170000 KHz - 5250000 KHz @ 40000 KHz), (300 mBi, 2000 mBm)
Jan 20 21:51:13 willLaptopUbuntu kernel: [   24.186927] cfg80211:   (5735000 KHz - 5835000 KHz @ 40000 KHz), (300 mBi, 2000 mBm)
Jan 20 21:51:13 willLaptopUbuntu kernel: [   24.549235] Console: switching to colour frame buffer device 170x48
Jan 20 21:51:13 willLaptopUbuntu kernel: [   24.551207] i915 0000:00:02.0: fb0: inteldrmfb frame buffer device
Jan 20 21:51:13 willLaptopUbuntu kernel: [   24.551208] i915 0000:00:02.0: registered panic notifier
Jan 20 21:51:13 willLaptopUbuntu kernel: [   24.553605] ACPI: Video Device [GFX0] (multi-head: yes  rom: no  post: no)
Jan 20 21:51:13 willLaptopUbuntu kernel: [   24.554479] acpi device:45: registered as cooling_device5
Jan 20 21:51:13 willLaptopUbuntu kernel: [   24.554690] input: Video Bus as /devices/LNXSYSTM:00/device:00/PNP0A08:00/LNXVIDEO:01/input/input14
Jan 20 21:51:13 willLaptopUbuntu kernel: [   24.554795] [drm] Initialized i915 1.6.0 20080730 for 0000:00:02.0 on minor 0
Jan 20 21:51:13 willLaptopUbuntu kernel: [   24.554976] snd_hda_intel 0000:00:1b.0: irq 46 for MSI/MSI-X
Jan 20 21:51:13 willLaptopUbuntu kernel: [   24.566578] SKU: Nid=0x1d sku_cfg=0x40079a2d
Jan 20 21:51:13 willLaptopUbuntu kernel: [   24.566581] SKU: port_connectivity=0x1
