Jan 11 18:02:27 willLaptopUbuntu kernel: [179320.607709] cfg80211: Calling CRDA to update world regulatory domain
Jan 11 18:02:27 willLaptopUbuntu kernel: [179320.666661] cfg80211: World regulatory domain updated:
Jan 11 18:02:27 willLaptopUbuntu kernel: [179320.666664] cfg80211:   (start_freq - end_freq @ bandwidth), (max_antenna_gain, max_eirp)
Jan 11 18:02:27 willLaptopUbuntu kernel: [179320.666666] cfg80211:   (2402000 KHz - 2472000 KHz @ 40000 KHz), (300 mBi, 2000 mBm)
Jan 11 18:02:27 willLaptopUbuntu kernel: [179320.666667] cfg80211:   (2457000 KHz - 2482000 KHz @ 40000 KHz), (300 mBi, 2000 mBm)
Jan 11 18:02:27 willLaptopUbuntu kernel: [179320.666668] cfg80211:   (2474000 KHz - 2494000 KHz @ 20000 KHz), (300 mBi, 2000 mBm)
Jan 11 18:02:27 willLaptopUbuntu kernel: [179320.666670] cfg80211:   (5170000 KHz - 5250000 KHz @ 40000 KHz), (300 mBi, 2000 mBm)
Jan 11 18:02:27 willLaptopUbuntu kernel: [179320.666671] cfg80211:   (5735000 KHz - 5835000 KHz @ 40000 KHz), (300 mBi, 2000 mBm)
Jan 11 18:02:28 willLaptopUbuntu kernel: [179321.690237] wlan0: authenticate with c4:04:15:41:4c:80
Jan 11 18:02:28 willLaptopUbuntu kernel: [179321.713156] wlan0: send auth to c4:04:15:41:4c:80 (try 1/3)
Jan 11 18:02:28 willLaptopUbuntu kernel: [179321.852165] wlan0: send auth to c4:04:15:41:4c:80 (try 2/3)
Jan 11 18:02:28 willLaptopUbuntu kernel: [179321.965912] wlan0: send auth to c4:04:15:41:4c:80 (try 3/3)
Jan 11 18:02:28 willLaptopUbuntu kernel: [179322.115450] wlan0: authentication with c4:04:15:41:4c:80 timed out
Jan 11 18:02:42 willLaptopUbuntu kernel: [179336.033435] IPv6: ADDRCONF(NETDEV_UP): wlan0: link is not ready
Jan 11 18:04:26 willLaptopUbuntu kernel: [179439.854123] wlan0: authenticate with c4:04:15:41:4c:80
Jan 11 18:04:26 willLaptopUbuntu kernel: [179439.871700] wlan0: send auth to c4:04:15:41:4c:80 (try 1/3)
Jan 11 18:04:26 willLaptopUbuntu kernel: [179439.874538] wlan0: authenticated
Jan 11 18:04:26 willLaptopUbuntu kernel: [179439.877501] wlan0: associate with c4:04:15:41:4c:80 (try 1/3)
Jan 11 18:04:26 willLaptopUbuntu kernel: [179439.881428] wlan0: RX AssocResp from c4:04:15:41:4c:80 (capab=0x411 status=0 aid=3)
Jan 11 18:04:26 willLaptopUbuntu kernel: [179439.881579] wlan0: associated
Jan 11 18:04:26 willLaptopUbuntu kernel: [179439.881706] IPv6: ADDRCONF(NETDEV_CHANGE): wlan0: link becomes ready
Jan 12 03:31:59 willLaptopUbuntu kernel: [213521.704290] cfg80211: Calling CRDA to update world regulatory domain
Jan 12 03:31:59 willLaptopUbuntu kernel: [213521.709878] cfg80211: World regulatory domain updated:
Jan 12 03:31:59 willLaptopUbuntu kernel: [213521.709882] cfg80211:   (start_freq - end_freq @ bandwidth), (max_antenna_gain, max_eirp)
Jan 12 03:31:59 willLaptopUbuntu kernel: [213521.709883] cfg80211:   (2402000 KHz - 2472000 KHz @ 40000 KHz), (300 mBi, 2000 mBm)
Jan 12 03:31:59 willLaptopUbuntu kernel: [213521.709885] cfg80211:   (2457000 KHz - 2482000 KHz @ 40000 KHz), (300 mBi, 2000 mBm)
Jan 12 03:31:59 willLaptopUbuntu kernel: [213521.709886] cfg80211:   (2474000 KHz - 2494000 KHz @ 20000 KHz), (300 mBi, 2000 mBm)
Jan 12 03:31:59 willLaptopUbuntu kernel: [213521.709887] cfg80211:   (5170000 KHz - 5250000 KHz @ 40000 KHz), (300 mBi, 2000 mBm)
Jan 12 03:31:59 willLaptopUbuntu kernel: [213521.709888] cfg80211:   (5735000 KHz - 5835000 KHz @ 40000 KHz), (300 mBi, 2000 mBm)
Jan 12 03:32:12 willLaptopUbuntu kernel: [213534.677417] wlan0: authenticate with c4:04:15:41:4c:80
Jan 12 03:32:12 willLaptopUbuntu kernel: [213534.698412] wlan0: send auth to c4:04:15:41:4c:80 (try 1/3)
Jan 12 03:32:12 willLaptopUbuntu kernel: [213534.700372] wlan0: authenticated
Jan 12 03:32:12 willLaptopUbuntu kernel: [213534.703165] wlan0: associate with c4:04:15:41:4c:80 (try 1/3)
Jan 12 03:32:12 willLaptopUbuntu kernel: [213534.707072] wlan0: RX AssocResp from c4:04:15:41:4c:80 (capab=0x411 status=0 aid=3)
Jan 12 03:32:12 willLaptopUbuntu kernel: [213534.707195] wlan0: associated
Jan 12 07:35:04 willLaptopUbuntu kernel: [228119.020942] type=1400 audit(1452602104.068:83): apparmor="STATUS" operation="profile_replace" profile="unconfined" name="/usr/lib/cups/backend/cups-pdf" pid=19670 comm="apparmor_parser"
Jan 12 07:35:04 willLaptopUbuntu kernel: [228119.020951] type=1400 audit(1452602104.068:84): apparmor="STATUS" operation="profile_replace" profile="unconfined" name="/usr/sbin/cupsd" pid=19670 comm="apparmor_parser"
Jan 12 07:35:04 willLaptopUbuntu kernel: [228119.021520] type=1400 audit(1452602104.068:85): apparmor="STATUS" operation="profile_replace" profile="unconfined" name="/usr/sbin/cupsd" pid=19670 comm="apparmor_parser"
Jan 12 15:03:06 willLaptopUbuntu kernel: [    0.000000] Initializing cgroup subsys cpuset
Jan 12 15:03:06 willLaptopUbuntu kernel: [    0.000000] Initializing cgroup subsys cpu
Jan 12 15:03:06 willLaptopUbuntu kernel: [    0.000000] Initializing cgroup subsys cpuacct
Jan 12 15:03:06 willLaptopUbuntu kernel: [    0.000000] Linux version 3.13.0-73-generic (buildd@lgw01-13) (gcc version 4.8.2 (Ubuntu 4.8.2-19ubuntu1) ) #116-Ubuntu SMP Fri Dec 4 15:31:30 UTC 2015 (Ubuntu 3.13.0-73.116-generic 3.13.11-ckt30)
Jan 12 15:03:06 willLaptopUbuntu kernel: [    0.000000] Command line: BOOT_IMAGE=/boot/vmlinuz-3.13.0-73-generic root=UUID=034061ad-a500-47e6-b5d8-6b60c3e88c54 ro quiet splash vt.handoff=7
Jan 12 15:03:06 willLaptopUbuntu kernel: [    0.000000] KERNEL supported cpus:
Jan 12 15:03:06 willLaptopUbuntu kernel: [    0.000000]   Intel GenuineIntel
Jan 12 15:03:06 willLaptopUbuntu kernel: [    0.000000]   AMD AuthenticAMD
Jan 12 15:03:06 willLaptopUbuntu kernel: [    0.000000]   Centaur CentaurHauls
Jan 12 15:03:06 willLaptopUbuntu kernel: [    0.000000] e820: BIOS-provided physical RAM map:
Jan 12 15:03:06 willLaptopUbuntu kernel: [    0.000000] BIOS-e820: [mem 0x0000000000000000-0x000000000009e7ff] usable
Jan 12 15:03:06 willLaptopUbuntu kernel: [    0.000000] BIOS-e820: [mem 0x000000000009e800-0x000000000009ffff] reserved
Jan 12 15:03:06 willLaptopUbuntu kernel: [    0.000000] BIOS-e820: [mem 0x00000000000e0000-0x00000000000fffff] reserved
Jan 12 15:03:06 willLaptopUbuntu kernel: [    0.000000] BIOS-e820: [mem 0x0000000000100000-0x000000001fffffff] usable
Jan 12 15:03:06 willLaptopUbuntu kernel: [    0.000000] BIOS-e820: [mem 0x0000000020000000-0x00000000201fffff] reserved
Jan 12 15:03:06 willLaptopUbuntu kernel: [    0.000000] BIOS-e820: [mem 0x0000000020200000-0x000000003fffffff] usable
Jan 12 15:03:06 willLaptopUbuntu kernel: [    0.000000] BIOS-e820: [mem 0x0000000040000000-0x00000000401fffff] reserved
Jan 12 15:03:06 willLaptopUbuntu kernel: [    0.000000] BIOS-e820: [mem 0x0000000040200000-0x00000000b2d20fff] usable
Jan 12 15:03:06 willLaptopUbuntu kernel: [    0.000000] BIOS-e820: [mem 0x00000000b2d21000-0x00000000b2d8dfff] reserved
Jan 12 15:03:06 willLaptopUbuntu kernel: [    0.000000] BIOS-e820: [mem 0x00000000b2d8e000-0x00000000b2d94fff] usable
Jan 12 15:03:06 willLaptopUbuntu kernel: [    0.000000] BIOS-e820: [mem 0x00000000b2d95000-0x00000000b2d95fff] reserved
Jan 12 15:03:06 willLaptopUbuntu kernel: [    0.000000] BIOS-e820: [mem 0x00000000b2d96000-0x00000000b2d96fff] usable
Jan 12 15:03:06 willLaptopUbuntu kernel: [    0.000000] BIOS-e820: [mem 0x00000000b2d97000-0x00000000b2db7fff] reserved
Jan 12 15:03:06 willLaptopUbuntu kernel: [    0.000000] BIOS-e820: [mem 0x00000000b2db8000-0x00000000b2dc5fff] usable
Jan 12 15:03:06 willLaptopUbuntu kernel: [    0.000000] BIOS-e820: [mem 0x00000000b2dc6000-0x00000000b2de7fff] reserved
Jan 12 15:03:06 willLaptopUbuntu kernel: [    0.000000] BIOS-e820: [mem 0x00000000b2de8000-0x00000000b2f35fff] usable
Jan 12 15:03:06 willLaptopUbuntu kernel: [    0.000000] BIOS-e820: [mem 0x00000000b2f36000-0x00000000b2fe7fff] ACPI NVS
Jan 12 15:03:06 willLaptopUbuntu kernel: [    0.000000] BIOS-e820: [mem 0x00000000b2fe8000-0x00000000b2ffcfff] usable
Jan 12 15:03:06 willLaptopUbuntu kernel: [    0.000000] BIOS-e820: [mem 0x00000000b2ffd000-0x00000000b2ffffff] ACPI data
Jan 12 15:03:06 willLaptopUbuntu kernel: [    0.000000] BIOS-e820: [mem 0x00000000b3000000-0x00000000bfffffff] reserved
Jan 12 15:03:06 willLaptopUbuntu kernel: [    0.000000] BIOS-e820: [mem 0x00000000e0000000-0x00000000e3ffffff] reserved
Jan 12 15:03:06 willLaptopUbuntu kernel: [    0.000000] BIOS-e820: [mem 0x00000000fec00000-0x00000000fec00fff] reserved
Jan 12 15:03:06 willLaptopUbuntu kernel: [    0.000000] BIOS-e820: [mem 0x00000000fed10000-0x00000000fed13fff] reserved
Jan 12 15:03:06 willLaptopUbuntu kernel: [    0.000000] BIOS-e820: [mem 0x00000000fed18000-0x00000000fed19fff] reserved
Jan 12 15:03:06 willLaptopUbuntu kernel: [    0.000000] BIOS-e820: [mem 0x00000000fed1c000-0x00000000fed1ffff] reserved
Jan 12 15:03:06 willLaptopUbuntu kernel: [    0.000000] BIOS-e820: [mem 0x00000000fee00000-0x00000000fee00fff] reserved
Jan 12 15:03:06 willLaptopUbuntu kernel: [    0.000000] BIOS-e820: [mem 0x00000000ff980000-0x00000000ffbfffff] reserved
Jan 12 15:03:06 willLaptopUbuntu kernel: [    0.000000] BIOS-e820: [mem 0x00000000ffd80000-0x00000000ffffffff] reserved
Jan 12 15:03:06 willLaptopUbuntu kernel: [    0.000000] BIOS-e820: [mem 0x0000000100000000-0x000000013f7fffff] usable
Jan 12 15:03:06 willLaptopUbuntu kernel: [    0.000000] NX (Execute Disable) protection: active
Jan 12 15:03:06 willLaptopUbuntu kernel: [    0.000000] SMBIOS 2.6 present.
Jan 12 15:03:06 willLaptopUbuntu kernel: [    0.000000] DMI: ASUSTeK Computer Inc. K53E/K53E, BIOS K53E.214 08/18/2011
Jan 12 15:03:06 willLaptopUbuntu kernel: [    0.000000] e820: update [mem 0x00000000-0x00000fff] usable ==> reserved
Jan 12 15:03:06 willLaptopUbuntu kernel: [    0.000000] e820: remove [mem 0x000a0000-0x000fffff] usable
Jan 12 15:03:06 willLaptopUbuntu kernel: [    0.000000] No AGP bridge found
Jan 12 15:03:06 willLaptopUbuntu kernel: [    0.000000] e820: last_pfn = 0x13f800 max_arch_pfn = 0x400000000
Jan 12 15:03:06 willLaptopUbuntu kernel: [    0.000000] MTRR default type: uncachable
Jan 12 15:03:06 willLaptopUbuntu kernel: [    0.000000] MTRR fixed ranges enabled:
Jan 12 15:03:06 willLaptopUbuntu kernel: [    0.000000]   00000-9FFFF write-back
Jan 12 15:03:06 willLaptopUbuntu kernel: [    0.000000]   A0000-BFFFF uncachable
Jan 12 15:03:06 willLaptopUbuntu kernel: [    0.000000]   C0000-CFFFF write-protect
Jan 12 15:03:06 willLaptopUbuntu kernel: [    0.000000]   D0000-E7FFF uncachable
Jan 12 15:03:06 willLaptopUbuntu kernel: [    0.000000]   E8000-FFFFF write-protect
Jan 12 15:03:06 willLaptopUbuntu kernel: [    0.000000] MTRR variable ranges enabled:
Jan 12 15:03:06 willLaptopUbuntu kernel: [    0.000000]   0 base 000000000 mask F80000000 write-back
Jan 12 15:03:06 willLaptopUbuntu kernel: [    0.000000]   1 base 080000000 mask FC0000000 write-back
Jan 12 15:03:06 willLaptopUbuntu kernel: [    0.000000]   2 base 0B8000000 mask FF8000000 uncachable
Jan 12 15:03:06 willLaptopUbuntu kernel: [    0.000000]   3 base 0B4000000 mask FFC000000 uncachable
Jan 12 15:03:06 willLaptopUbuntu kernel: [    0.000000]   4 base 0B3000000 mask FFF000000 uncachable
Jan 12 15:03:06 willLaptopUbuntu kernel: [    0.000000]   5 base 100000000 mask FC0000000 write-back
Jan 12 15:03:06 willLaptopUbuntu kernel: [    0.000000]   6 base 13F800000 mask FFF800000 uncachable
Jan 12 15:03:06 willLaptopUbuntu kernel: [    0.000000]   7 base 0FFC00000 mask FFFC00000 write-protect
Jan 12 15:03:06 willLaptopUbuntu kernel: [    0.000000]   8 disabled
Jan 12 15:03:06 willLaptopUbuntu kernel: [    0.000000]   9 disabled
Jan 12 15:03:06 willLaptopUbuntu kernel: [    0.000000] x86 PAT enabled: cpu 0, old 0x7040600070406, new 0x7010600070106
Jan 12 15:03:06 willLaptopUbuntu kernel: [    0.000000] e820: last_pfn = 0xb2ffd max_arch_pfn = 0x400000000
Jan 12 15:03:06 willLaptopUbuntu kernel: [    0.000000] found SMP MP-table at [mem 0x000fcbe0-0x000fcbef] mapped at [ffff8800000fcbe0]
Jan 12 15:03:06 willLaptopUbuntu kernel: [    0.000000] Scanning 1 areas for low memory corruption
Jan 12 15:03:06 willLaptopUbuntu kernel: [    0.000000] Base memory trampoline at [ffff880000098000] 98000 size 24576
Jan 12 15:03:06 willLaptopUbuntu kernel: [    0.000000] reserving inaccessible SNB gfx pages
Jan 12 15:03:06 willLaptopUbuntu kernel: [    0.000000] init_memory_mapping: [mem 0x00000000-0x000fffff]
Jan 12 15:03:06 willLaptopUbuntu kernel: [    0.000000]  [mem 0x00000000-0x000fffff] page 4k
Jan 12 15:03:06 willLaptopUbuntu kernel: [    0.000000] BRK [0x01fe2000, 0x01fe2fff] PGTABLE
Jan 12 15:03:06 willLaptopUbuntu kernel: [    0.000000] BRK [0x01fe3000, 0x01fe3fff] PGTABLE
Jan 12 15:03:06 willLaptopUbuntu kernel: [    0.000000] BRK [0x01fe4000, 0x01fe4fff] PGTABLE
Jan 12 15:03:06 willLaptopUbuntu kernel: [    0.000000] init_memory_mapping: [mem 0x13f600000-0x13f7fffff]
Jan 12 15:03:06 willLaptopUbuntu kernel: [    0.000000]  [mem 0x13f600000-0x13f7fffff] page 2M
Jan 12 15:03:06 willLaptopUbuntu kernel: [    0.000000] BRK [0x01fe5000, 0x01fe5fff] PGTABLE
Jan 12 15:03:06 willLaptopUbuntu kernel: [    0.000000] init_memory_mapping: [mem 0x13c000000-0x13f5fffff]
Jan 12 15:03:06 willLaptopUbuntu kernel: [    0.000000]  [mem 0x13c000000-0x13f5fffff] page 2M
Jan 12 15:03:06 willLaptopUbuntu kernel: [    0.000000] init_memory_mapping: [mem 0x100000000-0x13bffffff]
Jan 12 15:03:06 willLaptopUbuntu kernel: [    0.000000]  [mem 0x100000000-0x13bffffff] page 2M
Jan 12 15:03:06 willLaptopUbuntu kernel: [    0.000000] init_memory_mapping: [mem 0x00100000-0x1fffffff]
Jan 12 15:03:06 willLaptopUbuntu kernel: [    0.000000]  [mem 0x00100000-0x001fffff] page 4k
Jan 12 15:03:06 willLaptopUbuntu kernel: [    0.000000]  [mem 0x00200000-0x1fffffff] page 2M
Jan 12 15:03:06 willLaptopUbuntu kernel: [    0.000000] init_memory_mapping: [mem 0x20200000-0x3fffffff]
Jan 12 15:03:06 willLaptopUbuntu kernel: [    0.000000]  [mem 0x20200000-0x3fffffff] page 2M
Jan 12 15:03:06 willLaptopUbuntu kernel: [    0.000000] init_memory_mapping: [mem 0x40200000-0xb2d20fff]
Jan 12 15:03:06 willLaptopUbuntu kernel: [    0.000000]  [mem 0x40200000-0xb2bfffff] page 2M
Jan 12 15:03:06 willLaptopUbuntu kernel: [    0.000000]  [mem 0xb2c00000-0xb2d20fff] page 4k
Jan 12 15:03:06 willLaptopUbuntu kernel: [    0.000000] BRK [0x01fe6000, 0x01fe6fff] PGTABLE
Jan 12 15:03:06 willLaptopUbuntu kernel: [    0.000000] BRK [0x01fe7000, 0x01fe7fff] PGTABLE
Jan 12 15:03:06 willLaptopUbuntu kernel: [    0.000000] init_memory_mapping: [mem 0xb2d8e000-0xb2d94fff]
Jan 12 15:03:06 willLaptopUbuntu kernel: [    0.000000]  [mem 0xb2d8e000-0xb2d94fff] page 4k
Jan 12 15:03:06 willLaptopUbuntu kernel: [    0.000000] init_memory_mapping: [mem 0xb2d96000-0xb2d96fff]
Jan 12 15:03:06 willLaptopUbuntu kernel: [    0.000000]  [mem 0xb2d96000-0xb2d96fff] page 4k
Jan 12 15:03:06 willLaptopUbuntu kernel: [    0.000000] init_memory_mapping: [mem 0xb2db8000-0xb2dc5fff]
Jan 12 15:03:06 willLaptopUbuntu kernel: [    0.000000]  [mem 0xb2db8000-0xb2dc5fff] page 4k
Jan 12 15:03:06 willLaptopUbuntu kernel: [    0.000000] init_memory_mapping: [mem 0xb2de8000-0xb2f35fff]
Jan 12 15:03:06 willLaptopUbuntu kernel: [    0.000000]  [mem 0xb2de8000-0xb2f35fff] page 4k
Jan 12 15:03:06 willLaptopUbuntu kernel: [    0.000000] init_memory_mapping: [mem 0xb2fe8000-0xb2ffcfff]
Jan 12 15:03:06 willLaptopUbuntu kernel: [    0.000000]  [mem 0xb2fe8000-0xb2ffcfff] page 4k
Jan 12 15:03:06 willLaptopUbuntu kernel: [    0.000000] RAMDISK: [mem 0x35b52000-0x36da0fff]
Jan 12 15:03:06 willLaptopUbuntu kernel: [    0.000000] ACPI: RSDP 00000000000f0430 000024 (v02 _ASUS_)
Jan 12 15:03:06 willLaptopUbuntu kernel: [    0.000000] ACPI: XSDT 00000000b2ffee18 000074 (v01 _ASUS_ Notebook 06222004 MSFT 00010013)
Jan 12 15:03:06 willLaptopUbuntu kernel: [    0.000000] ACPI: FACP 00000000b2f9ad98 0000F4 (v04 _ASUS_ Notebook 06222004 MSFT 00010013)
Jan 12 15:03:06 willLaptopUbuntu kernel: [    0.000000] ACPI Warning: 32/64 FACS address mismatch in FADT - two FACS tables! (20131115/tbfadt-395)
Jan 12 15:03:06 willLaptopUbuntu kernel: [    0.000000] ACPI BIOS Warning (bug): 32/64X FACS address mismatch in FADT - 0xB2FE4E40/0x00000000B2FE4D40, using 32 (20131115/tbfadt-522)
Jan 12 15:03:06 willLaptopUbuntu kernel: [    0.000000] ACPI: DSDT 00000000b2f88018 0113EA (v01 _ASUS_ Notebook 00000000 INTL 20091112)
Jan 12 15:03:06 willLaptopUbuntu kernel: [    0.000000] ACPI: FACS 00000000b2fe4e40 000040
Jan 12 15:03:06 willLaptopUbuntu kernel: [    0.000000] ACPI: APIC 00000000b2ffdf18 0000CC (v02 _ASUS_ Notebook 06222004 MSFT 00010013)
Jan 12 15:03:06 willLaptopUbuntu kernel: [    0.000000] ACPI: DBGP 00000000b2ffff18 000034 (v01 _ASUS_ Notebook 06222004 MSFT 00010013)
Jan 12 15:03:06 willLaptopUbuntu kernel: [    0.000000] ACPI: ECDT 00000000b2fe4b18 0000C1 (v01 _ASUS_ Notebook 06222004 AMI. 00000003)
Jan 12 15:03:06 willLaptopUbuntu kernel: [    0.000000] ACPI: SLIC 00000000b2f9be18 000176 (v01 _ASUS_ Notebook 06222004 ASUS 00000001)
Jan 12 15:03:06 willLaptopUbuntu kernel: [    0.000000] ACPI: HPET 00000000b2fe5d18 000038 (v01 _ASUS_ Notebook 06222004 AMI. 00000003)
Jan 12 15:03:06 willLaptopUbuntu kernel: [    0.000000] ACPI: MCFG 00000000b2fe5c98 00003C (v01 _ASUS_ Notebook 06222004 MSFT 00000097)
Jan 12 15:03:06 willLaptopUbuntu kernel: [    0.000000] ACPI: SSDT 00000000b2f87018 00080B (v01  PmRef  Cpu0Ist 00003000 INTL 20091112)
Jan 12 15:03:06 willLaptopUbuntu kernel: [    0.000000] ACPI: SSDT 00000000b2f86018 000996 (v01  PmRef    CpuPm 00003000 INTL 20091112)
Jan 12 15:03:06 willLaptopUbuntu kernel: [    0.000000] ACPI: ASF! 00000000b2fe4a18 0000A0 (v32 INTEL       HCG 00000001 TFSM 000F4240)
Jan 12 15:03:06 willLaptopUbuntu kernel: [    0.000000] ACPI: Local APIC address 0xfee00000
Jan 12 15:03:06 willLaptopUbuntu kernel: [    0.000000] No NUMA configuration found
Jan 12 15:03:06 willLaptopUbuntu kernel: [    0.000000] Faking a node at [mem 0x0000000000000000-0x000000013f7fffff]
Jan 12 15:03:06 willLaptopUbuntu kernel: [    0.000000] Initmem setup node 0 [mem 0x00000000-0x13f7fffff]
Jan 12 15:03:06 willLaptopUbuntu kernel: [    0.000000]   NODE_DATA [mem 0x13f7f9000-0x13f7fdfff]
Jan 12 15:03:06 willLaptopUbuntu kernel: [    0.000000]  [ffffea0000000000-ffffea0004ffffff] PMD -> [ffff88013b000000-ffff88013edfffff] on node 0
Jan 12 15:03:06 willLaptopUbuntu kernel: [    0.000000] Zone ranges:
Jan 12 15:03:06 willLaptopUbuntu kernel: [    0.000000]   DMA      [mem 0x00001000-0x00ffffff]
Jan 12 15:03:06 willLaptopUbuntu kernel: [    0.000000]   DMA32    [mem 0x01000000-0xffffffff]
Jan 12 15:03:06 willLaptopUbuntu kernel: [    0.000000]   Normal   [mem 0x100000000-0x13f7fffff]
Jan 12 15:03:06 willLaptopUbuntu kernel: [    0.000000] Movable zone start for each node
Jan 12 15:03:06 willLaptopUbuntu kernel: [    0.000000] Early memory node ranges
Jan 12 15:03:06 willLaptopUbuntu kernel: [    0.000000]   node   0: [mem 0x00001000-0x0009dfff]
Jan 12 15:03:06 willLaptopUbuntu kernel: [    0.000000]   node   0: [mem 0x00100000-0x1fffffff]
Jan 12 15:03:06 willLaptopUbuntu kernel: [    0.000000]   node   0: [mem 0x20200000-0x3fffffff]
Jan 12 15:03:06 willLaptopUbuntu kernel: [    0.000000]   node   0: [mem 0x40200000-0xb2d20fff]
Jan 12 15:03:06 willLaptopUbuntu kernel: [    0.000000]   node   0: [mem 0xb2d8e000-0xb2d94fff]
Jan 12 15:03:06 willLaptopUbuntu kernel: [    0.000000]   node   0: [mem 0xb2d96000-0xb2d96fff]
Jan 12 15:03:06 willLaptopUbuntu kernel: [    0.000000]   node   0: [mem 0xb2db8000-0xb2dc5fff]
Jan 12 15:03:06 willLaptopUbuntu kernel: [    0.000000]   node   0: [mem 0xb2de8000-0xb2f35fff]
Jan 12 15:03:06 willLaptopUbuntu kernel: [    0.000000]   node   0: [mem 0xb2fe8000-0xb2ffcfff]
Jan 12 15:03:06 willLaptopUbuntu kernel: [    0.000000]   node   0: [mem 0x100000000-0x13f7fffff]
Jan 12 15:03:06 willLaptopUbuntu kernel: [    0.000000] On node 0 totalpages: 991799
Jan 12 15:03:06 willLaptopUbuntu kernel: [    0.000000]   DMA zone: 64 pages used for memmap
Jan 12 15:03:06 willLaptopUbuntu kernel: [    0.000000]   DMA zone: 157 pages reserved
Jan 12 15:03:06 willLaptopUbuntu kernel: [    0.000000]   DMA zone: 3997 pages, LIFO batch:0
Jan 12 15:03:06 willLaptopUbuntu kernel: [    0.000000]   DMA32 zone: 11371 pages used for memmap
Jan 12 15:03:06 willLaptopUbuntu kernel: [    0.000000]   DMA32 zone: 727706 pages, LIFO batch:31
Jan 12 15:03:06 willLaptopUbuntu kernel: [    0.000000]   Normal zone: 4064 pages used for memmap
Jan 12 15:03:06 willLaptopUbuntu kernel: [    0.000000]   Normal zone: 260096 pages, LIFO batch:31
Jan 12 15:03:06 willLaptopUbuntu kernel: [    0.000000] ACPI: PM-Timer IO Port: 0x408
Jan 12 15:03:06 willLaptopUbuntu kernel: [    0.000000] ACPI: Local APIC address 0xfee00000
Jan 12 15:03:06 willLaptopUbuntu kernel: [    0.000000] ACPI: LAPIC (acpi_id[0x01] lapic_id[0x00] enabled)
Jan 12 15:03:06 willLaptopUbuntu kernel: [    0.000000] ACPI: LAPIC (acpi_id[0x02] lapic_id[0x02] enabled)
Jan 12 15:03:06 willLaptopUbuntu kernel: [    0.000000] ACPI: LAPIC (acpi_id[0x03] lapic_id[0x01] enabled)
Jan 12 15:03:06 willLaptopUbuntu kernel: [    0.000000] ACPI: LAPIC (acpi_id[0x04] lapic_id[0x03] enabled)
Jan 12 15:03:06 willLaptopUbuntu kernel: [    0.000000] ACPI: LAPIC (acpi_id[0x05] lapic_id[0x04] disabled)
Jan 12 15:03:06 willLaptopUbuntu kernel: [    0.000000] ACPI: LAPIC (acpi_id[0x06] lapic_id[0x05] disabled)
Jan 12 15:03:06 willLaptopUbuntu kernel: [    0.000000] ACPI: LAPIC (acpi_id[0x07] lapic_id[0x06] disabled)
Jan 12 15:03:06 willLaptopUbuntu kernel: [    0.000000] ACPI: LAPIC (acpi_id[0x08] lapic_id[0x07] disabled)
Jan 12 15:03:06 willLaptopUbuntu kernel: [    0.000000] ACPI: LAPIC (acpi_id[0x09] lapic_id[0x08] disabled)
Jan 12 15:03:06 willLaptopUbuntu kernel: [    0.000000] ACPI: LAPIC (acpi_id[0x0a] lapic_id[0x09] disabled)
Jan 12 15:03:06 willLaptopUbuntu kernel: [    0.000000] ACPI: LAPIC (acpi_id[0x0b] lapic_id[0x0a] disabled)
Jan 12 15:03:06 willLaptopUbuntu kernel: [    0.000000] ACPI: LAPIC (acpi_id[0x0c] lapic_id[0x0b] disabled)
Jan 12 15:03:06 willLaptopUbuntu kernel: [    0.000000] ACPI: LAPIC (acpi_id[0x0d] lapic_id[0x0c] disabled)
Jan 12 15:03:06 willLaptopUbuntu kernel: [    0.000000] ACPI: LAPIC (acpi_id[0x0e] lapic_id[0x0d] disabled)
Jan 12 15:03:06 willLaptopUbuntu kernel: [    0.000000] ACPI: LAPIC (acpi_id[0x0f] lapic_id[0x0e] disabled)
Jan 12 15:03:06 willLaptopUbuntu kernel: [    0.000000] ACPI: LAPIC (acpi_id[0x10] lapic_id[0x0f] disabled)
Jan 12 15:03:06 willLaptopUbuntu kernel: [    0.000000] ACPI: IOAPIC (id[0x02] address[0xfec00000] gsi_base[0])
Jan 12 15:03:06 willLaptopUbuntu kernel: [    0.000000] IOAPIC[0]: apic_id 2, version 32, address 0xfec00000, GSI 0-23
Jan 12 15:03:06 willLaptopUbuntu kernel: [    0.000000] ACPI: INT_SRC_OVR (bus 0 bus_irq 0 global_irq 2 dfl dfl)
Jan 12 15:03:06 willLaptopUbuntu kernel: [    0.000000] ACPI: INT_SRC_OVR (bus 0 bus_irq 9 global_irq 9 high level)
Jan 12 15:03:06 willLaptopUbuntu kernel: [    0.000000] ACPI: IRQ0 used by override.
Jan 12 15:03:06 willLaptopUbuntu kernel: [    0.000000] ACPI: IRQ2 used by override.
Jan 12 15:03:06 willLaptopUbuntu kernel: [    0.000000] ACPI: IRQ9 used by override.
Jan 12 15:03:06 willLaptopUbuntu kernel: [    0.000000] Using ACPI (MADT) for SMP configuration information
Jan 12 15:03:06 willLaptopUbuntu kernel: [    0.000000] ACPI: HPET id: 0x8086a701 base: 0xfed00000
Jan 12 15:03:06 willLaptopUbuntu kernel: [    0.000000] smpboot: Allowing 16 CPUs, 12 hotplug CPUs
Jan 12 15:03:06 willLaptopUbuntu kernel: [    0.000000] nr_irqs_gsi: 40
Jan 12 15:03:06 willLaptopUbuntu kernel: [    0.000000] PM: Registered nosave memory: [mem 0x0009e000-0x0009efff]
Jan 12 15:03:06 willLaptopUbuntu kernel: [    0.000000] PM: Registered nosave memory: [mem 0x0009f000-0x0009ffff]
Jan 12 15:03:06 willLaptopUbuntu kernel: [    0.000000] PM: Registered nosave memory: [mem 0x000a0000-0x000dffff]
Jan 12 15:03:06 willLaptopUbuntu kernel: [    0.000000] PM: Registered nosave memory: [mem 0x000e0000-0x000fffff]
Jan 12 15:03:06 willLaptopUbuntu kernel: [    0.000000] PM: Registered nosave memory: [mem 0x20000000-0x201fffff]
Jan 12 15:03:06 willLaptopUbuntu kernel: [    0.000000] PM: Registered nosave memory: [mem 0x40000000-0x401fffff]
Jan 12 15:03:06 willLaptopUbuntu kernel: [    0.000000] PM: Registered nosave memory: [mem 0xb2d21000-0xb2d8dfff]
Jan 12 15:03:06 willLaptopUbuntu kernel: [    0.000000] PM: Registered nosave memory: [mem 0xb2d95000-0xb2d95fff]
Jan 12 15:03:06 willLaptopUbuntu kernel: [    0.000000] PM: Registered nosave memory: [mem 0xb2d97000-0xb2db7fff]
Jan 12 15:03:06 willLaptopUbuntu kernel: [    0.000000] PM: Registered nosave memory: [mem 0xb2dc6000-0xb2de7fff]
Jan 12 15:03:06 willLaptopUbuntu kernel: [    0.000000] PM: Registered nosave memory: [mem 0xb2f36000-0xb2fe7fff]
Jan 12 15:03:06 willLaptopUbuntu kernel: [    0.000000] PM: Registered nosave memory: [mem 0xb2ffd000-0xb2ffffff]
Jan 12 15:03:06 willLaptopUbuntu kernel: [    0.000000] PM: Registered nosave memory: [mem 0xb3000000-0xbfffffff]
Jan 12 15:03:06 willLaptopUbuntu kernel: [    0.000000] PM: Registered nosave memory: [mem 0xc0000000-0xdfffffff]
Jan 12 15:03:06 willLaptopUbuntu kernel: [    0.000000] PM: Registered nosave memory: [mem 0xe0000000-0xe3ffffff]
Jan 12 15:03:06 willLaptopUbuntu kernel: [    0.000000] PM: Registered nosave memory: [mem 0xe4000000-0xfebfffff]
Jan 12 15:03:06 willLaptopUbuntu kernel: [    0.000000] PM: Registered nosave memory: [mem 0xfec00000-0xfec00fff]
Jan 12 15:03:06 willLaptopUbuntu kernel: [    0.000000] PM: Registered nosave memory: [mem 0xfec01000-0xfed0ffff]
Jan 12 15:03:06 willLaptopUbuntu kernel: [    0.000000] PM: Registered nosave memory: [mem 0xfed10000-0xfed13fff]
Jan 12 15:03:06 willLaptopUbuntu kernel: [    0.000000] PM: Registered nosave memory: [mem 0xfed14000-0xfed17fff]
Jan 12 15:03:06 willLaptopUbuntu kernel: [    0.000000] PM: Registered nosave memory: [mem 0xfed18000-0xfed19fff]
Jan 12 15:03:06 willLaptopUbuntu kernel: [    0.000000] PM: Registered nosave memory: [mem 0xfed1a000-0xfed1bfff]
Jan 12 15:03:06 willLaptopUbuntu kernel: [    0.000000] PM: Registered nosave memory: [mem 0xfed1c000-0xfed1ffff]
Jan 12 15:03:06 willLaptopUbuntu kernel: [    0.000000] PM: Registered nosave memory: [mem 0xfed20000-0xfedfffff]
Jan 12 15:03:06 willLaptopUbuntu kernel: [    0.000000] PM: Registered nosave memory: [mem 0xfee00000-0xfee00fff]
Jan 12 15:03:06 willLaptopUbuntu kernel: [    0.000000] PM: Registered nosave memory: [mem 0xfee01000-0xff97ffff]
Jan 12 15:03:06 willLaptopUbuntu kernel: [    0.000000] PM: Registered nosave memory: [mem 0xff980000-0xffbfffff]
Jan 12 15:03:06 willLaptopUbuntu kernel: [    0.000000] PM: Registered nosave memory: [mem 0xffc00000-0xffd7ffff]
Jan 12 15:03:06 willLaptopUbuntu kernel: [    0.000000] PM: Registered nosave memory: [mem 0xffd80000-0xffffffff]
Jan 12 15:03:06 willLaptopUbuntu kernel: [    0.000000] e820: [mem 0xc0000000-0xdfffffff] available for PCI devices
Jan 12 15:03:06 willLaptopUbuntu kernel: [    0.000000] Booting paravirtualized kernel on bare hardware
Jan 12 15:03:06 willLaptopUbuntu kernel: [    0.000000] setup_percpu: NR_CPUS:256 nr_cpumask_bits:256 nr_cpu_ids:16 nr_node_ids:1
Jan 12 15:03:06 willLaptopUbuntu kernel: [    0.000000] PERCPU: Embedded 27 pages/cpu @ffff88013f400000 s81536 r8192 d20864 u131072
Jan 12 15:03:06 willLaptopUbuntu kernel: [    0.000000] pcpu-alloc: s81536 r8192 d20864 u131072 alloc=1*2097152
Jan 12 15:03:06 willLaptopUbuntu kernel: [    0.000000] pcpu-alloc: [0] 00 01 02 03 04 05 06 07 08 09 10 11 12 13 14 15
Jan 12 15:03:06 willLaptopUbuntu kernel: [    0.000000] Built 1 zonelists in Node order, mobility grouping on.  Total pages: 976143
Jan 12 15:03:06 willLaptopUbuntu kernel: [    0.000000] Policy zone: Normal
Jan 12 15:03:06 willLaptopUbuntu kernel: [    0.000000] Kernel command line: BOOT_IMAGE=/boot/vmlinuz-3.13.0-73-generic root=UUID=034061ad-a500-47e6-b5d8-6b60c3e88c54 ro quiet splash vt.handoff=7
Jan 12 15:03:06 willLaptopUbuntu kernel: [    0.000000] PID hash table entries: 4096 (order: 3, 32768 bytes)
Jan 12 15:03:06 willLaptopUbuntu kernel: [    0.000000] xsave: enabled xstate_bv 0x7, cntxt size 0x340
Jan 12 15:03:06 willLaptopUbuntu kernel: [    0.000000] Checking aperture...
Jan 12 15:03:06 willLaptopUbuntu kernel: [    0.000000] No AGP bridge found
Jan 12 15:03:06 willLaptopUbuntu kernel: [    0.000000] Calgary: detecting Calgary via BIOS EBDA area
Jan 12 15:03:06 willLaptopUbuntu kernel: [    0.000000] Calgary: Unable to locate Rio Grande table in EBDA - bailing!
Jan 12 15:03:06 willLaptopUbuntu kernel: [    0.000000] Memory: 3799980K/3967196K available (7399K kernel code, 1146K rwdata, 3416K rodata, 1336K init, 1448K bss, 167216K reserved)
Jan 12 15:03:06 willLaptopUbuntu kernel: [    0.000000] SLUB: HWalign=64, Order=0-3, MinObjects=0, CPUs=16, Nodes=1
Jan 12 15:03:06 willLaptopUbuntu kernel: [    0.000000] Hierarchical RCU implementation.
Jan 12 15:03:06 willLaptopUbuntu kernel: [    0.000000] 	RCU dyntick-idle grace-period acceleration is enabled.
Jan 12 15:03:06 willLaptopUbuntu kernel: [    0.000000] 	RCU restricting CPUs from NR_CPUS=256 to nr_cpu_ids=16.
Jan 12 15:03:06 willLaptopUbuntu kernel: [    0.000000] 	Offload RCU callbacks from all CPUs
Jan 12 15:03:06 willLaptopUbuntu kernel: [    0.000000] 	Offload RCU callbacks from CPUs: 0-15.
Jan 12 15:03:06 willLaptopUbuntu kernel: [    0.000000] NR_IRQS:16640 nr_irqs:808 16
Jan 12 15:03:06 willLaptopUbuntu kernel: [    0.000000] Console: colour dummy device 80x25
Jan 12 15:03:06 willLaptopUbuntu kernel: [    0.000000] console [tty0] enabled
Jan 12 15:03:06 willLaptopUbuntu kernel: [    0.000000] allocated 16252928 bytes of page_cgroup
Jan 12 15:03:06 willLaptopUbuntu kernel: [    0.000000] please try 'cgroup_disable=memory' option if you don't want memory cgroups
Jan 12 15:03:06 willLaptopUbuntu kernel: [    0.000000] hpet clockevent registered
Jan 12 15:03:06 willLaptopUbuntu kernel: [    0.000000] tsc: Fast TSC calibration using PIT
Jan 12 15:03:06 willLaptopUbuntu kernel: [    0.004000] tsc: Detected 2394.578 MHz processor
Jan 12 15:03:06 willLaptopUbuntu kernel: [    0.000003] Calibrating delay loop (skipped), value calculated using timer frequency.. 4789.15 BogoMIPS (lpj=9578312)
Jan 12 15:03:06 willLaptopUbuntu kernel: [    0.000006] pid_max: default: 32768 minimum: 301
Jan 12 15:03:06 willLaptopUbuntu kernel: [    0.000035] Security Framework initialized
Jan 12 15:03:06 willLaptopUbuntu kernel: [    0.000054] AppArmor: AppArmor initialized
Jan 12 15:03:06 willLaptopUbuntu kernel: [    0.000056] Yama: becoming mindful.
Jan 12 15:03:06 willLaptopUbuntu kernel: [    0.000361] Dentry cache hash table entries: 524288 (order: 10, 4194304 bytes)
Jan 12 15:03:06 willLaptopUbuntu kernel: [    0.001386] Inode-cache hash table entries: 262144 (order: 9, 2097152 bytes)
Jan 12 15:03:06 willLaptopUbuntu kernel: [    0.001835] Mount-cache hash table entries: 8192 (order: 4, 65536 bytes)
Jan 12 15:03:06 willLaptopUbuntu kernel: [    0.001842] Mountpoint-cache hash table entries: 8192 (order: 4, 65536 bytes)
Jan 12 15:03:06 willLaptopUbuntu kernel: [    0.002052] Initializing cgroup subsys memory
Jan 12 15:03:06 willLaptopUbuntu kernel: [    0.002059] Initializing cgroup subsys devices
Jan 12 15:03:06 willLaptopUbuntu kernel: [    0.002061] Initializing cgroup subsys freezer
Jan 12 15:03:06 willLaptopUbuntu kernel: [    0.002063] Initializing cgroup subsys blkio
Jan 12 15:03:06 willLaptopUbuntu kernel: [    0.002064] Initializing cgroup subsys perf_event
Jan 12 15:03:06 willLaptopUbuntu kernel: [    0.002066] Initializing cgroup subsys hugetlb
Jan 12 15:03:06 willLaptopUbuntu kernel: [    0.002088] CPU: Physical Processor ID: 0
Jan 12 15:03:06 willLaptopUbuntu kernel: [    0.002089] CPU: Processor Core ID: 0
Jan 12 15:03:06 willLaptopUbuntu kernel: [    0.002094] ENERGY_PERF_BIAS: Set to 'normal', was 'performance'
Jan 12 15:03:06 willLaptopUbuntu kernel: [    0.002094] ENERGY_PERF_BIAS: View and update with x86_energy_perf_policy(8)
Jan 12 15:03:06 willLaptopUbuntu kernel: [    0.002096] mce: CPU supports 7 MCE banks
Jan 12 15:03:06 willLaptopUbuntu kernel: [    0.002108] CPU0: Thermal monitoring enabled (TM1)
Jan 12 15:03:06 willLaptopUbuntu kernel: [    0.002114] process: using mwait in idle threads
Jan 12 15:03:06 willLaptopUbuntu kernel: [    0.002118] Last level iTLB entries: 4KB 512, 2MB 0, 4MB 0
Jan 12 15:03:06 willLaptopUbuntu kernel: [    0.002118] Last level dTLB entries: 4KB 512, 2MB 32, 4MB 32
Jan 12 15:03:06 willLaptopUbuntu kernel: [    0.002118] tlb_flushall_shift: 5
Jan 12 15:03:06 willLaptopUbuntu kernel: [    0.002244] Freeing SMP alternatives memory: 32K (ffffffff81e6e000 - ffffffff81e76000)
Jan 12 15:03:06 willLaptopUbuntu kernel: [    0.003734] ACPI: Core revision 20131115
Jan 12 15:03:06 willLaptopUbuntu kernel: [    0.011050] ACPI: All ACPI Tables successfully acquired
Jan 12 15:03:06 willLaptopUbuntu kernel: [    0.257411] ftrace: allocating 28598 entries in 112 pages
Jan 12 15:03:06 willLaptopUbuntu kernel: [    0.271908] Switched APIC routing to physical flat.
Jan 12 15:03:06 willLaptopUbuntu kernel: [    0.272328] ..TIMER: vector=0x30 apic1=0 pin1=2 apic2=-1 pin2=-1
Jan 12 15:03:06 willLaptopUbuntu kernel: [    0.312045] smpboot: CPU0: Intel(R) Core(TM) i5-2430M CPU @ 2.40GHz (fam: 06, model: 2a, stepping: 07)
Jan 12 15:03:06 willLaptopUbuntu kernel: [    0.312054] TSC deadline timer enabled
Jan 12 15:03:06 willLaptopUbuntu kernel: [    0.312065] Performance Events: PEBS fmt1+, 16-deep LBR, SandyBridge events, full-width counters, Intel PMU driver.
Jan 12 15:03:06 willLaptopUbuntu kernel: [    0.312072] perf_event_intel: PEBS disabled due to CPU errata, please upgrade microcode
Jan 12 15:03:06 willLaptopUbuntu kernel: [    0.312074] ... version:                3
Jan 12 15:03:06 willLaptopUbuntu kernel: [    0.312075] ... bit width:              48
Jan 12 15:03:06 willLaptopUbuntu kernel: [    0.312076] ... generic registers:      4
Jan 12 15:03:06 willLaptopUbuntu kernel: [    0.312077] ... value mask:             0000ffffffffffff
Jan 12 15:03:06 willLaptopUbuntu kernel: [    0.312078] ... max period:             0000ffffffffffff
Jan 12 15:03:06 willLaptopUbuntu kernel: [    0.312079] ... fixed-purpose events:   3
Jan 12 15:03:06 willLaptopUbuntu kernel: [    0.312080] ... event mask:             000000070000000f
Jan 12 15:03:06 willLaptopUbuntu kernel: [    0.313881] x86: Booting SMP configuration:
Jan 12 15:03:06 willLaptopUbuntu kernel: [    0.327066] NMI watchdog: enabled on all CPUs, permanently consumes one hw-PMU counter.
Jan 12 15:03:06 willLaptopUbuntu kernel: [    0.313883] .... node  #0, CPUs:        #1  #2  #3
Jan 12 15:03:06 willLaptopUbuntu kernel: [    0.353569] x86: Booted up 1 node, 4 CPUs
Jan 12 15:03:06 willLaptopUbuntu kernel: [    0.353573] smpboot: Total of 4 processors activated (19156.62 BogoMIPS)
Jan 12 15:03:06 willLaptopUbuntu kernel: [    0.356843] devtmpfs: initialized
Jan 12 15:03:06 willLaptopUbuntu kernel: [    0.360010] EVM: security.selinux
Jan 12 15:03:06 willLaptopUbuntu kernel: [    0.360011] EVM: security.SMACK64
Jan 12 15:03:06 willLaptopUbuntu kernel: [    0.360012] EVM: security.ima
Jan 12 15:03:06 willLaptopUbuntu kernel: [    0.360013] EVM: security.capability
Jan 12 15:03:06 willLaptopUbuntu kernel: [    0.360055] PM: Registering ACPI NVS region [mem 0xb2f36000-0xb2fe7fff] (729088 bytes)
Jan 12 15:03:06 willLaptopUbuntu kernel: [    0.360861] pinctrl core: initialized pinctrl subsystem
Jan 12 15:03:06 willLaptopUbuntu kernel: [    0.360916] regulator-dummy: no parameters
Jan 12 15:03:06 willLaptopUbuntu kernel: [    0.360946] RTC time: 15:02:39, date: 01/12/16
Jan 12 15:03:06 willLaptopUbuntu kernel: [    0.360981] NET: Registered protocol family 16
Jan 12 15:03:06 willLaptopUbuntu kernel: [    0.361076] cpuidle: using governor ladder
Jan 12 15:03:06 willLaptopUbuntu kernel: [    0.361078] cpuidle: using governor menu
Jan 12 15:03:06 willLaptopUbuntu kernel: [    0.361111] ACPI FADT declares the system doesn't support PCIe ASPM, so disable it
Jan 12 15:03:06 willLaptopUbuntu kernel: [    0.361112] ACPI: bus type PCI registered
Jan 12 15:03:06 willLaptopUbuntu kernel: [    0.361114] acpiphp: ACPI Hot Plug PCI Controller Driver version: 0.5
Jan 12 15:03:06 willLaptopUbuntu kernel: [    0.361173] PCI: MMCONFIG for domain 0000 [bus 00-3f] at [mem 0xe0000000-0xe3ffffff] (base 0xe0000000)
Jan 12 15:03:06 willLaptopUbuntu kernel: [    0.361175] PCI: MMCONFIG at [mem 0xe0000000-0xe3ffffff] reserved in E820
Jan 12 15:03:06 willLaptopUbuntu kernel: [    0.368852] PCI: Using configuration type 1 for base access
Jan 12 15:03:06 willLaptopUbuntu kernel: [    0.368990] mtrr: your CPUs had inconsistent variable MTRR settings
Jan 12 15:03:06 willLaptopUbuntu kernel: [    0.368991] mtrr: probably your BIOS does not setup all CPUs.
Jan 12 15:03:06 willLaptopUbuntu kernel: [    0.368992] mtrr: corrected configuration.
Jan 12 15:03:06 willLaptopUbuntu kernel: [    0.369719] bio: create slab <bio-0> at 0
Jan 12 15:03:06 willLaptopUbuntu kernel: [    0.369859] ACPI: Added _OSI(Module Device)
Jan 12 15:03:06 willLaptopUbuntu kernel: [    0.369861] ACPI: Added _OSI(Processor Device)
Jan 12 15:03:06 willLaptopUbuntu kernel: [    0.369862] ACPI: Added _OSI(3.0 _SCP Extensions)
Jan 12 15:03:06 willLaptopUbuntu kernel: [    0.369863] ACPI: Added _OSI(Processor Aggregator Device)
Jan 12 15:03:06 willLaptopUbuntu kernel: [    0.371812] ACPI : EC: EC description table is found, configuring boot EC
